Drivers/CMSIS/core_cm3.h:1512:22:__NVIC_EnableIRQ	16	static
Core/Src/stm32f103xx_CMSIS.c:38:6:CMSIS_Debug_init	4	static
Core/Src/stm32f103xx_CMSIS.c:96:6:CMSIS_RCC_SystemClock_72MHz	4	static
Core/Src/stm32f103xx_CMSIS.c:460:6:CMSIS_SysTick_Timer_init	4	static
Core/Src/stm32f103xx_CMSIS.c:560:6:Delay_ms	16	static
Core/Src/stm32f103xx_CMSIS.c:572:13:SysTick_Handler	4	static
Core/Src/stm32f103xx_CMSIS.c:671:6:CMSIS_PC13_OUTPUT_Push_Pull_init	4	static
Core/Src/stm32f103xx_CMSIS.c:678:13:CMSIS_GPIO_MODE_Set	24	static
Core/Src/stm32f103xx_CMSIS.c:694:13:CMSIS_GPIO_SPEED_Set	24	static
Core/Src/stm32f103xx_CMSIS.c:714:13:CMSIS_GPIO_CNF_Set	24	static
Core/Src/stm32f103xx_CMSIS.c:725:13:CMSIS_GPIO_Reg_Set	24	static
Core/Src/stm32f103xx_CMSIS.c:789:6:CMSIS_GPIO_init	32	static
Core/Src/stm32f103xx_CMSIS.c:820:6:CMSIS_Blink_PC13	16	static
Core/Src/stm32f103xx_CMSIS.c:834:6:CMSIS_PA8_MCO_init	4	static
Core/Src/stm32f103xx_CMSIS.c:875:6:CMSIS_RCC_AFIO_enable	4	static
Core/Src/stm32f103xx_CMSIS.c:896:6:CMSIS_AFIO_EXTICR1_B0_select	4	static
Core/Src/stm32f103xx_CMSIS.c:906:6:CMSIS_PB0_INPUT_Pull_Down_init	4	static
Core/Src/stm32f103xx_CMSIS.c:923:6:CMSIS_EXTI_0_init	8	static
Core/Src/stm32f103xx_CMSIS.c:1003:13:EXTI0_IRQHandler	4	static
Core/Src/stm32f103xx_CMSIS.c:1074:6:CMSIS_TIM3_init	8	static
Core/Src/stm32f103xx_CMSIS.c:1106:6:CMSIS_TIM4_init	8	static
Core/Src/stm32f103xx_CMSIS.c:1144:6:CMSIS_TIM3_init_Gated_Mode	8	static
Core/Src/stm32f103xx_CMSIS.c:1192:6:CMSIS_TIM3_PWM_CHANNEL1_init	4	static
Core/Src/stm32f103xx_CMSIS.c:1213:6:CMSIS_TIM3_PWM_CHANNEL2_init	4	static
Core/Src/stm32f103xx_CMSIS.c:1234:13:TIM3_IRQHandler	4	static
Core/Src/stm32f103xx_CMSIS.c:1240:13:TIM4_IRQHandler	4	static
Core/Src/stm32f103xx_CMSIS.c:1246:6:CMSIS_TIM1_init	8	static
Core/Src/stm32f103xx_CMSIS.c:1279:6:CMSIS_TIM1_PWM_CHANNEL1_init	4	static
Core/Src/stm32f103xx_CMSIS.c:1300:6:CMSIS_TIM1_PWM_CHANNEL2_init	4	static
Core/Src/stm32f103xx_CMSIS.c:1321:13:TIM1_UP_IRQHandler	4	static
Core/Src/stm32f103xx_CMSIS.c:1435:6:CMSIS_ADC_DMA_init	8	static
Core/Src/stm32f103xx_CMSIS.c:1543:13:ADC1_2_IRQHandler	4	static
Core/Src/stm32f103xx_CMSIS.c:1552:13:DMA1_Channel1_IRQHandler	4	static
Core/Src/stm32f103xx_CMSIS.c:1701:6:CMSIS_USART1_Init	8	static
Core/Src/stm32f103xx_CMSIS.c:1774:6:CMSIS_USART2_Init	8	static
Core/Src/stm32f103xx_CMSIS.c:1847:13:USART1_IRQHandler	4	static
Core/Src/stm32f103xx_CMSIS.c:1861:13:USART2_IRQHandler	4	static
Core/Src/stm32f103xx_CMSIS.c:1884:6:CMSIS_USART_Transmit	32	static
Core/Src/stm32f103xx_CMSIS.c:1949:6:CMSIS_I2C_Reset	16	static
Core/Src/stm32f103xx_CMSIS.c:1968:6:CMSIS_I2C_Init	16	static
Core/Src/stm32f103xx_CMSIS.c:2056:6:CMSIS_I2C_Adress_Device_Scan	24	static
Core/Src/stm32f103xx_CMSIS.c:2132:6:CMSIS_I2C_Data_Transmit	24	static
Core/Src/stm32f103xx_CMSIS.c:2233:6:CMSIS_I2C_Data_Receive	32	static
Core/Src/stm32f103xx_CMSIS.c:2343:6:CMSIS_I2C_MemWrite	24	static
Core/Src/stm32f103xx_CMSIS.c:2457:6:CMSIS_I2C_MemRead	24	static
Core/Src/stm32f103xx_CMSIS.c:2648:6:CMSIS_SPI1_init	4	static
Core/Src/stm32f103xx_CMSIS.c:2734:6:CMSIS_SPI_Data_Transmit_8BIT	32	static
Core/Src/stm32f103xx_CMSIS.c:2784:6:CMSIS_SPI_Data_Transmit_16BIT	32	static
Core/Src/stm32f103xx_CMSIS.c:2834:6:CMSIS_SPI_Data_Receive_8BIT	32	static
Core/Src/stm32f103xx_CMSIS.c:2881:6:CMSIS_SPI_Data_Receive_16BIT	32	static
Core/Src/stm32f103xx_CMSIS.c:2951:6:FLASH_Unlock	4	static
Core/Src/stm32f103xx_CMSIS.c:2964:6:FLASH_Lock	4	static
Core/Src/stm32f103xx_CMSIS.c:2976:6:FLASH_Page_erase	16	static
Core/Src/stm32f103xx_CMSIS.c:3000:6:FLASH_Page_write	32	static
Core/Src/stm32f103xx_CMSIS.c:3048:6:FLASH_Read_data	32	static
