Archive member included to satisfy reference by file (symbol)

c:/dev_tools/ch32_tools/risc-v_embedded_gcc12/bin/../lib/gcc/riscv-none-elf/12.2.0/../../../../riscv-none-elf/lib/rv32imac_xw/ilp32\libc_nano.a(lib_a-puts.o)
                              Debug/main.o (puts)
c:/dev_tools/ch32_tools/risc-v_embedded_gcc12/bin/../lib/gcc/riscv-none-elf/12.2.0/../../../../riscv-none-elf/lib/rv32imac_xw/ilp32\libc_nano.a(lib_a-wbuf.o)
                              c:/dev_tools/ch32_tools/risc-v_embedded_gcc12/bin/../lib/gcc/riscv-none-elf/12.2.0/../../../../riscv-none-elf/lib/rv32imac_xw/ilp32\libc_nano.a(lib_a-puts.o) (__swbuf_r)
c:/dev_tools/ch32_tools/risc-v_embedded_gcc12/bin/../lib/gcc/riscv-none-elf/12.2.0/../../../../riscv-none-elf/lib/rv32imac_xw/ilp32\libc_nano.a(lib_a-wsetup.o)
                              c:/dev_tools/ch32_tools/risc-v_embedded_gcc12/bin/../lib/gcc/riscv-none-elf/12.2.0/../../../../riscv-none-elf/lib/rv32imac_xw/ilp32\libc_nano.a(lib_a-puts.o) (__swsetup_r)
c:/dev_tools/ch32_tools/risc-v_embedded_gcc12/bin/../lib/gcc/riscv-none-elf/12.2.0/../../../../riscv-none-elf/lib/rv32imac_xw/ilp32\libc_nano.a(lib_a-fflush.o)
                              c:/dev_tools/ch32_tools/risc-v_embedded_gcc12/bin/../lib/gcc/riscv-none-elf/12.2.0/../../../../riscv-none-elf/lib/rv32imac_xw/ilp32\libc_nano.a(lib_a-wbuf.o) (_fflush_r)
c:/dev_tools/ch32_tools/risc-v_embedded_gcc12/bin/../lib/gcc/riscv-none-elf/12.2.0/../../../../riscv-none-elf/lib/rv32imac_xw/ilp32\libc_nano.a(lib_a-findfp.o)
                              c:/dev_tools/ch32_tools/risc-v_embedded_gcc12/bin/../lib/gcc/riscv-none-elf/12.2.0/../../../../riscv-none-elf/lib/rv32imac_xw/ilp32\libc_nano.a(lib_a-puts.o) (__sinit)
c:/dev_tools/ch32_tools/risc-v_embedded_gcc12/bin/../lib/gcc/riscv-none-elf/12.2.0/../../../../riscv-none-elf/lib/rv32imac_xw/ilp32\libc_nano.a(lib_a-fwalk.o)
                              c:/dev_tools/ch32_tools/risc-v_embedded_gcc12/bin/../lib/gcc/riscv-none-elf/12.2.0/../../../../riscv-none-elf/lib/rv32imac_xw/ilp32\libc_nano.a(lib_a-findfp.o) (_fwalk)
c:/dev_tools/ch32_tools/risc-v_embedded_gcc12/bin/../lib/gcc/riscv-none-elf/12.2.0/../../../../riscv-none-elf/lib/rv32imac_xw/ilp32\libc_nano.a(lib_a-impure.o)
                              c:/dev_tools/ch32_tools/risc-v_embedded_gcc12/bin/../lib/gcc/riscv-none-elf/12.2.0/../../../../riscv-none-elf/lib/rv32imac_xw/ilp32\libc_nano.a(lib_a-fflush.o) (_global_impure_ptr)
c:/dev_tools/ch32_tools/risc-v_embedded_gcc12/bin/../lib/gcc/riscv-none-elf/12.2.0/../../../../riscv-none-elf/lib/rv32imac_xw/ilp32\libc_nano.a(lib_a-lock.o)
                              c:/dev_tools/ch32_tools/risc-v_embedded_gcc12/bin/../lib/gcc/riscv-none-elf/12.2.0/../../../../riscv-none-elf/lib/rv32imac_xw/ilp32\libc_nano.a(lib_a-findfp.o) (__retarget_lock_init_recursive)
c:/dev_tools/ch32_tools/risc-v_embedded_gcc12/bin/../lib/gcc/riscv-none-elf/12.2.0/../../../../riscv-none-elf/lib/rv32imac_xw/ilp32\libc_nano.a(lib_a-makebuf.o)
                              c:/dev_tools/ch32_tools/risc-v_embedded_gcc12/bin/../lib/gcc/riscv-none-elf/12.2.0/../../../../riscv-none-elf/lib/rv32imac_xw/ilp32\libc_nano.a(lib_a-wsetup.o) (__smakebuf_r)
c:/dev_tools/ch32_tools/risc-v_embedded_gcc12/bin/../lib/gcc/riscv-none-elf/12.2.0/../../../../riscv-none-elf/lib/rv32imac_xw/ilp32\libc_nano.a(lib_a-memset.o)
                              c:/dev_tools/ch32_tools/risc-v_embedded_gcc12/bin/../lib/gcc/riscv-none-elf/12.2.0/../../../../riscv-none-elf/lib/rv32imac_xw/ilp32\libc_nano.a(lib_a-findfp.o) (memset)
c:/dev_tools/ch32_tools/risc-v_embedded_gcc12/bin/../lib/gcc/riscv-none-elf/12.2.0/../../../../riscv-none-elf/lib/rv32imac_xw/ilp32\libc_nano.a(lib_a-nano-freer.o)
                              c:/dev_tools/ch32_tools/risc-v_embedded_gcc12/bin/../lib/gcc/riscv-none-elf/12.2.0/../../../../riscv-none-elf/lib/rv32imac_xw/ilp32\libc_nano.a(lib_a-wsetup.o) (_free_r)
c:/dev_tools/ch32_tools/risc-v_embedded_gcc12/bin/../lib/gcc/riscv-none-elf/12.2.0/../../../../riscv-none-elf/lib/rv32imac_xw/ilp32\libc_nano.a(lib_a-nano-mallocr.o)
                              c:/dev_tools/ch32_tools/risc-v_embedded_gcc12/bin/../lib/gcc/riscv-none-elf/12.2.0/../../../../riscv-none-elf/lib/rv32imac_xw/ilp32\libc_nano.a(lib_a-findfp.o) (_malloc_r)
c:/dev_tools/ch32_tools/risc-v_embedded_gcc12/bin/../lib/gcc/riscv-none-elf/12.2.0/../../../../riscv-none-elf/lib/rv32imac_xw/ilp32\libc_nano.a(lib_a-sbrkr.o)
                              c:/dev_tools/ch32_tools/risc-v_embedded_gcc12/bin/../lib/gcc/riscv-none-elf/12.2.0/../../../../riscv-none-elf/lib/rv32imac_xw/ilp32\libc_nano.a(lib_a-nano-mallocr.o) (_sbrk_r)
c:/dev_tools/ch32_tools/risc-v_embedded_gcc12/bin/../lib/gcc/riscv-none-elf/12.2.0/../../../../riscv-none-elf/lib/rv32imac_xw/ilp32\libc_nano.a(lib_a-stdio.o)
                              c:/dev_tools/ch32_tools/risc-v_embedded_gcc12/bin/../lib/gcc/riscv-none-elf/12.2.0/../../../../riscv-none-elf/lib/rv32imac_xw/ilp32\libc_nano.a(lib_a-findfp.o) (__sread)
[...]
Memory Configuration

Name             Origin             Length             Attributes
FLASH            0x0000000000000000 0x0000000000010000 xr
RAM              0x0000000020000000 0x0000000000005000 xrw
*default*        0x0000000000000000 0xffffffffffffffff

Linker script and memory map

LOAD Debug/ch32v203xx_it.o
LOAD Debug/ch32v20x_RVMSIS.o
LOAD Debug/main.o
LOAD Debug/syscalls.o
LOAD Debug/ch32v20x_adc.o
LOAD Debug/ch32v20x_bkp.o
LOAD Debug/ch32v20x_can.o
LOAD Debug/ch32v20x_crc.o
LOAD Debug/ch32v20x_dbgmcu.o
LOAD Debug/ch32v20x_dma.o
LOAD Debug/ch32v20x_exti.o
LOAD Debug/ch32v20x_flash.o
LOAD Debug/ch32v20x_gpio.o
LOAD Debug/ch32v20x_i2c.o
LOAD Debug/ch32v20x_iwdg.o
LOAD Debug/ch32v20x_misc.o
LOAD Debug/ch32v20x_opa.o
LOAD Debug/ch32v20x_pwr.o
LOAD Debug/ch32v20x_rcc.o
LOAD Debug/ch32v20x_rtc.o
LOAD Debug/ch32v20x_spi.o
LOAD Debug/ch32v20x_tim.o
LOAD Debug/ch32v20x_usart.o
LOAD Debug/ch32v20x_wwdg.o
LOAD Debug/core_riscv.o
LOAD Debug/startup_ch32v20x_D6.o
START GROUP
LOAD c:/dev_tools/ch32_tools/risc-v_embedded_gcc12/bin/../lib/gcc/riscv-none-elf/12.2.0/../../../../riscv-none-elf/lib/rv32imac_xw/ilp32\libc_nano.a
LOAD c:/dev_tools/ch32_tools/risc-v_embedded_gcc12/bin/../lib/gcc/riscv-none-elf/12.2.0/../../../../riscv-none-elf/lib/rv32imac_xw/ilp32\libm_nano.a
END GROUP
LOAD c:/dev_tools/ch32_tools/risc-v_embedded_gcc12/bin/../lib/gcc/riscv-none-elf/12.2.0/rv32imac_xw/ilp32\libgcc.a
LOAD c:/dev_tools/ch32_tools/risc-v_embedded_gcc12/bin/../lib/gcc/riscv-none-elf/12.2.0/../../../../riscv-none-elf/lib/rv32imac_xw/ilp32\libc_nano.a
LOAD c:/dev_tools/ch32_tools/risc-v_embedded_gcc12/bin/../lib/gcc/riscv-none-elf/12.2.0/rv32imac_xw/ilp32\libgcc.a
START GROUP
LOAD c:/dev_tools/ch32_tools/risc-v_embedded_gcc12/bin/../lib/gcc/riscv-none-elf/12.2.0/rv32imac_xw/ilp32\libgcc.a
LOAD c:/dev_tools/ch32_tools/risc-v_embedded_gcc12/bin/../lib/gcc/riscv-none-elf/12.2.0/../../../../riscv-none-elf/lib/rv32imac_xw/ilp32\libc_nano.a
LOAD c:/dev_tools/ch32_tools/risc-v_embedded_gcc12/bin/../lib/gcc/riscv-none-elf/12.2.0/../../../../riscv-none-elf/lib/rv32imac_xw/ilp32\libnosys.a
END GROUP
START GROUP
LOAD c:/dev_tools/ch32_tools/risc-v_embedded_gcc12/bin/../lib/gcc/riscv-none-elf/12.2.0/rv32imac_xw/ilp32\libgcc.a
LOAD c:/dev_tools/ch32_tools/risc-v_embedded_gcc12/bin/../lib/gcc/riscv-none-elf/12.2.0/../../../../riscv-none-elf/lib/rv32imac_xw/ilp32\libc_nano.a
LOAD c:/dev_tools/ch32_tools/risc-v_embedded_gcc12/bin/../lib/gcc/riscv-none-elf/12.2.0/../../../../riscv-none-elf/lib/rv32imac_xw/ilp32\libnosys.a
END GROUP
                0x0000000000000200                __stack_size = 0x200
                [!provide]                        PROVIDE (_stack_size = __stack_size)

.init           0x0000000000000000       0x38
                0x0000000000000000                _sinit = .
                0x0000000000000000                . = ALIGN (0x4)
 *(SORT_NONE(.init))
 .init          0x0000000000000000       0x38 Debug/startup_ch32v20x_D6.o
                0x0000000000000000                _start
                0x0000000000000038                . = ALIGN (0x4)
                0x0000000000000038                _einit = .

.vector         0x0000000000000038      0x108
 *(.vector)
 .vector        0x0000000000000038       0xfc Debug/startup_ch32v20x_D6.o
                0x0000000000000140                . = ALIGN (0x40)
 *fill*         0x0000000000000134        0xc 

.text           0x0000000000000140     0x1d18
                0x0000000000000140                . = ALIGN (0x4)
 *(.text)
 .text          0x0000000000000140       0x10 c:/dev_tools/ch32_tools/risc-v_embedded_gcc12/bin/../lib/gcc/riscv-none-elf/12.2.0/../../../../riscv-none-elf/lib/rv32imac_xw/ilp32\libc_nano.a(lib_a-memset.o)
                0x0000000000000140                memset
 *(.text.*)
 .text.SysTick_Handler
                0x0000000000000150       0x56 Debug/ch32v203xx_it.o
                0x0000000000000150                SysTick_Handler
 .text.USART1_IRQHandler
                0x00000000000001a6       0xae Debug/ch32v203xx_it.o
                0x00000000000001a6                USART1_IRQHandler
 .text.USART2_IRQHandler
                0x0000000000000254       0xae Debug/ch32v203xx_it.o
                0x0000000000000254                USART2_IRQHandler
 .text.USART3_IRQHandler
                0x0000000000000302       0xae Debug/ch32v203xx_it.o
                0x0000000000000302                USART3_IRQHandler
 .text.TIM3_IRQHandler
                0x00000000000003b0       0x4a Debug/ch32v203xx_it.o
                0x00000000000003b0                TIM3_IRQHandler
 .text.NVIC_EnableIRQ
                0x00000000000003fa       0x32 Debug/ch32v20x_RVMSIS.o
 .text.NVIC_SetPriority
                0x000000000000042c       0x40 Debug/ch32v20x_RVMSIS.o
 .text.RVMSIS_Debug_init
                0x000000000000046c       0x70 Debug/ch32v20x_RVMSIS.o
                0x000000000000046c                RVMSIS_Debug_init
 .text.RVMSIS_RCC_SystemClock_144MHz
                0x00000000000004dc      0x1a4 Debug/ch32v20x_RVMSIS.o
                0x00000000000004dc                RVMSIS_RCC_SystemClock_144MHz
 .text.RVMSIS_SysTick_Timer_init
                0x0000000000000680       0x98 Debug/ch32v20x_RVMSIS.o
                0x0000000000000680                RVMSIS_SysTick_Timer_init
 .text.Delay_ms
                0x0000000000000718       0x24 Debug/ch32v20x_RVMSIS.o
                0x0000000000000718                Delay_ms
 .text.RVMSIS_GPIO_MODE_Set
                0x000000000000073c       0xae Debug/ch32v20x_RVMSIS.o
 .text.RVMSIS_GPIO_SPEED_Set
                0x00000000000007ea       0xb8 Debug/ch32v20x_RVMSIS.o
 .text.RVMSIS_GPIO_CNF_Set
                0x00000000000008a2       0x96 Debug/ch32v20x_RVMSIS.o
 .text.RVMSIS_GPIO_Reg_Set
                0x0000000000000938      0x182 Debug/ch32v20x_RVMSIS.o
 .text.RVMSIS_GPIO_init
                0x0000000000000aba      0x15a Debug/ch32v20x_RVMSIS.o
                0x0000000000000aba                RVMSIS_GPIO_init
 .text.EXTI0_IRQHandler
                0x0000000000000c14       0x30 Debug/ch32v20x_RVMSIS.o
                0x0000000000000c14                EXTI0_IRQHandler
 .text.ADC1_2_IRQHandler
                0x0000000000000c44       0x2c Debug/ch32v20x_RVMSIS.o
                0x0000000000000c44                ADC1_2_IRQHandler
 .text.DMA1_Channel1_IRQHandler
                0x0000000000000c70       0x4e Debug/ch32v20x_RVMSIS.o
                0x0000000000000c70                DMA1_Channel1_IRQHandler
 .text.RVMSIS_USART3_Init
                0x0000000000000cbe      0x332 Debug/ch32v20x_RVMSIS.o
                0x0000000000000cbe                RVMSIS_USART3_Init
 .text.main     0x0000000000000ff0       0x64 Debug/main.o
                0x0000000000000ff0                main
 .text._write   0x0000000000001054       0x6c Debug/syscalls.o
                0x0000000000001054                _write
 .text.USART_SendData
                0x00000000000010c0       0x2c Debug/ch32v20x_usart.o
                0x00000000000010c0                USART_SendData
 .text.USART_GetFlagStatus
                0x00000000000010ec       0x42 Debug/ch32v20x_usart.o
                0x00000000000010ec                USART_GetFlagStatus
 .text.vector_handler
                0x000000000000112e       0x6c Debug/startup_ch32v20x_D6.o
                0x000000000000112e                NMI_Handler
                0x0000000000001130                HardFault_Handler
                0x0000000000001132                Ecall_M_Mode_Handler
                0x0000000000001134                Ecall_U_Mode_Handler
                0x0000000000001136                Break_Point_Handler
                0x000000000000113a                SW_handler
                0x000000000000113c                WWDG_IRQHandler
                0x000000000000113e                PVD_IRQHandler
                0x0000000000001140                TAMPER_IRQHandler
                0x0000000000001142                RTC_IRQHandler
                0x0000000000001144                FLASH_IRQHandler
                0x0000000000001146                RCC_IRQHandler
                0x000000000000114a                EXTI1_IRQHandler
                0x000000000000114c                EXTI2_IRQHandler
                0x000000000000114e                EXTI3_IRQHandler
                0x0000000000001150                EXTI4_IRQHandler
                0x0000000000001154                DMA1_Channel2_IRQHandler
                0x0000000000001156                DMA1_Channel3_IRQHandler
                0x0000000000001158                DMA1_Channel4_IRQHandler
                0x000000000000115a                DMA1_Channel5_IRQHandler
                0x000000000000115c                DMA1_Channel6_IRQHandler
                0x000000000000115e                DMA1_Channel7_IRQHandler
                0x0000000000001162                USB_HP_CAN1_TX_IRQHandler
                0x0000000000001164                USB_LP_CAN1_RX0_IRQHandler
                0x0000000000001166                CAN1_RX1_IRQHandler
                0x0000000000001168                CAN1_SCE_IRQHandler
                0x000000000000116a                EXTI9_5_IRQHandler
                0x000000000000116c                TIM1_BRK_IRQHandler
                0x000000000000116e                TIM1_UP_IRQHandler
                0x0000000000001170                TIM1_TRG_COM_IRQHandler
                0x0000000000001172                TIM1_CC_IRQHandler
                0x0000000000001174                TIM2_IRQHandler
                0x0000000000001178                TIM4_IRQHandler
                0x000000000000117a                I2C1_EV_IRQHandler
                0x000000000000117c                I2C1_ER_IRQHandler
                0x000000000000117e                I2C2_EV_IRQHandler
                0x0000000000001180                I2C2_ER_IRQHandler
                0x0000000000001182                SPI1_IRQHandler
                0x0000000000001184                SPI2_IRQHandler
                0x000000000000118c                EXTI15_10_IRQHandler
                0x000000000000118e                RTCAlarm_IRQHandler
                0x0000000000001190                USBWakeUp_IRQHandler
                0x0000000000001192                USBHD_IRQHandler
                0x0000000000001194                USBHDWakeUp_IRQHandler
                0x0000000000001196                UART4_IRQHandler
                0x0000000000001198                DMA1_Channel8_IRQHandler
 .text.handle_reset
                0x000000000000119a       0x82 Debug/startup_ch32v20x_D6.o
                0x000000000000119a                handle_reset
 .text._puts_r  0x000000000000121c      0x104 c:/dev_tools/ch32_tools/risc-v_embedded_gcc12/bin/../lib/gcc/riscv-none-elf/12.2.0/../../../../riscv-none-elf/lib/rv32imac_xw/ilp32\libc_nano.a(lib_a-puts.o)
                0x000000000000121c                _puts_r
 .text.puts     0x0000000000001320        0xc c:/dev_tools/ch32_tools/risc-v_embedded_gcc12/bin/../lib/gcc/riscv-none-elf/12.2.0/../../../../riscv-none-elf/lib/rv32imac_xw/ilp32\libc_nano.a(lib_a-puts.o)
                0x0000000000001320                puts
 .text.__swbuf_r
                0x000000000000132c       0xbc c:/dev_tools/ch32_tools/risc-v_embedded_gcc12/bin/../lib/gcc/riscv-none-elf/12.2.0/../../../../riscv-none-elf/lib/rv32imac_xw/ilp32\libc_nano.a(lib_a-wbuf.o)
                0x000000000000132c                __swbuf_r
 .text.__swsetup_r
                0x00000000000013e8       0xf2 c:/dev_tools/ch32_tools/risc-v_embedded_gcc12/bin/../lib/gcc/riscv-none-elf/12.2.0/../../../../riscv-none-elf/lib/rv32imac_xw/ilp32\libc_nano.a(lib_a-wsetup.o)
                0x00000000000013e8                __swsetup_r
 .text.__sflush_r
                0x00000000000014da      0x132 c:/dev_tools/ch32_tools/risc-v_embedded_gcc12/bin/../lib/gcc/riscv-none-elf/12.2.0/../../../../riscv-none-elf/lib/rv32imac_xw/ilp32\libc_nano.a(lib_a-fflush.o)
                0x00000000000014da                __sflush_r
 .text._fflush_r
                0x000000000000160c       0x86 c:/dev_tools/ch32_tools/risc-v_embedded_gcc12/bin/../lib/gcc/riscv-none-elf/12.2.0/../../../../riscv-none-elf/lib/rv32imac_xw/ilp32\libc_nano.a(lib_a-fflush.o)
                0x000000000000160c                _fflush_r
 .text.std      0x0000000000001692       0x66 c:/dev_tools/ch32_tools/risc-v_embedded_gcc12/bin/../lib/gcc/riscv-none-elf/12.2.0/../../../../riscv-none-elf/lib/rv32imac_xw/ilp32\libc_nano.a(lib_a-findfp.o)
 .text._cleanup_r
                0x00000000000016f8        0xa c:/dev_tools/ch32_tools/risc-v_embedded_gcc12/bin/../lib/gcc/riscv-none-elf/12.2.0/../../../../riscv-none-elf/lib/rv32imac_xw/ilp32\libc_nano.a(lib_a-findfp.o)
                0x00000000000016f8                _cleanup_r
 .text.__sfmoreglue
                0x0000000000001702       0x46 c:/dev_tools/ch32_tools/risc-v_embedded_gcc12/bin/../lib/gcc/riscv-none-elf/12.2.0/../../../../riscv-none-elf/lib/rv32imac_xw/ilp32\libc_nano.a(lib_a-findfp.o)
                0x0000000000001702                __sfmoreglue
 .text.__sfp_lock_acquire
                0x0000000000001748        0x6 c:/dev_tools/ch32_tools/risc-v_embedded_gcc12/bin/../lib/gcc/riscv-none-elf/12.2.0/../../../../riscv-none-elf/lib/rv32imac_xw/ilp32\libc_nano.a(lib_a-findfp.o)
                0x0000000000001748                __sfp_lock_acquire
 .text.__sfp_lock_release
                0x000000000000174e        0x6 c:/dev_tools/ch32_tools/risc-v_embedded_gcc12/bin/../lib/gcc/riscv-none-elf/12.2.0/../../../../riscv-none-elf/lib/rv32imac_xw/ilp32\libc_nano.a(lib_a-findfp.o)
                0x000000000000174e                __sfp_lock_release
 .text.__sinit_lock_acquire
                0x0000000000001754        0x6 c:/dev_tools/ch32_tools/risc-v_embedded_gcc12/bin/../lib/gcc/riscv-none-elf/12.2.0/../../../../riscv-none-elf/lib/rv32imac_xw/ilp32\libc_nano.a(lib_a-findfp.o)
                0x0000000000001754                __sinit_lock_acquire
 .text.__sinit_lock_release
                0x000000000000175a        0x6 c:/dev_tools/ch32_tools/risc-v_embedded_gcc12/bin/../lib/gcc/riscv-none-elf/12.2.0/../../../../riscv-none-elf/lib/rv32imac_xw/ilp32\libc_nano.a(lib_a-findfp.o)
                0x000000000000175a                __sinit_lock_release
 .text.__sinit  0x0000000000001760       0x68 c:/dev_tools/ch32_tools/risc-v_embedded_gcc12/bin/../lib/gcc/riscv-none-elf/12.2.0/../../../../riscv-none-elf/lib/rv32imac_xw/ilp32\libc_nano.a(lib_a-findfp.o)
                0x0000000000001760                __sinit
 .text.__sfp    0x00000000000017c8       0xa6 c:/dev_tools/ch32_tools/risc-v_embedded_gcc12/bin/../lib/gcc/riscv-none-elf/12.2.0/../../../../riscv-none-elf/lib/rv32imac_xw/ilp32\libc_nano.a(lib_a-findfp.o)
                0x00000000000017c8                __sfp
 .text._fwalk_reent
                0x000000000000186e       0x68 c:/dev_tools/ch32_tools/risc-v_embedded_gcc12/bin/../lib/gcc/riscv-none-elf/12.2.0/../../../../riscv-none-elf/lib/rv32imac_xw/ilp32\libc_nano.a(lib_a-fwalk.o)
                0x000000000000186e                _fwalk_reent
 .text.__retarget_lock_init_recursive
                0x00000000000018d6        0x2 c:/dev_tools/ch32_tools/risc-v_embedded_gcc12/bin/../lib/gcc/riscv-none-elf/12.2.0/../../../../riscv-none-elf/lib/rv32imac_xw/ilp32\libc_nano.a(lib_a-lock.o)
                0x00000000000018d6                __retarget_lock_init_recursive
 .text.__retarget_lock_acquire_recursive
                0x00000000000018d8        0x2 c:/dev_tools/ch32_tools/risc-v_embedded_gcc12/bin/../lib/gcc/riscv-none-elf/12.2.0/../../../../riscv-none-elf/lib/rv32imac_xw/ilp32\libc_nano.a(lib_a-lock.o)
                0x00000000000018d8                __retarget_lock_acquire_recursive
 .text.__retarget_lock_release_recursive
                0x00000000000018da        0x2 c:/dev_tools/ch32_tools/risc-v_embedded_gcc12/bin/../lib/gcc/riscv-none-elf/12.2.0/../../../../riscv-none-elf/lib/rv32imac_xw/ilp32\libc_nano.a(lib_a-lock.o)
                0x00000000000018da                __retarget_lock_release_recursive
 .text.__swhatbuf_r
                0x00000000000018dc       0x58 c:/dev_tools/ch32_tools/risc-v_embedded_gcc12/bin/../lib/gcc/riscv-none-elf/12.2.0/../../../../riscv-none-elf/lib/rv32imac_xw/ilp32\libc_nano.a(lib_a-makebuf.o)
                0x00000000000018dc                __swhatbuf_r
 .text.__smakebuf_r
                0x0000000000001934       0x92 c:/dev_tools/ch32_tools/risc-v_embedded_gcc12/bin/../lib/gcc/riscv-none-elf/12.2.0/../../../../riscv-none-elf/lib/rv32imac_xw/ilp32\libc_nano.a(lib_a-makebuf.o)
                0x0000000000001934                __smakebuf_r
 .text._free_r  0x00000000000019c6       0x9e c:/dev_tools/ch32_tools/risc-v_embedded_gcc12/bin/../lib/gcc/riscv-none-elf/12.2.0/../../../../riscv-none-elf/lib/rv32imac_xw/ilp32\libc_nano.a(lib_a-nano-freer.o)
                0x00000000000019c6                _free_r
 .text.sbrk_aligned
                0x0000000000001a64       0x54 c:/dev_tools/ch32_tools/risc-v_embedded_gcc12/bin/../lib/gcc/riscv-none-elf/12.2.0/../../../../riscv-none-elf/lib/rv32imac_xw/ilp32\libc_nano.a(lib_a-nano-mallocr.o)
 .text._malloc_r
                0x0000000000001ab8      0x108 c:/dev_tools/ch32_tools/risc-v_embedded_gcc12/bin/../lib/gcc/riscv-none-elf/12.2.0/../../../../riscv-none-elf/lib/rv32imac_xw/ilp32\libc_nano.a(lib_a-nano-mallocr.o)
                0x0000000000001ab8                _malloc_r
 .text._sbrk_r  0x0000000000001bc0       0x26 c:/dev_tools/ch32_tools/risc-v_embedded_gcc12/bin/../lib/gcc/riscv-none-elf/12.2.0/../../../../riscv-none-elf/lib/rv32imac_xw/ilp32\libc_nano.a(lib_a-sbrkr.o)
                0x0000000000001bc0                _sbrk_r
 .text.__sread  0x0000000000001be6       0x2c c:/dev_tools/ch32_tools/risc-v_embedded_gcc12/bin/../lib/gcc/riscv-none-elf/12.2.0/../../../../riscv-none-elf/lib/rv32imac_xw/ilp32\libc_nano.a(lib_a-stdio.o)
                0x0000000000001be6                __sread
 .text.__swrite
                0x0000000000001c12       0x48 c:/dev_tools/ch32_tools/risc-v_embedded_gcc12/bin/../lib/gcc/riscv-none-elf/12.2.0/../../../../riscv-none-elf/lib/rv32imac_xw/ilp32\libc_nano.a(lib_a-stdio.o)
                0x0000000000001c12                __swrite
 .text.__sseek  0x0000000000001c5a       0x30 c:/dev_tools/ch32_tools/risc-v_embedded_gcc12/bin/../lib/gcc/riscv-none-elf/12.2.0/../../../../riscv-none-elf/lib/rv32imac_xw/ilp32\libc_nano.a(lib_a-stdio.o)
                0x0000000000001c5a                __sseek
 .text.__sclose
                0x0000000000001c8a        0x6 c:/dev_tools/ch32_tools/risc-v_embedded_gcc12/bin/../lib/gcc/riscv-none-elf/12.2.0/../../../../riscv-none-elf/lib/rv32imac_xw/ilp32\libc_nano.a(lib_a-stdio.o)
                0x0000000000001c8a                __sclose
 .text._write_r
                0x0000000000001c90       0x2c c:/dev_tools/ch32_tools/risc-v_embedded_gcc12/bin/../lib/gcc/riscv-none-elf/12.2.0/../../../../riscv-none-elf/lib/rv32imac_xw/ilp32\libc_nano.a(lib_a-writer.o)
                0x0000000000001c90                _write_r
 .text._close_r
                0x0000000000001cbc       0x26 c:/dev_tools/ch32_tools/risc-v_embedded_gcc12/bin/../lib/gcc/riscv-none-elf/12.2.0/../../../../riscv-none-elf/lib/rv32imac_xw/ilp32\libc_nano.a(lib_a-closer.o)
                0x0000000000001cbc                _close_r
 .text._fstat_r
                0x0000000000001ce2       0x28 c:/dev_tools/ch32_tools/risc-v_embedded_gcc12/bin/../lib/gcc/riscv-none-elf/12.2.0/../../../../riscv-none-elf/lib/rv32imac_xw/ilp32\libc_nano.a(lib_a-fstatr.o)
                0x0000000000001ce2                _fstat_r
 .text._isatty_r
                0x0000000000001d0a       0x26 c:/dev_tools/ch32_tools/risc-v_embedded_gcc12/bin/../lib/gcc/riscv-none-elf/12.2.0/../../../../riscv-none-elf/lib/rv32imac_xw/ilp32\libc_nano.a(lib_a-isattyr.o)
                0x0000000000001d0a                _isatty_r
 .text._lseek_r
                0x0000000000001d30       0x2a c:/dev_tools/ch32_tools/risc-v_embedded_gcc12/bin/../lib/gcc/riscv-none-elf/12.2.0/../../../../riscv-none-elf/lib/rv32imac_xw/ilp32\libc_nano.a(lib_a-lseekr.o)
                0x0000000000001d30                _lseek_r
 .text.__malloc_lock
                0x0000000000001d5a        0x6 c:/dev_tools/ch32_tools/risc-v_embedded_gcc12/bin/../lib/gcc/riscv-none-elf/12.2.0/../../../../riscv-none-elf/lib/rv32imac_xw/ilp32\libc_nano.a(lib_a-mlock.o)
                0x0000000000001d5a                __malloc_lock
 .text.__malloc_unlock
                0x0000000000001d60        0x6 c:/dev_tools/ch32_tools/risc-v_embedded_gcc12/bin/../lib/gcc/riscv-none-elf/12.2.0/../../../../riscv-none-elf/lib/rv32imac_xw/ilp32\libc_nano.a(lib_a-mlock.o)
                0x0000000000001d60                __malloc_unlock
 .text._read_r  0x0000000000001d66       0x2a c:/dev_tools/ch32_tools/risc-v_embedded_gcc12/bin/../lib/gcc/riscv-none-elf/12.2.0/../../../../riscv-none-elf/lib/rv32imac_xw/ilp32\libc_nano.a(lib_a-readr.o)
                0x0000000000001d66                _read_r
 .text._close   0x0000000000001d90        0xc c:/dev_tools/ch32_tools/risc-v_embedded_gcc12/bin/../lib/gcc/riscv-none-elf/12.2.0/../../../../riscv-none-elf/lib/rv32imac_xw/ilp32\libnosys.a(close.o)
                0x0000000000001d90                _close
 .text._fstat   0x0000000000001d9c        0xc c:/dev_tools/ch32_tools/risc-v_embedded_gcc12/bin/../lib/gcc/riscv-none-elf/12.2.0/../../../../riscv-none-elf/lib/rv32imac_xw/ilp32\libnosys.a(fstat.o)
                0x0000000000001d9c                _fstat
 .text._isatty  0x0000000000001da8        0xc c:/dev_tools/ch32_tools/risc-v_embedded_gcc12/bin/../lib/gcc/riscv-none-elf/12.2.0/../../../../riscv-none-elf/lib/rv32imac_xw/ilp32\libnosys.a(isatty.o)
                0x0000000000001da8                _isatty
 .text._lseek   0x0000000000001db4        0xc c:/dev_tools/ch32_tools/risc-v_embedded_gcc12/bin/../lib/gcc/riscv-none-elf/12.2.0/../../../../riscv-none-elf/lib/rv32imac_xw/ilp32\libnosys.a(lseek.o)
                0x0000000000001db4                _lseek
 .text._read    0x0000000000001dc0        0xc c:/dev_tools/ch32_tools/risc-v_embedded_gcc12/bin/../lib/gcc/riscv-none-elf/12.2.0/../../../../riscv-none-elf/lib/rv32imac_xw/ilp32\libnosys.a(read.o)
                0x0000000000001dc0                _read
 .text._sbrk    0x0000000000001dcc       0x1c c:/dev_tools/ch32_tools/risc-v_embedded_gcc12/bin/../lib/gcc/riscv-none-elf/12.2.0/../../../../riscv-none-elf/lib/rv32imac_xw/ilp32\libnosys.a(sbrk.o)
                0x0000000000001dcc                _sbrk
 *(.rodata)
 *fill*         0x0000000000001de8        0x0 
 .rodata        0x0000000000001de8        0xe Debug/main.o
 *(.rodata*)
 *fill*         0x0000000000001df6        0x2 
 .rodata.__sf_fake_stderr
                0x0000000000001df8       0x20 c:/dev_tools/ch32_tools/risc-v_embedded_gcc12/bin/../lib/gcc/riscv-none-elf/12.2.0/../../../../riscv-none-elf/lib/rv32imac_xw/ilp32\libc_nano.a(lib_a-findfp.o)
                0x0000000000001df8                __sf_fake_stderr
 .rodata.__sf_fake_stdout
                0x0000000000001e18       0x20 c:/dev_tools/ch32_tools/risc-v_embedded_gcc12/bin/../lib/gcc/riscv-none-elf/12.2.0/../../../../riscv-none-elf/lib/rv32imac_xw/ilp32\libc_nano.a(lib_a-findfp.o)
                0x0000000000001e18                __sf_fake_stdout
 .rodata.__sf_fake_stdin
                0x0000000000001e38       0x20 c:/dev_tools/ch32_tools/risc-v_embedded_gcc12/bin/../lib/gcc/riscv-none-elf/12.2.0/../../../../riscv-none-elf/lib/rv32imac_xw/ilp32\libc_nano.a(lib_a-findfp.o)
                0x0000000000001e38                __sf_fake_stdin
 *(.glue_7)
 *(.glue_7t)
 *(.gnu.linkonce.t.*)
                0x0000000000001e58                . = ALIGN (0x4)

.rela.dyn       0x0000000000001e58        0x0
 .rela.init     0x0000000000001e58        0x0 Debug/ch32v203xx_it.o
 .rela.vector   0x0000000000001e58        0x0 Debug/ch32v203xx_it.o
 .rela.text.handle_reset
                0x0000000000001e58        0x0 Debug/ch32v203xx_it.o
 .rela.text._sbrk
                0x0000000000001e58        0x0 Debug/ch32v203xx_it.o

.fini           0x0000000000001e58        0x0
 *(SORT_NONE(.fini))
                0x0000000000001e58                . = ALIGN (0x4)
                [!provide]                        PROVIDE (_etext = .)
                [!provide]                        PROVIDE (_eitcm = .)

.preinit_array  0x0000000000001e58        0x0
                [!provide]                        PROVIDE (__preinit_array_start = .)
 *(.preinit_array)
                [!provide]                        PROVIDE (__preinit_array_end = .)

.init_array     0x0000000000001e58        0x0
                [!provide]                        PROVIDE (__init_array_start = .)
 *(SORT_BY_INIT_PRIORITY(.init_array.*) SORT_BY_INIT_PRIORITY(.ctors.*))
 *(.init_array EXCLUDE_FILE(*crtend?.o *crtend.o *crtbegin?.o *crtbegin.o) .ctors)
                [!provide]                        PROVIDE (__init_array_end = .)

.fini_array     0x0000000000001e58        0x0
                [!provide]                        PROVIDE (__fini_array_start = .)
 *(SORT_BY_INIT_PRIORITY(.fini_array.*) SORT_BY_INIT_PRIORITY(.dtors.*))
 *(.fini_array EXCLUDE_FILE(*crtend?.o *crtend.o *crtbegin?.o *crtbegin.o) .dtors)
                [!provide]                        PROVIDE (__fini_array_end = .)

.ctors
 *crtbegin.o(.ctors)
 *crtbegin?.o(.ctors)
 *(EXCLUDE_FILE(*crtend?.o *crtend.o) .ctors)
 *(SORT_BY_NAME(.ctors.*))
 *(.ctors)

.dtors
 *crtbegin.o(.dtors)
 *crtbegin?.o(.dtors)
 *(EXCLUDE_FILE(*crtend?.o *crtend.o) .dtors)
 *(SORT_BY_NAME(.dtors.*))
 *(.dtors)

.dalign         0x0000000020000000        0x0 load address 0x0000000000001e58
                0x0000000020000000                . = ALIGN (0x4)
                0x0000000020000000                PROVIDE (_data_vma = .)

.dlalign        0x0000000000001e58        0x0
                0x0000000000001e58                . = ALIGN (0x4)
                0x0000000000001e58                PROVIDE (_data_lma = .)

.data           0x0000000020000000       0x6c load address 0x0000000000001e58
 *(.gnu.linkonce.r.*)
 *(.data .data.*)
 .data.impure_data
                0x0000000020000000       0x60 c:/dev_tools/ch32_tools/risc-v_embedded_gcc12/bin/../lib/gcc/riscv-none-elf/12.2.0/../../../../riscv-none-elf/lib/rv32imac_xw/ilp32\libc_nano.a(lib_a-impure.o)
 *(.gnu.linkonce.d.*)
                0x0000000020000060                . = ALIGN (0x8)
                0x0000000020000860                PROVIDE (__global_pointer$ = (. + 0x800))
 *(.sdata .sdata.*)
 .sdata.Counter
                0x0000000020000060        0x4 Debug/main.o
                0x0000000020000060                Counter
 .sdata._impure_ptr
                0x0000000020000064        0x4 c:/dev_tools/ch32_tools/risc-v_embedded_gcc12/bin/../lib/gcc/riscv-none-elf/12.2.0/../../../../riscv-none-elf/lib/rv32imac_xw/ilp32\libc_nano.a(lib_a-impure.o)
                0x0000000020000064                _impure_ptr
 *(.sdata2.*)
 *(.gnu.linkonce.s.*)
                0x0000000020000068                . = ALIGN (0x8)
 *(.srodata.cst16)
 *(.srodata.cst8)
 *(.srodata.cst4)
 *(.srodata.cst2)
 *(.srodata .srodata.*)
 .srodata._global_impure_ptr
                0x0000000020000068        0x4 c:/dev_tools/ch32_tools/risc-v_embedded_gcc12/bin/../lib/gcc/riscv-none-elf/12.2.0/../../../../riscv-none-elf/lib/rv32imac_xw/ilp32\libc_nano.a(lib_a-impure.o)
                0x0000000020000068                _global_impure_ptr
                0x000000002000006c                . = ALIGN (0x4)
                0x000000002000006c                PROVIDE (_edata = .)

.bss            0x000000002000006c       0x70 load address 0x0000000000001ec4
                0x000000002000006c                . = ALIGN (0x4)
                0x000000002000006c                PROVIDE (_sbss = .)
 *(.sbss*)
 .sbss.SysTimer_ms
                0x000000002000006c        0x4 Debug/ch32v20x_RVMSIS.o
                0x000000002000006c                SysTimer_ms
 .sbss.Delay_counter_ms
                0x0000000020000070        0x4 Debug/ch32v20x_RVMSIS.o
                0x0000000020000070                Delay_counter_ms
 .sbss.Timeout_counter_ms
                0x0000000020000074        0x4 Debug/ch32v20x_RVMSIS.o
                0x0000000020000074                Timeout_counter_ms
 .sbss.__lock___malloc_recursive_mutex
                0x0000000020000078        0x1 c:/dev_tools/ch32_tools/risc-v_embedded_gcc12/bin/../lib/gcc/riscv-none-elf/12.2.0/../../../../riscv-none-elf/lib/rv32imac_xw/ilp32\libc_nano.a(lib_a-lock.o)
                0x0000000020000078                __lock___malloc_recursive_mutex
 *fill*         0x0000000020000079        0x3 
 .sbss.__lock___sfp_recursive_mutex
                0x000000002000007c        0x1 c:/dev_tools/ch32_tools/risc-v_embedded_gcc12/bin/../lib/gcc/riscv-none-elf/12.2.0/../../../../riscv-none-elf/lib/rv32imac_xw/ilp32\libc_nano.a(lib_a-lock.o)
                0x000000002000007c                __lock___sfp_recursive_mutex
 *fill*         0x000000002000007d        0x3 
 .sbss.__lock___sinit_recursive_mutex
                0x0000000020000080        0x1 c:/dev_tools/ch32_tools/risc-v_embedded_gcc12/bin/../lib/gcc/riscv-none-elf/12.2.0/../../../../riscv-none-elf/lib/rv32imac_xw/ilp32\libc_nano.a(lib_a-lock.o)
                0x0000000020000080                __lock___sinit_recursive_mutex
 *fill*         0x0000000020000081        0x3 
 .sbss.__malloc_sbrk_start
                0x0000000020000084        0x4 c:/dev_tools/ch32_tools/risc-v_embedded_gcc12/bin/../lib/gcc/riscv-none-elf/12.2.0/../../../../riscv-none-elf/lib/rv32imac_xw/ilp32\libc_nano.a(lib_a-nano-mallocr.o)
                0x0000000020000084                __malloc_sbrk_start
 .sbss.__malloc_free_list
                0x0000000020000088        0x4 c:/dev_tools/ch32_tools/risc-v_embedded_gcc12/bin/../lib/gcc/riscv-none-elf/12.2.0/../../../../riscv-none-elf/lib/rv32imac_xw/ilp32\libc_nano.a(lib_a-nano-mallocr.o)
                0x0000000020000088                __malloc_free_list
 .sbss.errno    0x000000002000008c        0x4 c:/dev_tools/ch32_tools/risc-v_embedded_gcc12/bin/../lib/gcc/riscv-none-elf/12.2.0/../../../../riscv-none-elf/lib/rv32imac_xw/ilp32\libc_nano.a(lib_a-reent.o)
                0x000000002000008c                errno
 .sbss.heap_end.0
                0x0000000020000090        0x4 c:/dev_tools/ch32_tools/risc-v_embedded_gcc12/bin/../lib/gcc/riscv-none-elf/12.2.0/../../../../riscv-none-elf/lib/rv32imac_xw/ilp32\libnosys.a(sbrk.o)
 *(.gnu.linkonce.sb.*)
 *(.bss*)
 .bss.husart1   0x0000000020000094       0x18 Debug/ch32v20x_RVMSIS.o
                0x0000000020000094                husart1
 .bss.husart2   0x00000000200000ac       0x18 Debug/ch32v20x_RVMSIS.o
                0x00000000200000ac                husart2
 .bss.husart3   0x00000000200000c4       0x18 Debug/ch32v20x_RVMSIS.o
                0x00000000200000c4                husart3
 *(.gnu.linkonce.b.*)
 *(COMMON*)
                0x00000000200000dc                . = ALIGN (0x4)
                0x00000000200000dc                PROVIDE (_ebss = .)
                [!provide]                        PROVIDE (_end = _ebss)
                0x00000000200000dc                PROVIDE (end = .)

.stack          0x0000000020004e00      0x200
                [!provide]                        PROVIDE (_heap_end = .)
                0x0000000020004e00                . = ALIGN (0x4)
                [!provide]                        PROVIDE (_susrstack = .)
                0x0000000020005000                . = (. + __stack_size)
 *fill*         0x0000000020004e00      0x200 
                0x0000000020005000                PROVIDE (_eusrstack = .)
OUTPUT(Debug/VSC_CH32V203C8T6.elf elf32-littleriscv)

.debug_info     0x0000000000000000     0x2bb6
 .debug_info    0x0000000000000000      0x4bd Debug/ch32v203xx_it.o
 .debug_info    0x00000000000004bd     0x18d7 Debug/ch32v20x_RVMSIS.o
 .debug_info    0x0000000000001d94      0x20b Debug/main.o
 .debug_info    0x0000000000001f9f      0x223 Debug/syscalls.o
 .debug_info    0x00000000000021c2      0x9d1 Debug/ch32v20x_usart.o
 .debug_info    0x0000000000002b93       0x23 Debug/startup_ch32v20x_D6.o

.debug_abbrev   0x0000000000000000      0x8cf
 .debug_abbrev  0x0000000000000000      0x121 Debug/ch32v203xx_it.o
 .debug_abbrev  0x0000000000000121      0x389 Debug/ch32v20x_RVMSIS.o
 .debug_abbrev  0x00000000000004aa      0x10e Debug/main.o
 .debug_abbrev  0x00000000000005b8      0x138 Debug/syscalls.o
 .debug_abbrev  0x00000000000006f0      0x1cd Debug/ch32v20x_usart.o
 .debug_abbrev  0x00000000000008bd       0x12 Debug/startup_ch32v20x_D6.o

.debug_aranges  0x0000000000000000      0x348
 .debug_aranges
                0x0000000000000000       0x40 Debug/ch32v203xx_it.o
 .debug_aranges
                0x0000000000000040      0x198 Debug/ch32v20x_RVMSIS.o
 .debug_aranges
                0x00000000000001d8       0x20 Debug/main.o
 .debug_aranges
                0x00000000000001f8       0x20 Debug/syscalls.o
 .debug_aranges
                0x0000000000000218      0x100 Debug/ch32v20x_usart.o
 .debug_aranges
                0x0000000000000318       0x30 Debug/startup_ch32v20x_D6.o

.debug_rnglists
                0x0000000000000000      0x355
 .debug_rnglists
                0x0000000000000000       0x3a Debug/ch32v203xx_it.o
 .debug_rnglists
                0x000000000000003a      0x1bd Debug/ch32v20x_RVMSIS.o
 .debug_rnglists
                0x00000000000001f7       0x16 Debug/main.o
 .debug_rnglists
                0x000000000000020d       0x16 Debug/syscalls.o
 .debug_rnglists
                0x0000000000000223      0x112 Debug/ch32v20x_usart.o
 .debug_rnglists
                0x0000000000000335       0x20 Debug/startup_ch32v20x_D6.o

.debug_macro    0x0000000000000000     0xb333
 .debug_macro   0x0000000000000000      0x175 Debug/ch32v203xx_it.o
 .debug_macro   0x0000000000000175      0x76c Debug/ch32v203xx_it.o
 .debug_macro   0x00000000000008e1       0x22 Debug/ch32v203xx_it.o
 .debug_macro   0x0000000000000903       0x6c Debug/ch32v203xx_it.o
 .debug_macro   0x000000000000096f       0x22 Debug/ch32v203xx_it.o
 .debug_macro   0x0000000000000991       0x8e Debug/ch32v203xx_it.o
 .debug_macro   0x0000000000000a1f       0x51 Debug/ch32v203xx_it.o
 .debug_macro   0x0000000000000a70      0x103 Debug/ch32v203xx_it.o
 .debug_macro   0x0000000000000b73       0x6a Debug/ch32v203xx_it.o
 .debug_macro   0x0000000000000bdd      0x1df Debug/ch32v203xx_it.o
 .debug_macro   0x0000000000000dbc       0x46 Debug/ch32v203xx_it.o
 .debug_macro   0x0000000000000e02     0x6fc5 Debug/ch32v203xx_it.o
 .debug_macro   0x0000000000007dc7      0x24f Debug/ch32v203xx_it.o
 .debug_macro   0x0000000000008016      0x12a Debug/ch32v203xx_it.o
 .debug_macro   0x0000000000008140      0x32f Debug/ch32v203xx_it.o
 .debug_macro   0x000000000000846f       0x7c Debug/ch32v203xx_it.o
 .debug_macro   0x00000000000084eb      0x239 Debug/ch32v203xx_it.o
 .debug_macro   0x0000000000008724       0x88 Debug/ch32v203xx_it.o
 .debug_macro   0x00000000000087ac      0x142 Debug/ch32v203xx_it.o
 .debug_macro   0x00000000000088ee      0x239 Debug/ch32v203xx_it.o
 .debug_macro   0x0000000000008b27      0x206 Debug/ch32v203xx_it.o
 .debug_macro   0x0000000000008d2d       0x4c Debug/ch32v203xx_it.o
 .debug_macro   0x0000000000008d79       0x64 Debug/ch32v203xx_it.o
 .debug_macro   0x0000000000008ddd      0x35c Debug/ch32v203xx_it.o
 .debug_macro   0x0000000000009139       0x3a Debug/ch32v203xx_it.o
 .debug_macro   0x0000000000009173      0x1f1 Debug/ch32v203xx_it.o
 .debug_macro   0x0000000000009364      0x564 Debug/ch32v203xx_it.o
 .debug_macro   0x00000000000098c8      0x15e Debug/ch32v203xx_it.o
 .debug_macro   0x0000000000009a26       0x22 Debug/ch32v203xx_it.o
 .debug_macro   0x0000000000009a48       0x28 Debug/ch32v203xx_it.o
 .debug_macro   0x0000000000009a70       0x1c Debug/ch32v203xx_it.o
 .debug_macro   0x0000000000009a8c      0x175 Debug/ch32v20x_RVMSIS.o
 .debug_macro   0x0000000000009c01      0x2cc Debug/main.o
 .debug_macro   0x0000000000009ecd       0x5e Debug/main.o
 .debug_macro   0x0000000000009f2b       0x19 Debug/main.o
 .debug_macro   0x0000000000009f44       0x3b Debug/main.o
 .debug_macro   0x0000000000009f7f       0x34 Debug/main.o
 .debug_macro   0x0000000000009fb3       0x16 Debug/main.o
 .debug_macro   0x0000000000009fc9       0x9e Debug/main.o
 .debug_macro   0x000000000000a067      0x341 Debug/main.o
 .debug_macro   0x000000000000a3a8      0x10b Debug/main.o
 .debug_macro   0x000000000000a4b3       0x10 Debug/main.o
 .debug_macro   0x000000000000a4c3       0x16 Debug/main.o
 .debug_macro   0x000000000000a4d9       0x43 Debug/main.o
 .debug_macro   0x000000000000a51c       0x34 Debug/main.o
 .debug_macro   0x000000000000a550       0x10 Debug/main.o
 .debug_macro   0x000000000000a560       0x58 Debug/main.o
 .debug_macro   0x000000000000a5b8      0x182 Debug/main.o
 .debug_macro   0x000000000000a73a       0x10 Debug/main.o
 .debug_macro   0x000000000000a74a       0x1c Debug/main.o
 .debug_macro   0x000000000000a766       0x52 Debug/main.o
 .debug_macro   0x000000000000a7b8       0x22 Debug/main.o
 .debug_macro   0x000000000000a7da       0x10 Debug/main.o
 .debug_macro   0x000000000000a7ea       0x52 Debug/main.o
 .debug_macro   0x000000000000a83c       0xd5 Debug/main.o
 .debug_macro   0x000000000000a911       0x1c Debug/main.o
 .debug_macro   0x000000000000a92d       0x3d Debug/main.o
 .debug_macro   0x000000000000a96a       0x16 Debug/main.o
 .debug_macro   0x000000000000a980      0x16f Debug/main.o
 .debug_macro   0x000000000000aaef      0x303 Debug/syscalls.o
 .debug_macro   0x000000000000adf2      0x189 Debug/syscalls.o
 .debug_macro   0x000000000000af7b       0x10 Debug/syscalls.o
 .debug_macro   0x000000000000af8b       0x35 Debug/syscalls.o
 .debug_macro   0x000000000000afc0       0x1c Debug/syscalls.o
 .debug_macro   0x000000000000afdc      0x1ff Debug/ch32v20x_usart.o
 .debug_macro   0x000000000000b1db      0x158 Debug/ch32v20x_usart.o

.debug_line     0x0000000000000000     0x3e38
 .debug_line    0x0000000000000000      0x35c Debug/ch32v203xx_it.o
 .debug_line    0x000000000000035c     0x284c Debug/ch32v20x_RVMSIS.o
 .debug_line    0x0000000000002ba8      0x205 Debug/main.o
 .debug_line    0x0000000000002dad      0x211 Debug/syscalls.o
 .debug_line    0x0000000000002fbe      0xc28 Debug/ch32v20x_usart.o
 .debug_line    0x0000000000003be6      0x252 Debug/startup_ch32v20x_D6.o

.debug_str      0x0000000000000000    0x33e9d
 .debug_str     0x0000000000000000    0x2ef10 Debug/ch32v203xx_it.o
                                      0x2f0aa (size before relaxing)
 .debug_str     0x000000000002ef10      0xa91 Debug/ch32v20x_RVMSIS.o
                                      0x2fb90 (size before relaxing)
 .debug_str     0x000000000002f9a1     0x3b23 Debug/main.o
                                      0x32b81 (size before relaxing)
 .debug_str     0x00000000000334c4       0xac Debug/syscalls.o
                                      0x32aea (size before relaxing)
 .debug_str     0x0000000000033570      0x8b4 Debug/ch32v20x_usart.o
                                      0x2f68f (size before relaxing)
 .debug_str     0x0000000000033e24       0x79 Debug/startup_ch32v20x_D6.o

.debug_line_str
                0x0000000000000000      0x4be
 .debug_line_str
                0x0000000000000000      0x376 Debug/ch32v203xx_it.o
                                        0x3f2 (size before relaxing)
 .debug_line_str
                0x0000000000000376       0x1b Debug/ch32v20x_RVMSIS.o
                                        0x3f8 (size before relaxing)
 .debug_line_str
                0x0000000000000391       0xb0 Debug/main.o
                                        0x4b5 (size before relaxing)
 .debug_line_str
                0x0000000000000441       0x31 Debug/syscalls.o
                                        0x4e7 (size before relaxing)
 .debug_line_str
                0x0000000000000472       0x29 Debug/ch32v20x_usart.o
                                        0x3bf (size before relaxing)
 .debug_line_str
                0x000000000000049b       0x23 Debug/startup_ch32v20x_D6.o
                                         0x83 (size before relaxing)

.comment        0x0000000000000000       0x31
 .comment       0x0000000000000000       0x31 Debug/ch32v203xx_it.o
                                         0x32 (size before relaxing)
 .comment       0x0000000000000031       0x32 Debug/ch32v20x_RVMSIS.o
 .comment       0x0000000000000031       0x32 Debug/main.o
 .comment       0x0000000000000031       0x32 Debug/syscalls.o
 .comment       0x0000000000000031       0x32 Debug/ch32v20x_usart.o
 .comment       0x0000000000000031       0x32 c:/dev_tools/ch32_tools/risc-v_embedded_gcc12/bin/../lib/gcc/riscv-none-elf/12.2.0/../../../../riscv-none-elf/lib/rv32imac_xw/ilp32\libc_nano.a(lib_a-puts.o)
 .comment       0x0000000000000031       0x32 c:/dev_tools/ch32_tools/risc-v_embedded_gcc12/bin/../lib/gcc/riscv-none-elf/12.2.0/../../../../riscv-none-elf/lib/rv32imac_xw/ilp32\libc_nano.a(lib_a-wbuf.o)
 .comment       0x0000000000000031       0x32 c:/dev_tools/ch32_tools/risc-v_embedded_gcc12/bin/../lib/gcc/riscv-none-elf/12.2.0/../../../../riscv-none-elf/lib/rv32imac_xw/ilp32\libc_nano.a(lib_a-wsetup.o)
 .comment       0x0000000000000031       0x32 c:/dev_tools/ch32_tools/risc-v_embedded_gcc12/bin/../lib/gcc/riscv-none-elf/12.2.0/../../../../riscv-none-elf/lib/rv32imac_xw/ilp32\libc_nano.a(lib_a-fflush.o)
 .comment       0x0000000000000031       0x32 c:/dev_tools/ch32_tools/risc-v_embedded_gcc12/bin/../lib/gcc/riscv-none-elf/12.2.0/../../../../riscv-none-elf/lib/rv32imac_xw/ilp32\libc_nano.a(lib_a-findfp.o)
 .comment       0x0000000000000031       0x32 c:/dev_tools/ch32_tools/risc-v_embedded_gcc12/bin/../lib/gcc/riscv-none-elf/12.2.0/../../../../riscv-none-elf/lib/rv32imac_xw/ilp32\libc_nano.a(lib_a-fwalk.o)
 .comment       0x0000000000000031       0x32 c:/dev_tools/ch32_tools/risc-v_embedded_gcc12/bin/../lib/gcc/riscv-none-elf/12.2.0/../../../../riscv-none-elf/lib/rv32imac_xw/ilp32\libc_nano.a(lib_a-impure.o)
 .comment       0x0000000000000031       0x32 c:/dev_tools/ch32_tools/risc-v_embedded_gcc12/bin/../lib/gcc/riscv-none-elf/12.2.0/../../../../riscv-none-elf/lib/rv32imac_xw/ilp32\libc_nano.a(lib_a-lock.o)
 .comment       0x0000000000000031       0x32 c:/dev_tools/ch32_tools/risc-v_embedded_gcc12/bin/../lib/gcc/riscv-none-elf/12.2.0/../../../../riscv-none-elf/lib/rv32imac_xw/ilp32\libc_nano.a(lib_a-makebuf.o)
 .comment       0x0000000000000031       0x32 c:/dev_tools/ch32_tools/risc-v_embedded_gcc12/bin/../lib/gcc/riscv-none-elf/12.2.0/../../../../riscv-none-elf/lib/rv32imac_xw/ilp32\libc_nano.a(lib_a-nano-freer.o)
 .comment       0x0000000000000031       0x32 c:/dev_tools/ch32_tools/risc-v_embedded_gcc12/bin/../lib/gcc/riscv-none-elf/12.2.0/../../../../riscv-none-elf/lib/rv32imac_xw/ilp32\libc_nano.a(lib_a-nano-mallocr.o)
 .comment       0x0000000000000031       0x32 c:/dev_tools/ch32_tools/risc-v_embedded_gcc12/bin/../lib/gcc/riscv-none-elf/12.2.0/../../../../riscv-none-elf/lib/rv32imac_xw/ilp32\libc_nano.a(lib_a-sbrkr.o)
 .comment       0x0000000000000031       0x32 c:/dev_tools/ch32_tools/risc-v_embedded_gcc12/bin/../lib/gcc/riscv-none-elf/12.2.0/../../../../riscv-none-elf/lib/rv32imac_xw/ilp32\libc_nano.a(lib_a-stdio.o)
 .comment       0x0000000000000031       0x32 c:/dev_tools/ch32_tools/risc-v_embedded_gcc12/bin/../lib/gcc/riscv-none-elf/12.2.0/../../../../riscv-none-elf/lib/rv32imac_xw/ilp32\libc_nano.a(lib_a-writer.o)
 .comment       0x0000000000000031       0x32 c:/dev_tools/ch32_tools/risc-v_embedded_gcc12/bin/../lib/gcc/riscv-none-elf/12.2.0/../../../../riscv-none-elf/lib/rv32imac_xw/ilp32\libc_nano.a(lib_a-closer.o)
 .comment       0x0000000000000031       0x32 c:/dev_tools/ch32_tools/risc-v_embedded_gcc12/bin/../lib/gcc/riscv-none-elf/12.2.0/../../../../riscv-none-elf/lib/rv32imac_xw/ilp32\libc_nano.a(lib_a-fstatr.o)
 .comment       0x0000000000000031       0x32 c:/dev_tools/ch32_tools/risc-v_embedded_gcc12/bin/../lib/gcc/riscv-none-elf/12.2.0/../../../../riscv-none-elf/lib/rv32imac_xw/ilp32\libc_nano.a(lib_a-isattyr.o)
 .comment       0x0000000000000031       0x32 c:/dev_tools/ch32_tools/risc-v_embedded_gcc12/bin/../lib/gcc/riscv-none-elf/12.2.0/../../../../riscv-none-elf/lib/rv32imac_xw/ilp32\libc_nano.a(lib_a-lseekr.o)
 .comment       0x0000000000000031       0x32 c:/dev_tools/ch32_tools/risc-v_embedded_gcc12/bin/../lib/gcc/riscv-none-elf/12.2.0/../../../../riscv-none-elf/lib/rv32imac_xw/ilp32\libc_nano.a(lib_a-mlock.o)
 .comment       0x0000000000000031       0x32 c:/dev_tools/ch32_tools/risc-v_embedded_gcc12/bin/../lib/gcc/riscv-none-elf/12.2.0/../../../../riscv-none-elf/lib/rv32imac_xw/ilp32\libc_nano.a(lib_a-readr.o)
 .comment       0x0000000000000031       0x32 c:/dev_tools/ch32_tools/risc-v_embedded_gcc12/bin/../lib/gcc/riscv-none-elf/12.2.0/../../../../riscv-none-elf/lib/rv32imac_xw/ilp32\libc_nano.a(lib_a-reent.o)
 .comment       0x0000000000000031       0x32 c:/dev_tools/ch32_tools/risc-v_embedded_gcc12/bin/../lib/gcc/riscv-none-elf/12.2.0/../../../../riscv-none-elf/lib/rv32imac_xw/ilp32\libnosys.a(close.o)
 .comment       0x0000000000000031       0x32 c:/dev_tools/ch32_tools/risc-v_embedded_gcc12/bin/../lib/gcc/riscv-none-elf/12.2.0/../../../../riscv-none-elf/lib/rv32imac_xw/ilp32\libnosys.a(fstat.o)
 .comment       0x0000000000000031       0x32 c:/dev_tools/ch32_tools/risc-v_embedded_gcc12/bin/../lib/gcc/riscv-none-elf/12.2.0/../../../../riscv-none-elf/lib/rv32imac_xw/ilp32\libnosys.a(isatty.o)
 .comment       0x0000000000000031       0x32 c:/dev_tools/ch32_tools/risc-v_embedded_gcc12/bin/../lib/gcc/riscv-none-elf/12.2.0/../../../../riscv-none-elf/lib/rv32imac_xw/ilp32\libnosys.a(lseek.o)
 .comment       0x0000000000000031       0x32 c:/dev_tools/ch32_tools/risc-v_embedded_gcc12/bin/../lib/gcc/riscv-none-elf/12.2.0/../../../../riscv-none-elf/lib/rv32imac_xw/ilp32\libnosys.a(read.o)
 .comment       0x0000000000000031       0x32 c:/dev_tools/ch32_tools/risc-v_embedded_gcc12/bin/../lib/gcc/riscv-none-elf/12.2.0/../../../../riscv-none-elf/lib/rv32imac_xw/ilp32\libnosys.a(sbrk.o)

.riscv.attributes
                0x0000000000000000       0x3a
 .riscv.attributes
                0x0000000000000000       0x3a Debug/ch32v203xx_it.o
 .riscv.attributes
                0x000000000000003a       0x3a Debug/ch32v20x_RVMSIS.o
 .riscv.attributes
                0x0000000000000074       0x3a Debug/main.o
 .riscv.attributes
                0x00000000000000ae       0x3a Debug/syscalls.o
 .riscv.attributes
                0x00000000000000e8       0x3a Debug/ch32v20x_usart.o
 .riscv.attributes
                0x0000000000000122       0x38 Debug/startup_ch32v20x_D6.o
 .riscv.attributes
                0x000000000000015a       0x3a c:/dev_tools/ch32_tools/risc-v_embedded_gcc12/bin/../lib/gcc/riscv-none-elf/12.2.0/../../../../riscv-none-elf/lib/rv32imac_xw/ilp32\libc_nano.a(lib_a-puts.o)
 .riscv.attributes
                0x0000000000000194       0x3a c:/dev_tools/ch32_tools/risc-v_embedded_gcc12/bin/../lib/gcc/riscv-none-elf/12.2.0/../../../../riscv-none-elf/lib/rv32imac_xw/ilp32\libc_nano.a(lib_a-wbuf.o)
 .riscv.attributes
                0x00000000000001ce       0x3a c:/dev_tools/ch32_tools/risc-v_embedded_gcc12/bin/../lib/gcc/riscv-none-elf/12.2.0/../../../../riscv-none-elf/lib/rv32imac_xw/ilp32\libc_nano.a(lib_a-wsetup.o)
 .riscv.attributes
                0x0000000000000208       0x3a c:/dev_tools/ch32_tools/risc-v_embedded_gcc12/bin/../lib/gcc/riscv-none-elf/12.2.0/../../../../riscv-none-elf/lib/rv32imac_xw/ilp32\libc_nano.a(lib_a-fflush.o)
 .riscv.attributes
                0x0000000000000242       0x3a c:/dev_tools/ch32_tools/risc-v_embedded_gcc12/bin/../lib/gcc/riscv-none-elf/12.2.0/../../../../riscv-none-elf/lib/rv32imac_xw/ilp32\libc_nano.a(lib_a-findfp.o)
 .riscv.attributes
                0x000000000000027c       0x3a c:/dev_tools/ch32_tools/risc-v_embedded_gcc12/bin/../lib/gcc/riscv-none-elf/12.2.0/../../../../riscv-none-elf/lib/rv32imac_xw/ilp32\libc_nano.a(lib_a-fwalk.o)
 .riscv.attributes
                0x00000000000002b6       0x3a c:/dev_tools/ch32_tools/risc-v_embedded_gcc12/bin/../lib/gcc/riscv-none-elf/12.2.0/../../../../riscv-none-elf/lib/rv32imac_xw/ilp32\libc_nano.a(lib_a-impure.o)
 .riscv.attributes
                0x00000000000002f0       0x3a c:/dev_tools/ch32_tools/risc-v_embedded_gcc12/bin/../lib/gcc/riscv-none-elf/12.2.0/../../../../riscv-none-elf/lib/rv32imac_xw/ilp32\libc_nano.a(lib_a-lock.o)
 .riscv.attributes
                0x000000000000032a       0x3a c:/dev_tools/ch32_tools/risc-v_embedded_gcc12/bin/../lib/gcc/riscv-none-elf/12.2.0/../../../../riscv-none-elf/lib/rv32imac_xw/ilp32\libc_nano.a(lib_a-makebuf.o)
 .riscv.attributes
                0x0000000000000364       0x38 c:/dev_tools/ch32_tools/risc-v_embedded_gcc12/bin/../lib/gcc/riscv-none-elf/12.2.0/../../../../riscv-none-elf/lib/rv32imac_xw/ilp32\libc_nano.a(lib_a-memset.o)
 .riscv.attributes
                0x000000000000039c       0x3a c:/dev_tools/ch32_tools/risc-v_embedded_gcc12/bin/../lib/gcc/riscv-none-elf/12.2.0/../../../../riscv-none-elf/lib/rv32imac_xw/ilp32\libc_nano.a(lib_a-nano-freer.o)
 .riscv.attributes
                0x00000000000003d6       0x3a c:/dev_tools/ch32_tools/risc-v_embedded_gcc12/bin/../lib/gcc/riscv-none-elf/12.2.0/../../../../riscv-none-elf/lib/rv32imac_xw/ilp32\libc_nano.a(lib_a-nano-mallocr.o)
 .riscv.attributes
                0x0000000000000410       0x3a c:/dev_tools/ch32_tools/risc-v_embedded_gcc12/bin/../lib/gcc/riscv-none-elf/12.2.0/../../../../riscv-none-elf/lib/rv32imac_xw/ilp32\libc_nano.a(lib_a-sbrkr.o)
 .riscv.attributes
                0x000000000000044a       0x3a c:/dev_tools/ch32_tools/risc-v_embedded_gcc12/bin/../lib/gcc/riscv-none-elf/12.2.0/../../../../riscv-none-elf/lib/rv32imac_xw/ilp32\libc_nano.a(lib_a-stdio.o)
 .riscv.attributes
                0x0000000000000484       0x3a c:/dev_tools/ch32_tools/risc-v_embedded_gcc12/bin/../lib/gcc/riscv-none-elf/12.2.0/../../../../riscv-none-elf/lib/rv32imac_xw/ilp32\libc_nano.a(lib_a-writer.o)
 .riscv.attributes
                0x00000000000004be       0x3a c:/dev_tools/ch32_tools/risc-v_embedded_gcc12/bin/../lib/gcc/riscv-none-elf/12.2.0/../../../../riscv-none-elf/lib/rv32imac_xw/ilp32\libc_nano.a(lib_a-closer.o)
 .riscv.attributes
                0x00000000000004f8       0x3a c:/dev_tools/ch32_tools/risc-v_embedded_gcc12/bin/../lib/gcc/riscv-none-elf/12.2.0/../../../../riscv-none-elf/lib/rv32imac_xw/ilp32\libc_nano.a(lib_a-fstatr.o)
 .riscv.attributes
                0x0000000000000532       0x3a c:/dev_tools/ch32_tools/risc-v_embedded_gcc12/bin/../lib/gcc/riscv-none-elf/12.2.0/../../../../riscv-none-elf/lib/rv32imac_xw/ilp32\libc_nano.a(lib_a-isattyr.o)
 .riscv.attributes
                0x000000000000056c       0x3a c:/dev_tools/ch32_tools/risc-v_embedded_gcc12/bin/../lib/gcc/riscv-none-elf/12.2.0/../../../../riscv-none-elf/lib/rv32imac_xw/ilp32\libc_nano.a(lib_a-lseekr.o)
 .riscv.attributes
                0x00000000000005a6       0x3a c:/dev_tools/ch32_tools/risc-v_embedded_gcc12/bin/../lib/gcc/riscv-none-elf/12.2.0/../../../../riscv-none-elf/lib/rv32imac_xw/ilp32\libc_nano.a(lib_a-mlock.o)
 .riscv.attributes
                0x00000000000005e0       0x3a c:/dev_tools/ch32_tools/risc-v_embedded_gcc12/bin/../lib/gcc/riscv-none-elf/12.2.0/../../../../riscv-none-elf/lib/rv32imac_xw/ilp32\libc_nano.a(lib_a-readr.o)
 .riscv.attributes
                0x000000000000061a       0x3a c:/dev_tools/ch32_tools/risc-v_embedded_gcc12/bin/../lib/gcc/riscv-none-elf/12.2.0/../../../../riscv-none-elf/lib/rv32imac_xw/ilp32\libc_nano.a(lib_a-reent.o)
 .riscv.attributes
                0x0000000000000654       0x3a c:/dev_tools/ch32_tools/risc-v_embedded_gcc12/bin/../lib/gcc/riscv-none-elf/12.2.0/../../../../riscv-none-elf/lib/rv32imac_xw/ilp32\libnosys.a(close.o)
 .riscv.attributes
                0x000000000000068e       0x3a c:/dev_tools/ch32_tools/risc-v_embedded_gcc12/bin/../lib/gcc/riscv-none-elf/12.2.0/../../../../riscv-none-elf/lib/rv32imac_xw/ilp32\libnosys.a(fstat.o)
 .riscv.attributes
                0x00000000000006c8       0x3a c:/dev_tools/ch32_tools/risc-v_embedded_gcc12/bin/../lib/gcc/riscv-none-elf/12.2.0/../../../../riscv-none-elf/lib/rv32imac_xw/ilp32\libnosys.a(isatty.o)
 .riscv.attributes
                0x0000000000000702       0x3a c:/dev_tools/ch32_tools/risc-v_embedded_gcc12/bin/../lib/gcc/riscv-none-elf/12.2.0/../../../../riscv-none-elf/lib/rv32imac_xw/ilp32\libnosys.a(lseek.o)
 .riscv.attributes
                0x000000000000073c       0x3a c:/dev_tools/ch32_tools/risc-v_embedded_gcc12/bin/../lib/gcc/riscv-none-elf/12.2.0/../../../../riscv-none-elf/lib/rv32imac_xw/ilp32\libnosys.a(read.o)
 .riscv.attributes
                0x0000000000000776       0x3a c:/dev_tools/ch32_tools/risc-v_embedded_gcc12/bin/../lib/gcc/riscv-none-elf/12.2.0/../../../../riscv-none-elf/lib/rv32imac_xw/ilp32\libnosys.a(sbrk.o)

.debug_frame    0x0000000000000000      0xcec
 .debug_frame   0x0000000000000000       0xf8 Debug/ch32v203xx_it.o
 .debug_frame   0x00000000000000f8      0x764 Debug/ch32v20x_RVMSIS.o
 .debug_frame   0x000000000000085c       0x2c Debug/main.o
 .debug_frame   0x0000000000000888       0x38 Debug/syscalls.o
 .debug_frame   0x00000000000008c0      0x42c Debug/ch32v20x_usart.o
