Archive member included to satisfy reference by file (symbol)

c:/dev_tools/stm32_tools/gnu-tools-for-stm32.12.3/tools/bin/../lib/gcc/arm-none-eabi/10.3.1/../../../../arm-none-eabi/lib/thumb/v7-m/nofp\libc_nano.a(lib_a-errno.o)
                              Debug/syscalls.o (__errno)
c:/dev_tools/stm32_tools/gnu-tools-for-stm32.12.3/tools/bin/../lib/gcc/arm-none-eabi/10.3.1/../../../../arm-none-eabi/lib/thumb/v7-m/nofp\libc_nano.a(lib_a-exit.o)
                              c:/dev_tools/stm32_tools/gnu-tools-for-stm32.12.3/tools/bin/../lib/gcc/arm-none-eabi/10.3.1/../../../../arm-none-eabi/lib/thumb/v7-m/nofp/crt0.o (exit)
c:/dev_tools/stm32_tools/gnu-tools-for-stm32.12.3/tools/bin/../lib/gcc/arm-none-eabi/10.3.1/../../../../arm-none-eabi/lib/thumb/v7-m/nofp\libc_nano.a(lib_a-impure.o)
                              c:/dev_tools/stm32_tools/gnu-tools-for-stm32.12.3/tools/bin/../lib/gcc/arm-none-eabi/10.3.1/../../../../arm-none-eabi/lib/thumb/v7-m/nofp\libc_nano.a(lib_a-exit.o) (_global_impure_ptr)
c:/dev_tools/stm32_tools/gnu-tools-for-stm32.12.3/tools/bin/../lib/gcc/arm-none-eabi/10.3.1/../../../../arm-none-eabi/lib/thumb/v7-m/nofp\libc_nano.a(lib_a-init.o)
                              c:/dev_tools/stm32_tools/gnu-tools-for-stm32.12.3/tools/bin/../lib/gcc/arm-none-eabi/10.3.1/../../../../arm-none-eabi/lib/thumb/v7-m/nofp/crt0.o (__libc_init_array)
c:/dev_tools/stm32_tools/gnu-tools-for-stm32.12.3/tools/bin/../lib/gcc/arm-none-eabi/10.3.1/../../../../arm-none-eabi/lib/thumb/v7-m/nofp\libc_nano.a(lib_a-memset.o)
                              c:/dev_tools/stm32_tools/gnu-tools-for-stm32.12.3/tools/bin/../lib/gcc/arm-none-eabi/10.3.1/../../../../arm-none-eabi/lib/thumb/v7-m/nofp/crt0.o (memset)
c:/dev_tools/stm32_tools/gnu-tools-for-stm32.12.3/tools/bin/../lib/gcc/arm-none-eabi/10.3.1/../../../../arm-none-eabi/lib/thumb/v7-m/nofp\libc_nano.a(lib_a-sprintf.o)
                              Debug/main.o (sprintf)
c:/dev_tools/stm32_tools/gnu-tools-for-stm32.12.3/tools/bin/../lib/gcc/arm-none-eabi/10.3.1/../../../../arm-none-eabi/lib/thumb/v7-m/nofp\libc_nano.a(lib_a-strlen.o)
                              Debug/main.o (strlen)
c:/dev_tools/stm32_tools/gnu-tools-for-stm32.12.3/tools/bin/../lib/gcc/arm-none-eabi/10.3.1/../../../../arm-none-eabi/lib/thumb/v7-m/nofp\libc_nano.a(lib_a-nano-svfprintf.o)
                              c:/dev_tools/stm32_tools/gnu-tools-for-stm32.12.3/tools/bin/../lib/gcc/arm-none-eabi/10.3.1/../../../../arm-none-eabi/lib/thumb/v7-m/nofp\libc_nano.a(lib_a-sprintf.o) (_svfprintf_r)
c:/dev_tools/stm32_tools/gnu-tools-for-stm32.12.3/tools/bin/../lib/gcc/arm-none-eabi/10.3.1/../../../../arm-none-eabi/lib/thumb/v7-m/nofp\libc_nano.a(lib_a-nano-vfprintf_i.o)
                              c:/dev_tools/stm32_tools/gnu-tools-for-stm32.12.3/tools/bin/../lib/gcc/arm-none-eabi/10.3.1/../../../../arm-none-eabi/lib/thumb/v7-m/nofp\libc_nano.a(lib_a-nano-svfprintf.o) (_printf_i)
c:/dev_tools/stm32_tools/gnu-tools-for-stm32.12.3/tools/bin/../lib/gcc/arm-none-eabi/10.3.1/../../../../arm-none-eabi/lib/thumb/v7-m/nofp\libc_nano.a(lib_a-memchr-stub.o)
                              c:/dev_tools/stm32_tools/gnu-tools-for-stm32.12.3/tools/bin/../lib/gcc/arm-none-eabi/10.3.1/../../../../arm-none-eabi/lib/thumb/v7-m/nofp\libc_nano.a(lib_a-nano-svfprintf.o) (memchr)
c:/dev_tools/stm32_tools/gnu-tools-for-stm32.12.3/tools/bin/../lib/gcc/arm-none-eabi/10.3.1/../../../../arm-none-eabi/lib/thumb/v7-m/nofp\libc_nano.a(lib_a-memcpy-stub.o)
                              c:/dev_tools/stm32_tools/gnu-tools-for-stm32.12.3/tools/bin/../lib/gcc/arm-none-eabi/10.3.1/../../../../arm-none-eabi/lib/thumb/v7-m/nofp\libc_nano.a(lib_a-nano-svfprintf.o) (memcpy)
c:/dev_tools/stm32_tools/gnu-tools-for-stm32.12.3/tools/bin/../lib/gcc/arm-none-eabi/10.3.1/../../../../arm-none-eabi/lib/thumb/v7-m/nofp\libc_nano.a(lib_a-memmove.o)
                              c:/dev_tools/stm32_tools/gnu-tools-for-stm32.12.3/tools/bin/../lib/gcc/arm-none-eabi/10.3.1/../../../../arm-none-eabi/lib/thumb/v7-m/nofp\libc_nano.a(lib_a-nano-svfprintf.o) (memmove)
c:/dev_tools/stm32_tools/gnu-tools-for-stm32.12.3/tools/bin/../lib/gcc/arm-none-eabi/10.3.1/../../../../arm-none-eabi/lib/thumb/v7-m/nofp\libc_nano.a(lib_a-nano-freer.o)
                              c:/dev_tools/stm32_tools/gnu-tools-for-stm32.12.3/tools/bin/../lib/gcc/arm-none-eabi/10.3.1/../../../../arm-none-eabi/lib/thumb/v7-m/nofp\libc_nano.a(lib_a-nano-svfprintf.o) (_free_r)
c:/dev_tools/stm32_tools/gnu-tools-for-stm32.12.3/tools/bin/../lib/gcc/arm-none-eabi/10.3.1/../../../../arm-none-eabi/lib/thumb/v7-m/nofp\libc_nano.a(lib_a-nano-mallocr.o)
                              c:/dev_tools/stm32_tools/gnu-tools-for-stm32.12.3/tools/bin/../lib/gcc/arm-none-eabi/10.3.1/../../../../arm-none-eabi/lib/thumb/v7-m/nofp\libc_nano.a(lib_a-nano-svfprintf.o) (_malloc_r)
c:/dev_tools/stm32_tools/gnu-tools-for-stm32.12.3/tools/bin/../lib/gcc/arm-none-eabi/10.3.1/../../../../arm-none-eabi/lib/thumb/v7-m/nofp\libc_nano.a(lib_a-nano-reallocr.o)
                              c:/dev_tools/stm32_tools/gnu-tools-for-stm32.12.3/tools/bin/../lib/gcc/arm-none-eabi/10.3.1/../../../../arm-none-eabi/lib/thumb/v7-m/nofp\libc_nano.a(lib_a-nano-svfprintf.o) (_realloc_r)
c:/dev_tools/stm32_tools/gnu-tools-for-stm32.12.3/tools/bin/../lib/gcc/arm-none-eabi/10.3.1/../../../../arm-none-eabi/lib/thumb/v7-m/nofp\libc_nano.a(lib_a-sbrkr.o)
                              c:/dev_tools/stm32_tools/gnu-tools-for-stm32.12.3/tools/bin/../lib/gcc/arm-none-eabi/10.3.1/../../../../arm-none-eabi/lib/thumb/v7-m/nofp\libc_nano.a(lib_a-nano-mallocr.o) (_sbrk_r)
c:/dev_tools/stm32_tools/gnu-tools-for-stm32.12.3/tools/bin/../lib/gcc/arm-none-eabi/10.3.1/../../../../arm-none-eabi/lib/thumb/v7-m/nofp\libc_nano.a(lib_a-mlock.o)
                              c:/dev_tools/stm32_tools/gnu-tools-for-stm32.12.3/tools/bin/../lib/gcc/arm-none-eabi/10.3.1/../../../../arm-none-eabi/lib/thumb/v7-m/nofp\libc_nano.a(lib_a-nano-freer.o) (__malloc_lock)
c:/dev_tools/stm32_tools/gnu-tools-for-stm32.12.3/tools/bin/../lib/gcc/arm-none-eabi/10.3.1/../../../../arm-none-eabi/lib/thumb/v7-m/nofp\libc_nano.a(lib_a-nano-msizer.o)
                              c:/dev_tools/stm32_tools/gnu-tools-for-stm32.12.3/tools/bin/../lib/gcc/arm-none-eabi/10.3.1/../../../../arm-none-eabi/lib/thumb/v7-m/nofp\libc_nano.a(lib_a-nano-reallocr.o) (_malloc_usable_size_r)
c:/dev_tools/stm32_tools/gnu-tools-for-stm32.12.3/tools/bin/../lib/gcc/arm-none-eabi/10.3.1/../../../../arm-none-eabi/lib/thumb/v7-m/nofp\libc_nano.a(lib_a-reent.o)
                              c:/dev_tools/stm32_tools/gnu-tools-for-stm32.12.3/tools/bin/../lib/gcc/arm-none-eabi/10.3.1/../../../../arm-none-eabi/lib/thumb/v7-m/nofp\libc_nano.a(lib_a-sbrkr.o) (errno)
c:/dev_tools/stm32_tools/gnu-tools-for-stm32.12.3/tools/bin/../lib/gcc/arm-none-eabi/10.3.1/../../../../arm-none-eabi/lib/thumb/v7-m/nofp\libc_nano.a(lib_a-lock.o)
                              c:/dev_tools/stm32_tools/gnu-tools-for-stm32.12.3/tools/bin/../lib/gcc/arm-none-eabi/10.3.1/../../../../arm-none-eabi/lib/thumb/v7-m/nofp\libc_nano.a(lib_a-mlock.o) (__retarget_lock_acquire_recursive)

Discarded input sections

 .text          0x00000000        0x0 c:/dev_tools/stm32_tools/gnu-tools-for-stm32.12.3/tools/bin/../lib/gcc/arm-none-eabi/10.3.1/thumb/v7-m/nofp/crti.o
 .data          0x00000000        0x0 c:/dev_tools/stm32_tools/gnu-tools-for-stm32.12.3/tools/bin/../lib/gcc/arm-none-eabi/10.3.1/thumb/v7-m/nofp/crti.o
 .bss           0x00000000        0x0 c:/dev_tools/stm32_tools/gnu-tools-for-stm32.12.3/tools/bin/../lib/gcc/arm-none-eabi/10.3.1/thumb/v7-m/nofp/crti.o
 .data          0x00000000        0x4 c:/dev_tools/stm32_tools/gnu-tools-for-stm32.12.3/tools/bin/../lib/gcc/arm-none-eabi/10.3.1/thumb/v7-m/nofp/crtbegin.o
 .rodata        0x00000000       0x24 c:/dev_tools/stm32_tools/gnu-tools-for-stm32.12.3/tools/bin/../lib/gcc/arm-none-eabi/10.3.1/thumb/v7-m/nofp/crtbegin.o
 .text          0x00000000       0x7c c:/dev_tools/stm32_tools/gnu-tools-for-stm32.12.3/tools/bin/../lib/gcc/arm-none-eabi/10.3.1/../../../../arm-none-eabi/lib/thumb/v7-m/nofp/crt0.o
 .data          0x00000000        0x0 c:/dev_tools/stm32_tools/gnu-tools-for-stm32.12.3/tools/bin/../lib/gcc/arm-none-eabi/10.3.1/../../../../arm-none-eabi/lib/thumb/v7-m/nofp/crt0.o
 .bss           0x00000000        0x0 c:/dev_tools/stm32_tools/gnu-tools-for-stm32.12.3/tools/bin/../lib/gcc/arm-none-eabi/10.3.1/../../../../arm-none-eabi/lib/thumb/v7-m/nofp/crt0.o
 .ARM.extab     0x00000000        0x0 c:/dev_tools/stm32_tools/gnu-tools-for-stm32.12.3/tools/bin/../lib/gcc/arm-none-eabi/10.3.1/../../../../arm-none-eabi/lib/thumb/v7-m/nofp/crt0.o
 .ARM.exidx     0x00000000       0x10 c:/dev_tools/stm32_tools/gnu-tools-for-stm32.12.3/tools/bin/../lib/gcc/arm-none-eabi/10.3.1/../../../../arm-none-eabi/lib/thumb/v7-m/nofp/crt0.o
 .ARM.attributes
                0x00000000       0x1b c:/dev_tools/stm32_tools/gnu-tools-for-stm32.12.3/tools/bin/../lib/gcc/arm-none-eabi/10.3.1/../../../../arm-none-eabi/lib/thumb/v7-m/nofp/crt0.o
 .group         0x00000000        0xc Debug/main.o
 .group         0x00000000        0xc Debug/main.o
 .group         0x00000000        0xc Debug/main.o
 .group         0x00000000        0xc Debug/main.o
 .group         0x00000000        0xc Debug/main.o
 .group         0x00000000        0xc Debug/main.o
 .group         0x00000000        0xc Debug/main.o
 .group         0x00000000        0xc Debug/main.o
 .group         0x00000000        0xc Debug/main.o
 .group         0x00000000        0xc Debug/main.o
 .group         0x00000000        0xc Debug/main.o
 .group         0x00000000        0xc Debug/main.o
 .group         0x00000000        0xc Debug/main.o
 .group         0x00000000        0xc Debug/main.o
 .group         0x00000000        0xc Debug/main.o
 .group         0x00000000        0xc Debug/main.o
 .group         0x00000000        0xc Debug/main.o
 .group         0x00000000        0xc Debug/main.o
 .group         0x00000000        0xc Debug/main.o
 .group         0x00000000        0xc Debug/main.o
 .group         0x00000000        0xc Debug/main.o
 .group         0x00000000        0xc Debug/main.o
 .group         0x00000000        0xc Debug/main.o
 .group         0x00000000        0xc Debug/main.o
 .group         0x00000000        0xc Debug/main.o
 .group         0x00000000        0xc Debug/main.o
 .group         0x00000000        0xc Debug/main.o
 .group         0x00000000        0xc Debug/main.o
 .group         0x00000000        0xc Debug/main.o
 .group         0x00000000        0xc Debug/main.o
 .group         0x00000000        0xc Debug/main.o
 .group         0x00000000        0xc Debug/main.o
 .group         0x00000000        0xc Debug/main.o
 .group         0x00000000        0xc Debug/main.o
 .group         0x00000000        0xc Debug/main.o
 .group         0x00000000        0xc Debug/main.o
 .group         0x00000000        0xc Debug/main.o
 .group         0x00000000        0xc Debug/main.o
 .group         0x00000000        0xc Debug/main.o
 .group         0x00000000        0xc Debug/main.o
 .group         0x00000000        0xc Debug/main.o
 .group         0x00000000        0xc Debug/main.o
 .group         0x00000000        0xc Debug/main.o
 .group         0x00000000        0xc Debug/main.o
 .group         0x00000000        0xc Debug/main.o
 .group         0x00000000        0xc Debug/main.o
 .text          0x00000000        0x0 Debug/main.o
 .data          0x00000000        0x0 Debug/main.o
 .bss           0x00000000        0x0 Debug/main.o
 .group         0x00000000        0xc Debug/stm32f103xx_CMSIS.o
 .group         0x00000000        0xc Debug/stm32f103xx_CMSIS.o
 .group         0x00000000        0xc Debug/stm32f103xx_CMSIS.o
 .group         0x00000000        0xc Debug/stm32f103xx_CMSIS.o
 .group         0x00000000        0xc Debug/stm32f103xx_CMSIS.o
 .group         0x00000000        0xc Debug/stm32f103xx_CMSIS.o
 .group         0x00000000        0xc Debug/stm32f103xx_CMSIS.o
 .group         0x00000000        0xc Debug/stm32f103xx_CMSIS.o
 .group         0x00000000        0xc Debug/stm32f103xx_CMSIS.o
 .group         0x00000000        0xc Debug/stm32f103xx_CMSIS.o
 .group         0x00000000        0xc Debug/stm32f103xx_CMSIS.o
 .group         0x00000000        0xc Debug/stm32f103xx_CMSIS.o
 .group         0x00000000        0xc Debug/stm32f103xx_CMSIS.o
 .group         0x00000000        0xc Debug/stm32f103xx_CMSIS.o
 .group         0x00000000        0xc Debug/stm32f103xx_CMSIS.o
 .group         0x00000000        0xc Debug/stm32f103xx_CMSIS.o
 .group         0x00000000        0xc Debug/stm32f103xx_CMSIS.o
 .group         0x00000000        0xc Debug/stm32f103xx_CMSIS.o
 .group         0x00000000        0xc Debug/stm32f103xx_CMSIS.o
 .group         0x00000000        0xc Debug/stm32f103xx_CMSIS.o
 .group         0x00000000        0xc Debug/stm32f103xx_CMSIS.o
 .group         0x00000000        0xc Debug/stm32f103xx_CMSIS.o
 .group         0x00000000        0xc Debug/stm32f103xx_CMSIS.o
 .group         0x00000000        0xc Debug/stm32f103xx_CMSIS.o
 .group         0x00000000        0xc Debug/stm32f103xx_CMSIS.o
 .group         0x00000000        0xc Debug/stm32f103xx_CMSIS.o
 .group         0x00000000        0xc Debug/stm32f103xx_CMSIS.o
 .group         0x00000000        0xc Debug/stm32f103xx_CMSIS.o
 .group         0x00000000        0xc Debug/stm32f103xx_CMSIS.o
 .group         0x00000000        0xc Debug/stm32f103xx_CMSIS.o
 .group         0x00000000        0xc Debug/stm32f103xx_CMSIS.o
 .group         0x00000000        0xc Debug/stm32f103xx_CMSIS.o
 .group         0x00000000        0xc Debug/stm32f103xx_CMSIS.o
 .group         0x00000000        0xc Debug/stm32f103xx_CMSIS.o
 .group         0x00000000        0xc Debug/stm32f103xx_CMSIS.o
 .group         0x00000000        0xc Debug/stm32f103xx_CMSIS.o
 .group         0x00000000        0xc Debug/stm32f103xx_CMSIS.o
 .group         0x00000000        0xc Debug/stm32f103xx_CMSIS.o
 .group         0x00000000        0xc Debug/stm32f103xx_CMSIS.o
 .group         0x00000000        0xc Debug/stm32f103xx_CMSIS.o
 .group         0x00000000        0xc Debug/stm32f103xx_CMSIS.o
 .group         0x00000000        0xc Debug/stm32f103xx_CMSIS.o
 .group         0x00000000        0xc Debug/stm32f103xx_CMSIS.o
 .group         0x00000000        0xc Debug/stm32f103xx_CMSIS.o
 .group         0x00000000        0xc Debug/stm32f103xx_CMSIS.o
 .group         0x00000000        0xc Debug/stm32f103xx_CMSIS.o
 .text          0x00000000        0x0 Debug/stm32f103xx_CMSIS.o
 .data          0x00000000        0x0 Debug/stm32f103xx_CMSIS.o
 .bss           0x00000000        0x0 Debug/stm32f103xx_CMSIS.o
 .text.Delay_ms
                0x00000000       0x28 Debug/stm32f103xx_CMSIS.o
 .text.SysTick_Handler
                0x00000000       0x48 Debug/stm32f103xx_CMSIS.o
 .text.CMSIS_PC13_OUTPUT_Push_Pull_init
                0x00000000       0x3c Debug/stm32f103xx_CMSIS.o
 .text.CMSIS_Blink_PC13
                0x00000000       0x30 Debug/stm32f103xx_CMSIS.o
 .text.CMSIS_PA8_MCO_init
                0x00000000       0x48 Debug/stm32f103xx_CMSIS.o
 .text.CMSIS_RCC_AFIO_enable
                0x00000000       0x1c Debug/stm32f103xx_CMSIS.o
 .text.CMSIS_AFIO_EXTICR1_B0_select
                0x00000000       0x20 Debug/stm32f103xx_CMSIS.o
 .text.CMSIS_PB0_INPUT_Pull_Down_init
                0x00000000       0x44 Debug/stm32f103xx_CMSIS.o
 .text.CMSIS_EXTI_0_init
                0x00000000       0x2c Debug/stm32f103xx_CMSIS.o
 .text.CMSIS_TIM3_init
                0x00000000       0xa8 Debug/stm32f103xx_CMSIS.o
 .text.CMSIS_TIM3_PWM_CHANNEL1_init
                0x00000000       0xa0 Debug/stm32f103xx_CMSIS.o
 .text.CMSIS_TIM3_PWM_CHANNEL2_init
                0x00000000       0xa0 Debug/stm32f103xx_CMSIS.o
 .text.CMSIS_TIM1_init
                0x00000000       0xc0 Debug/stm32f103xx_CMSIS.o
 .text.CMSIS_TIM1_PWM_CHANNEL1_init
                0x00000000       0xa0 Debug/stm32f103xx_CMSIS.o
 .text.CMSIS_TIM1_PWM_CHANNEL2_init
                0x00000000       0xa0 Debug/stm32f103xx_CMSIS.o
 .bss.ADC_RAW_Data
                0x00000000        0x4 Debug/stm32f103xx_CMSIS.o
 .text.CMSIS_ADC_DMA_init
                0x00000000      0x258 Debug/stm32f103xx_CMSIS.o
 .text.CMSIS_USART2_Init
                0x00000000      0x154 Debug/stm32f103xx_CMSIS.o
 .text.CMSIS_I2C_Reset
                0x00000000       0x48 Debug/stm32f103xx_CMSIS.o
 .text.CMSIS_I2C1_Init
                0x00000000      0x19c Debug/stm32f103xx_CMSIS.o
 .text.CMSIS_I2C_Adress_Device_Scan
                0x00000000      0x138 Debug/stm32f103xx_CMSIS.o
 .text.CMSIS_I2C_Data_Transmit
                0x00000000      0x194 Debug/stm32f103xx_CMSIS.o
 .text.CMSIS_I2C_Data_Receive
                0x00000000      0x1d4 Debug/stm32f103xx_CMSIS.o
 .text.CMSIS_I2C_MemWrite
                0x00000000      0x1fc Debug/stm32f103xx_CMSIS.o
 .text.CMSIS_I2C_MemRead
                0x00000000      0x2b4 Debug/stm32f103xx_CMSIS.o
 .text.CMSIS_SPI1_init
                0x00000000      0x190 Debug/stm32f103xx_CMSIS.o
 .text.CMSIS_SPI_Data_Transmit_8BIT
                0x00000000       0xbc Debug/stm32f103xx_CMSIS.o
 .text.CMSIS_SPI_Data_Transmit_16BIT
                0x00000000       0xc0 Debug/stm32f103xx_CMSIS.o
 .text.CMSIS_SPI_Data_Receive_8BIT
                0x00000000       0xb4 Debug/stm32f103xx_CMSIS.o
 .text.CMSIS_SPI_Data_Receive_16BIT
                0x00000000       0xb8 Debug/stm32f103xx_CMSIS.o
 .text.FLASH_Unlock
                0x00000000       0x24 Debug/stm32f103xx_CMSIS.o
 .text.FLASH_Lock
                0x00000000       0x1c Debug/stm32f103xx_CMSIS.o
 .text.FLASH_Page_erase
                0x00000000       0x70 Debug/stm32f103xx_CMSIS.o
 .text.FLASH_Page_write
                0x00000000      0x11c Debug/stm32f103xx_CMSIS.o
 .text.FLASH_Read_data
                0x00000000       0xa4 Debug/stm32f103xx_CMSIS.o
 .debug_macro   0x00000000      0xa66 Debug/stm32f103xx_CMSIS.o
 .debug_macro   0x00000000       0x2e Debug/stm32f103xx_CMSIS.o
 .debug_macro   0x00000000       0x22 Debug/stm32f103xx_CMSIS.o
 .debug_macro   0x00000000       0x22 Debug/stm32f103xx_CMSIS.o
 .debug_macro   0x00000000       0x8e Debug/stm32f103xx_CMSIS.o
 .debug_macro   0x00000000       0x51 Debug/stm32f103xx_CMSIS.o
 .debug_macro   0x00000000      0x103 Debug/stm32f103xx_CMSIS.o
 .debug_macro   0x00000000       0x6a Debug/stm32f103xx_CMSIS.o
 .debug_macro   0x00000000      0x1df Debug/stm32f103xx_CMSIS.o
 .debug_macro   0x00000000       0x1c Debug/stm32f103xx_CMSIS.o
 .debug_macro   0x00000000       0x22 Debug/stm32f103xx_CMSIS.o
 .debug_macro   0x00000000       0xbd Debug/stm32f103xx_CMSIS.o
 .debug_macro   0x00000000      0xd23 Debug/stm32f103xx_CMSIS.o
 .debug_macro   0x00000000     0xe09e Debug/stm32f103xx_CMSIS.o
 .debug_macro   0x00000000       0x6d Debug/stm32f103xx_CMSIS.o
 .debug_macro   0x00000000       0x22 Debug/stm32f103xx_CMSIS.o
 .debug_macro   0x00000000       0x52 Debug/stm32f103xx_CMSIS.o
 .debug_macro   0x00000000       0x18 Debug/stm32f103xx_CMSIS.o
 .debug_macro   0x00000000       0x3c Debug/stm32f103xx_CMSIS.o
 .debug_macro   0x00000000       0x34 Debug/stm32f103xx_CMSIS.o
 .debug_macro   0x00000000       0x16 Debug/stm32f103xx_CMSIS.o
 .debug_macro   0x00000000       0x97 Debug/stm32f103xx_CMSIS.o
 .debug_macro   0x00000000      0x341 Debug/stm32f103xx_CMSIS.o
 .debug_macro   0x00000000       0xfd Debug/stm32f103xx_CMSIS.o
 .debug_macro   0x00000000       0x10 Debug/stm32f103xx_CMSIS.o
 .debug_macro   0x00000000       0x16 Debug/stm32f103xx_CMSIS.o
 .debug_macro   0x00000000       0x43 Debug/stm32f103xx_CMSIS.o
 .debug_macro   0x00000000       0x34 Debug/stm32f103xx_CMSIS.o
 .debug_macro   0x00000000       0x10 Debug/stm32f103xx_CMSIS.o
 .debug_macro   0x00000000       0x58 Debug/stm32f103xx_CMSIS.o
 .debug_macro   0x00000000       0x71 Debug/stm32f103xx_CMSIS.o
 .debug_macro   0x00000000       0x1c Debug/stm32f103xx_CMSIS.o
 .debug_macro   0x00000000      0x12a Debug/stm32f103xx_CMSIS.o
 .debug_macro   0x00000000       0x10 Debug/stm32f103xx_CMSIS.o
 .debug_macro   0x00000000       0x1c Debug/stm32f103xx_CMSIS.o
 .debug_macro   0x00000000       0x52 Debug/stm32f103xx_CMSIS.o
 .debug_macro   0x00000000       0x22 Debug/stm32f103xx_CMSIS.o
 .debug_macro   0x00000000       0x10 Debug/stm32f103xx_CMSIS.o
 .debug_macro   0x00000000       0x52 Debug/stm32f103xx_CMSIS.o
 .debug_macro   0x00000000       0xd5 Debug/stm32f103xx_CMSIS.o
 .debug_macro   0x00000000       0x1c Debug/stm32f103xx_CMSIS.o
 .debug_macro   0x00000000       0x3d Debug/stm32f103xx_CMSIS.o
 .debug_macro   0x00000000       0x16 Debug/stm32f103xx_CMSIS.o
 .debug_macro   0x00000000      0x145 Debug/stm32f103xx_CMSIS.o
 .debug_macro   0x00000000       0x16 Debug/stm32f103xx_CMSIS.o
 .debug_macro   0x00000000       0x35 Debug/stm32f103xx_CMSIS.o
 .group         0x00000000        0xc Debug/stm32f103xx_it.o
 .group         0x00000000        0xc Debug/stm32f103xx_it.o
 .group         0x00000000        0xc Debug/stm32f103xx_it.o
 .group         0x00000000        0xc Debug/stm32f103xx_it.o
 .group         0x00000000        0xc Debug/stm32f103xx_it.o
 .group         0x00000000        0xc Debug/stm32f103xx_it.o
 .group         0x00000000        0xc Debug/stm32f103xx_it.o
 .group         0x00000000        0xc Debug/stm32f103xx_it.o
 .group         0x00000000        0xc Debug/stm32f103xx_it.o
 .group         0x00000000        0xc Debug/stm32f103xx_it.o
 .group         0x00000000        0xc Debug/stm32f103xx_it.o
 .group         0x00000000        0xc Debug/stm32f103xx_it.o
 .group         0x00000000        0xc Debug/stm32f103xx_it.o
 .group         0x00000000        0xc Debug/stm32f103xx_it.o
 .group         0x00000000        0xc Debug/stm32f103xx_it.o
 .group         0x00000000        0xc Debug/stm32f103xx_it.o
 .group         0x00000000        0xc Debug/stm32f103xx_it.o
 .group         0x00000000        0xc Debug/stm32f103xx_it.o
 .group         0x00000000        0xc Debug/stm32f103xx_it.o
 .group         0x00000000        0xc Debug/stm32f103xx_it.o
 .group         0x00000000        0xc Debug/stm32f103xx_it.o
 .group         0x00000000        0xc Debug/stm32f103xx_it.o
 .group         0x00000000        0xc Debug/stm32f103xx_it.o
 .group         0x00000000        0xc Debug/stm32f103xx_it.o
 .group         0x00000000        0xc Debug/stm32f103xx_it.o
 .group         0x00000000        0xc Debug/stm32f103xx_it.o
 .group         0x00000000        0xc Debug/stm32f103xx_it.o
 .group         0x00000000        0xc Debug/stm32f103xx_it.o
 .group         0x00000000        0xc Debug/stm32f103xx_it.o
 .group         0x00000000        0xc Debug/stm32f103xx_it.o
 .group         0x00000000        0xc Debug/stm32f103xx_it.o
 .group         0x00000000        0xc Debug/stm32f103xx_it.o
 .group         0x00000000        0xc Debug/stm32f103xx_it.o
 .group         0x00000000        0xc Debug/stm32f103xx_it.o
 .group         0x00000000        0xc Debug/stm32f103xx_it.o
 .group         0x00000000        0xc Debug/stm32f103xx_it.o
 .group         0x00000000        0xc Debug/stm32f103xx_it.o
 .group         0x00000000        0xc Debug/stm32f103xx_it.o
 .group         0x00000000        0xc Debug/stm32f103xx_it.o
 .group         0x00000000        0xc Debug/stm32f103xx_it.o
 .group         0x00000000        0xc Debug/stm32f103xx_it.o
 .group         0x00000000        0xc Debug/stm32f103xx_it.o
 .group         0x00000000        0xc Debug/stm32f103xx_it.o
 .group         0x00000000        0xc Debug/stm32f103xx_it.o
 .group         0x00000000        0xc Debug/stm32f103xx_it.o
 .group         0x00000000        0xc Debug/stm32f103xx_it.o
 .text          0x00000000        0x0 Debug/stm32f103xx_it.o
 .data          0x00000000        0x0 Debug/stm32f103xx_it.o
 .bss           0x00000000        0x0 Debug/stm32f103xx_it.o
 .debug_macro   0x00000000      0xa66 Debug/stm32f103xx_it.o
 .debug_macro   0x00000000       0x2e Debug/stm32f103xx_it.o
 .debug_macro   0x00000000       0x22 Debug/stm32f103xx_it.o
 .debug_macro   0x00000000       0x22 Debug/stm32f103xx_it.o
 .debug_macro   0x00000000       0x8e Debug/stm32f103xx_it.o
 .debug_macro   0x00000000       0x51 Debug/stm32f103xx_it.o
 .debug_macro   0x00000000      0x103 Debug/stm32f103xx_it.o
 .debug_macro   0x00000000       0x6a Debug/stm32f103xx_it.o
 .debug_macro   0x00000000      0x1df Debug/stm32f103xx_it.o
 .debug_macro   0x00000000       0x1c Debug/stm32f103xx_it.o
 .debug_macro   0x00000000       0x22 Debug/stm32f103xx_it.o
 .debug_macro   0x00000000       0xbd Debug/stm32f103xx_it.o
 .debug_macro   0x00000000      0xd23 Debug/stm32f103xx_it.o
 .debug_macro   0x00000000     0xe09e Debug/stm32f103xx_it.o
 .debug_macro   0x00000000       0x6d Debug/stm32f103xx_it.o
 .debug_macro   0x00000000       0x22 Debug/stm32f103xx_it.o
 .debug_macro   0x00000000       0x52 Debug/stm32f103xx_it.o
 .debug_macro   0x00000000       0x18 Debug/stm32f103xx_it.o
 .debug_macro   0x00000000       0x3c Debug/stm32f103xx_it.o
 .debug_macro   0x00000000       0x34 Debug/stm32f103xx_it.o
 .debug_macro   0x00000000       0x16 Debug/stm32f103xx_it.o
 .debug_macro   0x00000000       0x97 Debug/stm32f103xx_it.o
 .debug_macro   0x00000000      0x341 Debug/stm32f103xx_it.o
 .debug_macro   0x00000000       0xfd Debug/stm32f103xx_it.o
 .debug_macro   0x00000000       0x10 Debug/stm32f103xx_it.o
 .debug_macro   0x00000000       0x16 Debug/stm32f103xx_it.o
 .debug_macro   0x00000000       0x43 Debug/stm32f103xx_it.o
 .debug_macro   0x00000000       0x34 Debug/stm32f103xx_it.o
 .debug_macro   0x00000000       0x10 Debug/stm32f103xx_it.o
 .debug_macro   0x00000000       0x58 Debug/stm32f103xx_it.o
 .debug_macro   0x00000000       0x71 Debug/stm32f103xx_it.o
 .debug_macro   0x00000000       0x1c Debug/stm32f103xx_it.o
 .debug_macro   0x00000000      0x12a Debug/stm32f103xx_it.o
 .debug_macro   0x00000000       0x10 Debug/stm32f103xx_it.o
 .debug_macro   0x00000000       0x1c Debug/stm32f103xx_it.o
 .debug_macro   0x00000000       0x52 Debug/stm32f103xx_it.o
 .debug_macro   0x00000000       0x22 Debug/stm32f103xx_it.o
 .debug_macro   0x00000000       0x10 Debug/stm32f103xx_it.o
 .debug_macro   0x00000000       0x52 Debug/stm32f103xx_it.o
 .debug_macro   0x00000000       0xd5 Debug/stm32f103xx_it.o
 .debug_macro   0x00000000       0x1c Debug/stm32f103xx_it.o
 .debug_macro   0x00000000       0x3d Debug/stm32f103xx_it.o
 .debug_macro   0x00000000       0x16 Debug/stm32f103xx_it.o
 .debug_macro   0x00000000      0x145 Debug/stm32f103xx_it.o
 .debug_macro   0x00000000       0x16 Debug/stm32f103xx_it.o
 .debug_macro   0x00000000       0x35 Debug/stm32f103xx_it.o
 .group         0x00000000        0xc Debug/syscalls.o
 .group         0x00000000        0xc Debug/syscalls.o
 .group         0x00000000        0xc Debug/syscalls.o
 .group         0x00000000        0xc Debug/syscalls.o
 .group         0x00000000        0xc Debug/syscalls.o
 .group         0x00000000        0xc Debug/syscalls.o
 .group         0x00000000        0xc Debug/syscalls.o
 .group         0x00000000        0xc Debug/syscalls.o
 .group         0x00000000        0xc Debug/syscalls.o
 .group         0x00000000        0xc Debug/syscalls.o
 .group         0x00000000        0xc Debug/syscalls.o
 .group         0x00000000        0xc Debug/syscalls.o
 .group         0x00000000        0xc Debug/syscalls.o
 .group         0x00000000        0xc Debug/syscalls.o
 .group         0x00000000        0xc Debug/syscalls.o
 .group         0x00000000        0xc Debug/syscalls.o
 .group         0x00000000        0xc Debug/syscalls.o
 .group         0x00000000        0xc Debug/syscalls.o
 .group         0x00000000        0xc Debug/syscalls.o
 .group         0x00000000        0xc Debug/syscalls.o
 .group         0x00000000        0xc Debug/syscalls.o
 .group         0x00000000        0xc Debug/syscalls.o
 .group         0x00000000        0xc Debug/syscalls.o
 .group         0x00000000        0xc Debug/syscalls.o
 .group         0x00000000        0xc Debug/syscalls.o
 .group         0x00000000        0xc Debug/syscalls.o
 .group         0x00000000        0xc Debug/syscalls.o
 .group         0x00000000        0xc Debug/syscalls.o
 .group         0x00000000        0xc Debug/syscalls.o
 .group         0x00000000        0xc Debug/syscalls.o
 .group         0x00000000        0xc Debug/syscalls.o
 .group         0x00000000        0xc Debug/syscalls.o
 .group         0x00000000        0xc Debug/syscalls.o
 .group         0x00000000        0xc Debug/syscalls.o
 .group         0x00000000        0xc Debug/syscalls.o
 .group         0x00000000        0xc Debug/syscalls.o
 .group         0x00000000        0xc Debug/syscalls.o
 .group         0x00000000        0xc Debug/syscalls.o
 .group         0x00000000        0xc Debug/syscalls.o
 .group         0x00000000        0xc Debug/syscalls.o
 .group         0x00000000        0xc Debug/syscalls.o
 .group         0x00000000        0xc Debug/syscalls.o
 .group         0x00000000        0xc Debug/syscalls.o
 .group         0x00000000        0xc Debug/syscalls.o
 .group         0x00000000        0xc Debug/syscalls.o
 .group         0x00000000        0xc Debug/syscalls.o
 .group         0x00000000        0xc Debug/syscalls.o
 .text          0x00000000        0x0 Debug/syscalls.o
 .data          0x00000000        0x0 Debug/syscalls.o
 .bss           0x00000000        0x0 Debug/syscalls.o
 .bss.__env     0x00000000        0x4 Debug/syscalls.o
 .data.environ  0x00000000        0x4 Debug/syscalls.o
 .text.initialise_monitor_handles
                0x00000000        0xc Debug/syscalls.o
 .text._getpid  0x00000000        0xe Debug/syscalls.o
 .text._kill    0x00000000       0x20 Debug/syscalls.o
 .text._exit    0x00000000       0x14 Debug/syscalls.o
 .text._read    0x00000000       0x3a Debug/syscalls.o
 .text._write   0x00000000       0x38 Debug/syscalls.o
 .text._close   0x00000000       0x16 Debug/syscalls.o
 .text._fstat   0x00000000       0x1e Debug/syscalls.o
 .text._isatty  0x00000000       0x14 Debug/syscalls.o
 .text._lseek   0x00000000       0x18 Debug/syscalls.o
 .text._open    0x00000000       0x1a Debug/syscalls.o
 .text._wait    0x00000000       0x1e Debug/syscalls.o
 .text._unlink  0x00000000       0x1e Debug/syscalls.o
 .text._times   0x00000000       0x16 Debug/syscalls.o
 .text._stat    0x00000000       0x1e Debug/syscalls.o
 .text._link    0x00000000       0x20 Debug/syscalls.o
 .text._fork    0x00000000       0x16 Debug/syscalls.o
 .text._execve  0x00000000       0x22 Debug/syscalls.o
 .debug_info    0x00000000      0x6b2 Debug/syscalls.o
 .debug_abbrev  0x00000000      0x180 Debug/syscalls.o
 .debug_aranges
                0x00000000       0xa8 Debug/syscalls.o
 .debug_ranges  0x00000000       0x98 Debug/syscalls.o
 .debug_macro   0x00000000      0x252 Debug/syscalls.o
 .debug_macro   0x00000000      0xa66 Debug/syscalls.o
 .debug_macro   0x00000000       0x10 Debug/syscalls.o
 .debug_macro   0x00000000       0x22 Debug/syscalls.o
 .debug_macro   0x00000000       0x4c Debug/syscalls.o
 .debug_macro   0x00000000       0x18 Debug/syscalls.o
 .debug_macro   0x00000000       0x94 Debug/syscalls.o
 .debug_macro   0x00000000       0x3c Debug/syscalls.o
 .debug_macro   0x00000000       0x34 Debug/syscalls.o
 .debug_macro   0x00000000      0x174 Debug/syscalls.o
 .debug_macro   0x00000000       0x16 Debug/syscalls.o
 .debug_macro   0x00000000       0x43 Debug/syscalls.o
 .debug_macro   0x00000000       0x57 Debug/syscalls.o
 .debug_macro   0x00000000       0x34 Debug/syscalls.o
 .debug_macro   0x00000000       0x10 Debug/syscalls.o
 .debug_macro   0x00000000       0x58 Debug/syscalls.o
 .debug_macro   0x00000000       0x71 Debug/syscalls.o
 .debug_macro   0x00000000       0x1c Debug/syscalls.o
 .debug_macro   0x00000000      0x12a Debug/syscalls.o
 .debug_macro   0x00000000      0x23b Debug/syscalls.o
 .debug_macro   0x00000000      0x341 Debug/syscalls.o
 .debug_macro   0x00000000       0x10 Debug/syscalls.o
 .debug_macro   0x00000000       0x6a Debug/syscalls.o
 .debug_macro   0x00000000       0x1c Debug/syscalls.o
 .debug_macro   0x00000000       0x52 Debug/syscalls.o
 .debug_macro   0x00000000       0x22 Debug/syscalls.o
 .debug_macro   0x00000000       0x10 Debug/syscalls.o
 .debug_macro   0x00000000       0x52 Debug/syscalls.o
 .debug_macro   0x00000000       0xd5 Debug/syscalls.o
 .debug_macro   0x00000000       0x1c Debug/syscalls.o
 .debug_macro   0x00000000       0x3d Debug/syscalls.o
 .debug_macro   0x00000000      0x183 Debug/syscalls.o
 .debug_macro   0x00000000       0x16 Debug/syscalls.o
 .debug_macro   0x00000000       0x1c Debug/syscalls.o
 .debug_macro   0x00000000       0x35 Debug/syscalls.o
 .debug_macro   0x00000000       0x10 Debug/syscalls.o
 .debug_macro   0x00000000       0x10 Debug/syscalls.o
 .debug_macro   0x00000000       0x16 Debug/syscalls.o
 .debug_macro   0x00000000      0x145 Debug/syscalls.o
 .debug_macro   0x00000000       0x16 Debug/syscalls.o
 .debug_macro   0x00000000       0x16 Debug/syscalls.o
 .debug_macro   0x00000000       0x29 Debug/syscalls.o
 .debug_macro   0x00000000       0x16 Debug/syscalls.o
 .debug_macro   0x00000000       0x10 Debug/syscalls.o
 .debug_macro   0x00000000       0x10 Debug/syscalls.o
 .debug_macro   0x00000000       0x35 Debug/syscalls.o
 .debug_macro   0x00000000      0x12c Debug/syscalls.o
 .debug_macro   0x00000000       0xce Debug/syscalls.o
 .debug_line    0x00000000      0x61c Debug/syscalls.o
 .debug_str     0x00000000     0x89fc Debug/syscalls.o
 .comment       0x00000000       0x4a Debug/syscalls.o
 .debug_frame   0x00000000      0x2ac Debug/syscalls.o
 .ARM.attributes
                0x00000000       0x2d Debug/syscalls.o
 .group         0x00000000        0xc Debug/sysmem.o
 .group         0x00000000        0xc Debug/sysmem.o
 .group         0x00000000        0xc Debug/sysmem.o
 .group         0x00000000        0xc Debug/sysmem.o
 .group         0x00000000        0xc Debug/sysmem.o
 .group         0x00000000        0xc Debug/sysmem.o
 .group         0x00000000        0xc Debug/sysmem.o
 .group         0x00000000        0xc Debug/sysmem.o
 .group         0x00000000        0xc Debug/sysmem.o
 .group         0x00000000        0xc Debug/sysmem.o
 .group         0x00000000        0xc Debug/sysmem.o
 .group         0x00000000        0xc Debug/sysmem.o
 .group         0x00000000        0xc Debug/sysmem.o
 .group         0x00000000        0xc Debug/sysmem.o
 .group         0x00000000        0xc Debug/sysmem.o
 .group         0x00000000        0xc Debug/sysmem.o
 .group         0x00000000        0xc Debug/sysmem.o
 .group         0x00000000        0xc Debug/sysmem.o
 .group         0x00000000        0xc Debug/sysmem.o
 .group         0x00000000        0xc Debug/sysmem.o
 .group         0x00000000        0xc Debug/sysmem.o
 .group         0x00000000        0xc Debug/sysmem.o
 .text          0x00000000        0x0 Debug/sysmem.o
 .data          0x00000000        0x0 Debug/sysmem.o
 .bss           0x00000000        0x0 Debug/sysmem.o
 .debug_macro   0x00000000      0xa66 Debug/sysmem.o
 .debug_macro   0x00000000       0x10 Debug/sysmem.o
 .debug_macro   0x00000000       0x22 Debug/sysmem.o
 .debug_macro   0x00000000       0x4c Debug/sysmem.o
 .debug_macro   0x00000000       0x18 Debug/sysmem.o
 .debug_macro   0x00000000       0x94 Debug/sysmem.o
 .debug_macro   0x00000000       0x3c Debug/sysmem.o
 .debug_macro   0x00000000       0x34 Debug/sysmem.o
 .debug_macro   0x00000000      0x174 Debug/sysmem.o
 .debug_macro   0x00000000       0x16 Debug/sysmem.o
 .debug_macro   0x00000000       0x43 Debug/sysmem.o
 .debug_macro   0x00000000       0x57 Debug/sysmem.o
 .debug_macro   0x00000000       0x34 Debug/sysmem.o
 .debug_macro   0x00000000       0x10 Debug/sysmem.o
 .debug_macro   0x00000000       0x58 Debug/sysmem.o
 .debug_macro   0x00000000       0x71 Debug/sysmem.o
 .debug_macro   0x00000000       0x1c Debug/sysmem.o
 .debug_macro   0x00000000      0x12a Debug/sysmem.o
 .debug_macro   0x00000000      0x23b Debug/sysmem.o
 .debug_macro   0x00000000      0x103 Debug/sysmem.o
 .debug_macro   0x00000000       0x6a Debug/sysmem.o
 .debug_macro   0x00000000      0x1df Debug/sysmem.o
 .group         0x00000000        0xc Debug/system_stm32f1xx.o
 .group         0x00000000        0xc Debug/system_stm32f1xx.o
 .group         0x00000000        0xc Debug/system_stm32f1xx.o
 .group         0x00000000        0xc Debug/system_stm32f1xx.o
 .group         0x00000000        0xc Debug/system_stm32f1xx.o
 .group         0x00000000        0xc Debug/system_stm32f1xx.o
 .group         0x00000000        0xc Debug/system_stm32f1xx.o
 .group         0x00000000        0xc Debug/system_stm32f1xx.o
 .group         0x00000000        0xc Debug/system_stm32f1xx.o
 .group         0x00000000        0xc Debug/system_stm32f1xx.o
 .group         0x00000000        0xc Debug/system_stm32f1xx.o
 .group         0x00000000        0xc Debug/system_stm32f1xx.o
 .group         0x00000000        0xc Debug/system_stm32f1xx.o
 .group         0x00000000        0xc Debug/system_stm32f1xx.o
 .group         0x00000000        0xc Debug/system_stm32f1xx.o
 .text          0x00000000        0x0 Debug/system_stm32f1xx.o
 .data          0x00000000        0x0 Debug/system_stm32f1xx.o
 .bss           0x00000000        0x0 Debug/system_stm32f1xx.o
 .data.SystemCoreClock
                0x00000000        0x4 Debug/system_stm32f1xx.o
 .rodata.AHBPrescTable
                0x00000000       0x10 Debug/system_stm32f1xx.o
 .rodata.APBPrescTable
                0x00000000        0x8 Debug/system_stm32f1xx.o
 .text.SystemCoreClockUpdate
                0x00000000       0xe4 Debug/system_stm32f1xx.o
 .debug_macro   0x00000000      0xa66 Debug/system_stm32f1xx.o
 .debug_macro   0x00000000       0x2e Debug/system_stm32f1xx.o
 .debug_macro   0x00000000       0x22 Debug/system_stm32f1xx.o
 .debug_macro   0x00000000       0x22 Debug/system_stm32f1xx.o
 .debug_macro   0x00000000       0x8e Debug/system_stm32f1xx.o
 .debug_macro   0x00000000       0x51 Debug/system_stm32f1xx.o
 .debug_macro   0x00000000      0x103 Debug/system_stm32f1xx.o
 .debug_macro   0x00000000       0x6a Debug/system_stm32f1xx.o
 .debug_macro   0x00000000      0x1df Debug/system_stm32f1xx.o
 .debug_macro   0x00000000       0x1c Debug/system_stm32f1xx.o
 .debug_macro   0x00000000       0x22 Debug/system_stm32f1xx.o
 .debug_macro   0x00000000       0xbd Debug/system_stm32f1xx.o
 .debug_macro   0x00000000      0xd23 Debug/system_stm32f1xx.o
 .debug_macro   0x00000000     0xe09e Debug/system_stm32f1xx.o
 .debug_macro   0x00000000       0x6d Debug/system_stm32f1xx.o
 .text          0x00000000       0x14 Debug/startup_stm32f103c8tx.o
 .data          0x00000000        0x0 Debug/startup_stm32f103c8tx.o
 .bss           0x00000000        0x0 Debug/startup_stm32f103c8tx.o
 .text          0x00000000        0x0 c:/dev_tools/stm32_tools/gnu-tools-for-stm32.12.3/tools/bin/../lib/gcc/arm-none-eabi/10.3.1/../../../../arm-none-eabi/lib/thumb/v7-m/nofp\libc_nano.a(lib_a-errno.o)
 .data          0x00000000        0x0 c:/dev_tools/stm32_tools/gnu-tools-for-stm32.12.3/tools/bin/../lib/gcc/arm-none-eabi/10.3.1/../../../../arm-none-eabi/lib/thumb/v7-m/nofp\libc_nano.a(lib_a-errno.o)
 .bss           0x00000000        0x0 c:/dev_tools/stm32_tools/gnu-tools-for-stm32.12.3/tools/bin/../lib/gcc/arm-none-eabi/10.3.1/../../../../arm-none-eabi/lib/thumb/v7-m/nofp\libc_nano.a(lib_a-errno.o)
 .text          0x00000000        0x0 c:/dev_tools/stm32_tools/gnu-tools-for-stm32.12.3/tools/bin/../lib/gcc/arm-none-eabi/10.3.1/../../../../arm-none-eabi/lib/thumb/v7-m/nofp\libc_nano.a(lib_a-exit.o)
 .data          0x00000000        0x0 c:/dev_tools/stm32_tools/gnu-tools-for-stm32.12.3/tools/bin/../lib/gcc/arm-none-eabi/10.3.1/../../../../arm-none-eabi/lib/thumb/v7-m/nofp\libc_nano.a(lib_a-exit.o)
 .bss           0x00000000        0x0 c:/dev_tools/stm32_tools/gnu-tools-for-stm32.12.3/tools/bin/../lib/gcc/arm-none-eabi/10.3.1/../../../../arm-none-eabi/lib/thumb/v7-m/nofp\libc_nano.a(lib_a-exit.o)
 .text.exit     0x00000000       0x28 c:/dev_tools/stm32_tools/gnu-tools-for-stm32.12.3/tools/bin/../lib/gcc/arm-none-eabi/10.3.1/../../../../arm-none-eabi/lib/thumb/v7-m/nofp\libc_nano.a(lib_a-exit.o)
 .debug_frame   0x00000000       0x28 c:/dev_tools/stm32_tools/gnu-tools-for-stm32.12.3/tools/bin/../lib/gcc/arm-none-eabi/10.3.1/../../../../arm-none-eabi/lib/thumb/v7-m/nofp\libc_nano.a(lib_a-exit.o)
 .ARM.attributes
                0x00000000       0x2d c:/dev_tools/stm32_tools/gnu-tools-for-stm32.12.3/tools/bin/../lib/gcc/arm-none-eabi/10.3.1/../../../../arm-none-eabi/lib/thumb/v7-m/nofp\libc_nano.a(lib_a-exit.o)
 .text          0x00000000        0x0 c:/dev_tools/stm32_tools/gnu-tools-for-stm32.12.3/tools/bin/../lib/gcc/arm-none-eabi/10.3.1/../../../../arm-none-eabi/lib/thumb/v7-m/nofp\libc_nano.a(lib_a-impure.o)
 .data          0x00000000        0x0 c:/dev_tools/stm32_tools/gnu-tools-for-stm32.12.3/tools/bin/../lib/gcc/arm-none-eabi/10.3.1/../../../../arm-none-eabi/lib/thumb/v7-m/nofp\libc_nano.a(lib_a-impure.o)
 .bss           0x00000000        0x0 c:/dev_tools/stm32_tools/gnu-tools-for-stm32.12.3/tools/bin/../lib/gcc/arm-none-eabi/10.3.1/../../../../arm-none-eabi/lib/thumb/v7-m/nofp\libc_nano.a(lib_a-impure.o)
 .rodata._global_impure_ptr
                0x00000000        0x4 c:/dev_tools/stm32_tools/gnu-tools-for-stm32.12.3/tools/bin/../lib/gcc/arm-none-eabi/10.3.1/../../../../arm-none-eabi/lib/thumb/v7-m/nofp\libc_nano.a(lib_a-impure.o)
 .text          0x00000000        0x0 c:/dev_tools/stm32_tools/gnu-tools-for-stm32.12.3/tools/bin/../lib/gcc/arm-none-eabi/10.3.1/../../../../arm-none-eabi/lib/thumb/v7-m/nofp\libc_nano.a(lib_a-init.o)
 .data          0x00000000        0x0 c:/dev_tools/stm32_tools/gnu-tools-for-stm32.12.3/tools/bin/../lib/gcc/arm-none-eabi/10.3.1/../../../../arm-none-eabi/lib/thumb/v7-m/nofp\libc_nano.a(lib_a-init.o)
 .bss           0x00000000        0x0 c:/dev_tools/stm32_tools/gnu-tools-for-stm32.12.3/tools/bin/../lib/gcc/arm-none-eabi/10.3.1/../../../../arm-none-eabi/lib/thumb/v7-m/nofp\libc_nano.a(lib_a-init.o)
 .text          0x00000000        0x0 c:/dev_tools/stm32_tools/gnu-tools-for-stm32.12.3/tools/bin/../lib/gcc/arm-none-eabi/10.3.1/../../../../arm-none-eabi/lib/thumb/v7-m/nofp\libc_nano.a(lib_a-memset.o)
 .data          0x00000000        0x0 c:/dev_tools/stm32_tools/gnu-tools-for-stm32.12.3/tools/bin/../lib/gcc/arm-none-eabi/10.3.1/../../../../arm-none-eabi/lib/thumb/v7-m/nofp\libc_nano.a(lib_a-memset.o)
 .bss           0x00000000        0x0 c:/dev_tools/stm32_tools/gnu-tools-for-stm32.12.3/tools/bin/../lib/gcc/arm-none-eabi/10.3.1/../../../../arm-none-eabi/lib/thumb/v7-m/nofp\libc_nano.a(lib_a-memset.o)
 .text.memset   0x00000000       0x10 c:/dev_tools/stm32_tools/gnu-tools-for-stm32.12.3/tools/bin/../lib/gcc/arm-none-eabi/10.3.1/../../../../arm-none-eabi/lib/thumb/v7-m/nofp\libc_nano.a(lib_a-memset.o)
 .debug_frame   0x00000000       0x20 c:/dev_tools/stm32_tools/gnu-tools-for-stm32.12.3/tools/bin/../lib/gcc/arm-none-eabi/10.3.1/../../../../arm-none-eabi/lib/thumb/v7-m/nofp\libc_nano.a(lib_a-memset.o)
 .ARM.attributes
                0x00000000       0x2d c:/dev_tools/stm32_tools/gnu-tools-for-stm32.12.3/tools/bin/../lib/gcc/arm-none-eabi/10.3.1/../../../../arm-none-eabi/lib/thumb/v7-m/nofp\libc_nano.a(lib_a-memset.o)
 .text          0x00000000        0x0 c:/dev_tools/stm32_tools/gnu-tools-for-stm32.12.3/tools/bin/../lib/gcc/arm-none-eabi/10.3.1/../../../../arm-none-eabi/lib/thumb/v7-m/nofp\libc_nano.a(lib_a-sprintf.o)
 .data          0x00000000        0x0 c:/dev_tools/stm32_tools/gnu-tools-for-stm32.12.3/tools/bin/../lib/gcc/arm-none-eabi/10.3.1/../../../../arm-none-eabi/lib/thumb/v7-m/nofp\libc_nano.a(lib_a-sprintf.o)
 .bss           0x00000000        0x0 c:/dev_tools/stm32_tools/gnu-tools-for-stm32.12.3/tools/bin/../lib/gcc/arm-none-eabi/10.3.1/../../../../arm-none-eabi/lib/thumb/v7-m/nofp\libc_nano.a(lib_a-sprintf.o)
 .text._sprintf_r
                0x00000000       0x38 c:/dev_tools/stm32_tools/gnu-tools-for-stm32.12.3/tools/bin/../lib/gcc/arm-none-eabi/10.3.1/../../../../arm-none-eabi/lib/thumb/v7-m/nofp\libc_nano.a(lib_a-sprintf.o)
 .data          0x00000000        0x0 c:/dev_tools/stm32_tools/gnu-tools-for-stm32.12.3/tools/bin/../lib/gcc/arm-none-eabi/10.3.1/../../../../arm-none-eabi/lib/thumb/v7-m/nofp\libc_nano.a(lib_a-strlen.o)
 .bss           0x00000000        0x0 c:/dev_tools/stm32_tools/gnu-tools-for-stm32.12.3/tools/bin/../lib/gcc/arm-none-eabi/10.3.1/../../../../arm-none-eabi/lib/thumb/v7-m/nofp\libc_nano.a(lib_a-strlen.o)
 .text          0x00000000        0x0 c:/dev_tools/stm32_tools/gnu-tools-for-stm32.12.3/tools/bin/../lib/gcc/arm-none-eabi/10.3.1/../../../../arm-none-eabi/lib/thumb/v7-m/nofp\libc_nano.a(lib_a-nano-svfprintf.o)
 .data          0x00000000        0x0 c:/dev_tools/stm32_tools/gnu-tools-for-stm32.12.3/tools/bin/../lib/gcc/arm-none-eabi/10.3.1/../../../../arm-none-eabi/lib/thumb/v7-m/nofp\libc_nano.a(lib_a-nano-svfprintf.o)
 .bss           0x00000000        0x0 c:/dev_tools/stm32_tools/gnu-tools-for-stm32.12.3/tools/bin/../lib/gcc/arm-none-eabi/10.3.1/../../../../arm-none-eabi/lib/thumb/v7-m/nofp\libc_nano.a(lib_a-nano-svfprintf.o)
 .text.__ssprint_r
                0x00000000       0xf6 c:/dev_tools/stm32_tools/gnu-tools-for-stm32.12.3/tools/bin/../lib/gcc/arm-none-eabi/10.3.1/../../../../arm-none-eabi/lib/thumb/v7-m/nofp\libc_nano.a(lib_a-nano-svfprintf.o)
 .text          0x00000000        0x0 c:/dev_tools/stm32_tools/gnu-tools-for-stm32.12.3/tools/bin/../lib/gcc/arm-none-eabi/10.3.1/../../../../arm-none-eabi/lib/thumb/v7-m/nofp\libc_nano.a(lib_a-nano-vfprintf_i.o)
 .data          0x00000000        0x0 c:/dev_tools/stm32_tools/gnu-tools-for-stm32.12.3/tools/bin/../lib/gcc/arm-none-eabi/10.3.1/../../../../arm-none-eabi/lib/thumb/v7-m/nofp\libc_nano.a(lib_a-nano-vfprintf_i.o)
 .bss           0x00000000        0x0 c:/dev_tools/stm32_tools/gnu-tools-for-stm32.12.3/tools/bin/../lib/gcc/arm-none-eabi/10.3.1/../../../../arm-none-eabi/lib/thumb/v7-m/nofp\libc_nano.a(lib_a-nano-vfprintf_i.o)
 .text          0x00000000        0x0 c:/dev_tools/stm32_tools/gnu-tools-for-stm32.12.3/tools/bin/../lib/gcc/arm-none-eabi/10.3.1/../../../../arm-none-eabi/lib/thumb/v7-m/nofp\libc_nano.a(lib_a-memchr-stub.o)
 .data          0x00000000        0x0 c:/dev_tools/stm32_tools/gnu-tools-for-stm32.12.3/tools/bin/../lib/gcc/arm-none-eabi/10.3.1/../../../../arm-none-eabi/lib/thumb/v7-m/nofp\libc_nano.a(lib_a-memchr-stub.o)
 .bss           0x00000000        0x0 c:/dev_tools/stm32_tools/gnu-tools-for-stm32.12.3/tools/bin/../lib/gcc/arm-none-eabi/10.3.1/../../../../arm-none-eabi/lib/thumb/v7-m/nofp\libc_nano.a(lib_a-memchr-stub.o)
 .text          0x00000000        0x0 c:/dev_tools/stm32_tools/gnu-tools-for-stm32.12.3/tools/bin/../lib/gcc/arm-none-eabi/10.3.1/../../../../arm-none-eabi/lib/thumb/v7-m/nofp\libc_nano.a(lib_a-memcpy-stub.o)
 .data          0x00000000        0x0 c:/dev_tools/stm32_tools/gnu-tools-for-stm32.12.3/tools/bin/../lib/gcc/arm-none-eabi/10.3.1/../../../../arm-none-eabi/lib/thumb/v7-m/nofp\libc_nano.a(lib_a-memcpy-stub.o)
 .bss           0x00000000        0x0 c:/dev_tools/stm32_tools/gnu-tools-for-stm32.12.3/tools/bin/../lib/gcc/arm-none-eabi/10.3.1/../../../../arm-none-eabi/lib/thumb/v7-m/nofp\libc_nano.a(lib_a-memcpy-stub.o)
 .text          0x00000000        0x0 c:/dev_tools/stm32_tools/gnu-tools-for-stm32.12.3/tools/bin/../lib/gcc/arm-none-eabi/10.3.1/../../../../arm-none-eabi/lib/thumb/v7-m/nofp\libc_nano.a(lib_a-memmove.o)
 .data          0x00000000        0x0 c:/dev_tools/stm32_tools/gnu-tools-for-stm32.12.3/tools/bin/../lib/gcc/arm-none-eabi/10.3.1/../../../../arm-none-eabi/lib/thumb/v7-m/nofp\libc_nano.a(lib_a-memmove.o)
 .bss           0x00000000        0x0 c:/dev_tools/stm32_tools/gnu-tools-for-stm32.12.3/tools/bin/../lib/gcc/arm-none-eabi/10.3.1/../../../../arm-none-eabi/lib/thumb/v7-m/nofp\libc_nano.a(lib_a-memmove.o)
 .text          0x00000000        0x0 c:/dev_tools/stm32_tools/gnu-tools-for-stm32.12.3/tools/bin/../lib/gcc/arm-none-eabi/10.3.1/../../../../arm-none-eabi/lib/thumb/v7-m/nofp\libc_nano.a(lib_a-nano-freer.o)
 .data          0x00000000        0x0 c:/dev_tools/stm32_tools/gnu-tools-for-stm32.12.3/tools/bin/../lib/gcc/arm-none-eabi/10.3.1/../../../../arm-none-eabi/lib/thumb/v7-m/nofp\libc_nano.a(lib_a-nano-freer.o)
 .bss           0x00000000        0x0 c:/dev_tools/stm32_tools/gnu-tools-for-stm32.12.3/tools/bin/../lib/gcc/arm-none-eabi/10.3.1/../../../../arm-none-eabi/lib/thumb/v7-m/nofp\libc_nano.a(lib_a-nano-freer.o)
 .text          0x00000000        0x0 c:/dev_tools/stm32_tools/gnu-tools-for-stm32.12.3/tools/bin/../lib/gcc/arm-none-eabi/10.3.1/../../../../arm-none-eabi/lib/thumb/v7-m/nofp\libc_nano.a(lib_a-nano-mallocr.o)
 .data          0x00000000        0x0 c:/dev_tools/stm32_tools/gnu-tools-for-stm32.12.3/tools/bin/../lib/gcc/arm-none-eabi/10.3.1/../../../../arm-none-eabi/lib/thumb/v7-m/nofp\libc_nano.a(lib_a-nano-mallocr.o)
 .bss           0x00000000        0x0 c:/dev_tools/stm32_tools/gnu-tools-for-stm32.12.3/tools/bin/../lib/gcc/arm-none-eabi/10.3.1/../../../../arm-none-eabi/lib/thumb/v7-m/nofp\libc_nano.a(lib_a-nano-mallocr.o)
 .text          0x00000000        0x0 c:/dev_tools/stm32_tools/gnu-tools-for-stm32.12.3/tools/bin/../lib/gcc/arm-none-eabi/10.3.1/../../../../arm-none-eabi/lib/thumb/v7-m/nofp\libc_nano.a(lib_a-nano-reallocr.o)
 .data          0x00000000        0x0 c:/dev_tools/stm32_tools/gnu-tools-for-stm32.12.3/tools/bin/../lib/gcc/arm-none-eabi/10.3.1/../../../../arm-none-eabi/lib/thumb/v7-m/nofp\libc_nano.a(lib_a-nano-reallocr.o)
 .bss           0x00000000        0x0 c:/dev_tools/stm32_tools/gnu-tools-for-stm32.12.3/tools/bin/../lib/gcc/arm-none-eabi/10.3.1/../../../../arm-none-eabi/lib/thumb/v7-m/nofp\libc_nano.a(lib_a-nano-reallocr.o)
 .text          0x00000000        0x0 c:/dev_tools/stm32_tools/gnu-tools-for-stm32.12.3/tools/bin/../lib/gcc/arm-none-eabi/10.3.1/../../../../arm-none-eabi/lib/thumb/v7-m/nofp\libc_nano.a(lib_a-sbrkr.o)
 .data          0x00000000        0x0 c:/dev_tools/stm32_tools/gnu-tools-for-stm32.12.3/tools/bin/../lib/gcc/arm-none-eabi/10.3.1/../../../../arm-none-eabi/lib/thumb/v7-m/nofp\libc_nano.a(lib_a-sbrkr.o)
 .bss           0x00000000        0x0 c:/dev_tools/stm32_tools/gnu-tools-for-stm32.12.3/tools/bin/../lib/gcc/arm-none-eabi/10.3.1/../../../../arm-none-eabi/lib/thumb/v7-m/nofp\libc_nano.a(lib_a-sbrkr.o)
 .text          0x00000000        0x0 c:/dev_tools/stm32_tools/gnu-tools-for-stm32.12.3/tools/bin/../lib/gcc/arm-none-eabi/10.3.1/../../../../arm-none-eabi/lib/thumb/v7-m/nofp\libc_nano.a(lib_a-mlock.o)
 .data          0x00000000        0x0 c:/dev_tools/stm32_tools/gnu-tools-for-stm32.12.3/tools/bin/../lib/gcc/arm-none-eabi/10.3.1/../../../../arm-none-eabi/lib/thumb/v7-m/nofp\libc_nano.a(lib_a-mlock.o)
 .bss           0x00000000        0x0 c:/dev_tools/stm32_tools/gnu-tools-for-stm32.12.3/tools/bin/../lib/gcc/arm-none-eabi/10.3.1/../../../../arm-none-eabi/lib/thumb/v7-m/nofp\libc_nano.a(lib_a-mlock.o)
 .text          0x00000000        0x0 c:/dev_tools/stm32_tools/gnu-tools-for-stm32.12.3/tools/bin/../lib/gcc/arm-none-eabi/10.3.1/../../../../arm-none-eabi/lib/thumb/v7-m/nofp\libc_nano.a(lib_a-nano-msizer.o)
 .data          0x00000000        0x0 c:/dev_tools/stm32_tools/gnu-tools-for-stm32.12.3/tools/bin/../lib/gcc/arm-none-eabi/10.3.1/../../../../arm-none-eabi/lib/thumb/v7-m/nofp\libc_nano.a(lib_a-nano-msizer.o)
 .bss           0x00000000        0x0 c:/dev_tools/stm32_tools/gnu-tools-for-stm32.12.3/tools/bin/../lib/gcc/arm-none-eabi/10.3.1/../../../../arm-none-eabi/lib/thumb/v7-m/nofp\libc_nano.a(lib_a-nano-msizer.o)
 .text          0x00000000        0x0 c:/dev_tools/stm32_tools/gnu-tools-for-stm32.12.3/tools/bin/../lib/gcc/arm-none-eabi/10.3.1/../../../../arm-none-eabi/lib/thumb/v7-m/nofp\libc_nano.a(lib_a-reent.o)
 .data          0x00000000        0x0 c:/dev_tools/stm32_tools/gnu-tools-for-stm32.12.3/tools/bin/../lib/gcc/arm-none-eabi/10.3.1/../../../../arm-none-eabi/lib/thumb/v7-m/nofp\libc_nano.a(lib_a-reent.o)
 .bss           0x00000000        0x0 c:/dev_tools/stm32_tools/gnu-tools-for-stm32.12.3/tools/bin/../lib/gcc/arm-none-eabi/10.3.1/../../../../arm-none-eabi/lib/thumb/v7-m/nofp\libc_nano.a(lib_a-reent.o)
 .text.cleanup_glue
                0x00000000       0x1a c:/dev_tools/stm32_tools/gnu-tools-for-stm32.12.3/tools/bin/../lib/gcc/arm-none-eabi/10.3.1/../../../../arm-none-eabi/lib/thumb/v7-m/nofp\libc_nano.a(lib_a-reent.o)
 .text._reclaim_reent
                0x00000000       0xb8 c:/dev_tools/stm32_tools/gnu-tools-for-stm32.12.3/tools/bin/../lib/gcc/arm-none-eabi/10.3.1/../../../../arm-none-eabi/lib/thumb/v7-m/nofp\libc_nano.a(lib_a-reent.o)
 .text          0x00000000        0x0 c:/dev_tools/stm32_tools/gnu-tools-for-stm32.12.3/tools/bin/../lib/gcc/arm-none-eabi/10.3.1/../../../../arm-none-eabi/lib/thumb/v7-m/nofp\libc_nano.a(lib_a-lock.o)
 .data          0x00000000        0x0 c:/dev_tools/stm32_tools/gnu-tools-for-stm32.12.3/tools/bin/../lib/gcc/arm-none-eabi/10.3.1/../../../../arm-none-eabi/lib/thumb/v7-m/nofp\libc_nano.a(lib_a-lock.o)
 .bss           0x00000000        0x0 c:/dev_tools/stm32_tools/gnu-tools-for-stm32.12.3/tools/bin/../lib/gcc/arm-none-eabi/10.3.1/../../../../arm-none-eabi/lib/thumb/v7-m/nofp\libc_nano.a(lib_a-lock.o)
 .text.__retarget_lock_init
                0x00000000        0x2 c:/dev_tools/stm32_tools/gnu-tools-for-stm32.12.3/tools/bin/../lib/gcc/arm-none-eabi/10.3.1/../../../../arm-none-eabi/lib/thumb/v7-m/nofp\libc_nano.a(lib_a-lock.o)
 .text.__retarget_lock_init_recursive
                0x00000000        0x2 c:/dev_tools/stm32_tools/gnu-tools-for-stm32.12.3/tools/bin/../lib/gcc/arm-none-eabi/10.3.1/../../../../arm-none-eabi/lib/thumb/v7-m/nofp\libc_nano.a(lib_a-lock.o)
 .text.__retarget_lock_close
                0x00000000        0x2 c:/dev_tools/stm32_tools/gnu-tools-for-stm32.12.3/tools/bin/../lib/gcc/arm-none-eabi/10.3.1/../../../../arm-none-eabi/lib/thumb/v7-m/nofp\libc_nano.a(lib_a-lock.o)
 .text.__retarget_lock_close_recursive
                0x00000000        0x2 c:/dev_tools/stm32_tools/gnu-tools-for-stm32.12.3/tools/bin/../lib/gcc/arm-none-eabi/10.3.1/../../../../arm-none-eabi/lib/thumb/v7-m/nofp\libc_nano.a(lib_a-lock.o)
 .text.__retarget_lock_acquire
                0x00000000        0x2 c:/dev_tools/stm32_tools/gnu-tools-for-stm32.12.3/tools/bin/../lib/gcc/arm-none-eabi/10.3.1/../../../../arm-none-eabi/lib/thumb/v7-m/nofp\libc_nano.a(lib_a-lock.o)
 .text.__retarget_lock_try_acquire
                0x00000000        0x4 c:/dev_tools/stm32_tools/gnu-tools-for-stm32.12.3/tools/bin/../lib/gcc/arm-none-eabi/10.3.1/../../../../arm-none-eabi/lib/thumb/v7-m/nofp\libc_nano.a(lib_a-lock.o)
 .text.__retarget_lock_try_acquire_recursive
                0x00000000        0x4 c:/dev_tools/stm32_tools/gnu-tools-for-stm32.12.3/tools/bin/../lib/gcc/arm-none-eabi/10.3.1/../../../../arm-none-eabi/lib/thumb/v7-m/nofp\libc_nano.a(lib_a-lock.o)
 .text.__retarget_lock_release
                0x00000000        0x2 c:/dev_tools/stm32_tools/gnu-tools-for-stm32.12.3/tools/bin/../lib/gcc/arm-none-eabi/10.3.1/../../../../arm-none-eabi/lib/thumb/v7-m/nofp\libc_nano.a(lib_a-lock.o)
 .bss.__lock___arc4random_mutex
                0x00000000        0x1 c:/dev_tools/stm32_tools/gnu-tools-for-stm32.12.3/tools/bin/../lib/gcc/arm-none-eabi/10.3.1/../../../../arm-none-eabi/lib/thumb/v7-m/nofp\libc_nano.a(lib_a-lock.o)
 .bss.__lock___at_quick_exit_mutex
                0x00000000        0x1 c:/dev_tools/stm32_tools/gnu-tools-for-stm32.12.3/tools/bin/../lib/gcc/arm-none-eabi/10.3.1/../../../../arm-none-eabi/lib/thumb/v7-m/nofp\libc_nano.a(lib_a-lock.o)
 .bss.__lock___atexit_recursive_mutex
                0x00000000        0x1 c:/dev_tools/stm32_tools/gnu-tools-for-stm32.12.3/tools/bin/../lib/gcc/arm-none-eabi/10.3.1/../../../../arm-none-eabi/lib/thumb/v7-m/nofp\libc_nano.a(lib_a-lock.o)
 .bss.__lock___dd_hash_mutex
                0x00000000        0x1 c:/dev_tools/stm32_tools/gnu-tools-for-stm32.12.3/tools/bin/../lib/gcc/arm-none-eabi/10.3.1/../../../../arm-none-eabi/lib/thumb/v7-m/nofp\libc_nano.a(lib_a-lock.o)
 .bss.__lock___env_recursive_mutex
                0x00000000        0x1 c:/dev_tools/stm32_tools/gnu-tools-for-stm32.12.3/tools/bin/../lib/gcc/arm-none-eabi/10.3.1/../../../../arm-none-eabi/lib/thumb/v7-m/nofp\libc_nano.a(lib_a-lock.o)
 .bss.__lock___sfp_recursive_mutex
                0x00000000        0x1 c:/dev_tools/stm32_tools/gnu-tools-for-stm32.12.3/tools/bin/../lib/gcc/arm-none-eabi/10.3.1/../../../../arm-none-eabi/lib/thumb/v7-m/nofp\libc_nano.a(lib_a-lock.o)
 .bss.__lock___sinit_recursive_mutex
                0x00000000        0x1 c:/dev_tools/stm32_tools/gnu-tools-for-stm32.12.3/tools/bin/../lib/gcc/arm-none-eabi/10.3.1/../../../../arm-none-eabi/lib/thumb/v7-m/nofp\libc_nano.a(lib_a-lock.o)
 .bss.__lock___tz_mutex
                0x00000000        0x1 c:/dev_tools/stm32_tools/gnu-tools-for-stm32.12.3/tools/bin/../lib/gcc/arm-none-eabi/10.3.1/../../../../arm-none-eabi/lib/thumb/v7-m/nofp\libc_nano.a(lib_a-lock.o)
 .text          0x00000000        0x0 c:/dev_tools/stm32_tools/gnu-tools-for-stm32.12.3/tools/bin/../lib/gcc/arm-none-eabi/10.3.1/thumb/v7-m/nofp/crtend.o
 .data          0x00000000        0x0 c:/dev_tools/stm32_tools/gnu-tools-for-stm32.12.3/tools/bin/../lib/gcc/arm-none-eabi/10.3.1/thumb/v7-m/nofp/crtend.o
 .bss           0x00000000        0x0 c:/dev_tools/stm32_tools/gnu-tools-for-stm32.12.3/tools/bin/../lib/gcc/arm-none-eabi/10.3.1/thumb/v7-m/nofp/crtend.o
 .rodata        0x00000000       0x24 c:/dev_tools/stm32_tools/gnu-tools-for-stm32.12.3/tools/bin/../lib/gcc/arm-none-eabi/10.3.1/thumb/v7-m/nofp/crtend.o
 .eh_frame      0x00000000        0x4 c:/dev_tools/stm32_tools/gnu-tools-for-stm32.12.3/tools/bin/../lib/gcc/arm-none-eabi/10.3.1/thumb/v7-m/nofp/crtend.o
 .ARM.attributes
                0x00000000       0x2d c:/dev_tools/stm32_tools/gnu-tools-for-stm32.12.3/tools/bin/../lib/gcc/arm-none-eabi/10.3.1/thumb/v7-m/nofp/crtend.o
 .text          0x00000000        0x0 c:/dev_tools/stm32_tools/gnu-tools-for-stm32.12.3/tools/bin/../lib/gcc/arm-none-eabi/10.3.1/thumb/v7-m/nofp/crtn.o
 .data          0x00000000        0x0 c:/dev_tools/stm32_tools/gnu-tools-for-stm32.12.3/tools/bin/../lib/gcc/arm-none-eabi/10.3.1/thumb/v7-m/nofp/crtn.o
 .bss           0x00000000        0x0 c:/dev_tools/stm32_tools/gnu-tools-for-stm32.12.3/tools/bin/../lib/gcc/arm-none-eabi/10.3.1/thumb/v7-m/nofp/crtn.o

Memory Configuration

Name             Origin             Length             Attributes
RAM              0x20000000         0x00005000         xrw
FLASH            0x08000000         0x00010000         xr
*default*        0x00000000         0xffffffff

Linker script and memory map

LOAD c:/dev_tools/stm32_tools/gnu-tools-for-stm32.12.3/tools/bin/../lib/gcc/arm-none-eabi/10.3.1/thumb/v7-m/nofp/crti.o
LOAD c:/dev_tools/stm32_tools/gnu-tools-for-stm32.12.3/tools/bin/../lib/gcc/arm-none-eabi/10.3.1/thumb/v7-m/nofp/crtbegin.o
LOAD c:/dev_tools/stm32_tools/gnu-tools-for-stm32.12.3/tools/bin/../lib/gcc/arm-none-eabi/10.3.1/../../../../arm-none-eabi/lib/thumb/v7-m/nofp/crt0.o
LOAD Debug/main.o
LOAD Debug/stm32f103xx_CMSIS.o
LOAD Debug/stm32f103xx_it.o
LOAD Debug/syscalls.o
LOAD Debug/sysmem.o
LOAD Debug/system_stm32f1xx.o
LOAD Debug/startup_stm32f103c8tx.o
START GROUP
LOAD c:/dev_tools/stm32_tools/gnu-tools-for-stm32.12.3/tools/bin/../lib/gcc/arm-none-eabi/10.3.1/../../../../arm-none-eabi/lib/thumb/v7-m/nofp\libc_nano.a
LOAD c:/dev_tools/stm32_tools/gnu-tools-for-stm32.12.3/tools/bin/../lib/gcc/arm-none-eabi/10.3.1/../../../../arm-none-eabi/lib/thumb/v7-m/nofp\libm.a
END GROUP
START GROUP
LOAD c:/dev_tools/stm32_tools/gnu-tools-for-stm32.12.3/tools/bin/../lib/gcc/arm-none-eabi/10.3.1/thumb/v7-m/nofp\libgcc.a
LOAD c:/dev_tools/stm32_tools/gnu-tools-for-stm32.12.3/tools/bin/../lib/gcc/arm-none-eabi/10.3.1/../../../../arm-none-eabi/lib/thumb/v7-m/nofp\libc_nano.a
END GROUP
START GROUP
LOAD c:/dev_tools/stm32_tools/gnu-tools-for-stm32.12.3/tools/bin/../lib/gcc/arm-none-eabi/10.3.1/thumb/v7-m/nofp\libgcc.a
LOAD c:/dev_tools/stm32_tools/gnu-tools-for-stm32.12.3/tools/bin/../lib/gcc/arm-none-eabi/10.3.1/../../../../arm-none-eabi/lib/thumb/v7-m/nofp\libc_nano.a
END GROUP
LOAD c:/dev_tools/stm32_tools/gnu-tools-for-stm32.12.3/tools/bin/../lib/gcc/arm-none-eabi/10.3.1/thumb/v7-m/nofp/crtend.o
LOAD c:/dev_tools/stm32_tools/gnu-tools-for-stm32.12.3/tools/bin/../lib/gcc/arm-none-eabi/10.3.1/thumb/v7-m/nofp/crtn.o
                0x20005000                _estack = (ORIGIN (RAM) + LENGTH (RAM))
                0x00000100                _Min_Heap_Size = 0x100
                0x00000200                _Min_Stack_Size = 0x200

.isr_vector     0x08000000      0x10c
                0x08000000                . = ALIGN (0x4)
 *(.isr_vector)
 .isr_vector    0x08000000      0x10c Debug/startup_stm32f103c8tx.o
                0x08000000                g_pfnVectors
                0x0800010c                . = ALIGN (0x4)

.text           0x0800010c     0x1490
                0x0800010c                . = ALIGN (0x4)
 *(.text)
 .text          0x0800010c       0x40 c:/dev_tools/stm32_tools/gnu-tools-for-stm32.12.3/tools/bin/../lib/gcc/arm-none-eabi/10.3.1/thumb/v7-m/nofp/crtbegin.o
 .text          0x0800014c       0x10 c:/dev_tools/stm32_tools/gnu-tools-for-stm32.12.3/tools/bin/../lib/gcc/arm-none-eabi/10.3.1/../../../../arm-none-eabi/lib/thumb/v7-m/nofp\libc_nano.a(lib_a-strlen.o)
                0x0800014c                strlen
 *(.text*)
 .text.main     0x0800015c       0x68 Debug/main.o
                0x0800015c                main
 .text.__NVIC_EnableIRQ
                0x080001c4       0x38 Debug/stm32f103xx_CMSIS.o
 .text.CMSIS_Debug_init
                0x080001fc       0x5c Debug/stm32f103xx_CMSIS.o
                0x080001fc                CMSIS_Debug_init
 .text.CMSIS_RCC_SystemClock_72MHz
                0x08000258      0x12c Debug/stm32f103xx_CMSIS.o
                0x08000258                CMSIS_RCC_SystemClock_72MHz
 .text.CMSIS_SysTick_Timer_init
                0x08000384       0x64 Debug/stm32f103xx_CMSIS.o
                0x08000384                CMSIS_SysTick_Timer_init
 .text.CMSIS_GPIO_MODE_Set
                0x080003e8       0x86 Debug/stm32f103xx_CMSIS.o
 .text.CMSIS_GPIO_SPEED_Set
                0x0800046e       0x7a Debug/stm32f103xx_CMSIS.o
 .text.CMSIS_GPIO_CNF_Set
                0x080004e8       0x6c Debug/stm32f103xx_CMSIS.o
 .text.CMSIS_GPIO_Reg_Set
                0x08000554      0x108 Debug/stm32f103xx_CMSIS.o
 .text.CMSIS_GPIO_init
                0x0800065c      0x110 Debug/stm32f103xx_CMSIS.o
                0x0800065c                CMSIS_GPIO_init
 .text.EXTI0_IRQHandler
                0x0800076c       0x1c Debug/stm32f103xx_CMSIS.o
                0x0800076c                EXTI0_IRQHandler
 .text.TIM3_IRQHandler
                0x08000788       0x28 Debug/stm32f103xx_CMSIS.o
                0x08000788                TIM3_IRQHandler
 .text.TIM1_UP_IRQHandler
                0x080007b0       0x28 Debug/stm32f103xx_CMSIS.o
                0x080007b0                TIM1_UP_IRQHandler
 .text.ADC1_2_IRQHandler
                0x080007d8       0x20 Debug/stm32f103xx_CMSIS.o
                0x080007d8                ADC1_2_IRQHandler
 .text.DMA1_Channel1_IRQHandler
                0x080007f8       0x44 Debug/stm32f103xx_CMSIS.o
                0x080007f8                DMA1_Channel1_IRQHandler
 .text.CMSIS_USART1_Init
                0x0800083c      0x154 Debug/stm32f103xx_CMSIS.o
                0x0800083c                CMSIS_USART1_Init
 .text.USART1_IRQHandler
                0x08000990       0x5c Debug/stm32f103xx_CMSIS.o
                0x08000990                USART1_IRQHandler
 .text.USART2_IRQHandler
                0x080009ec       0x5c Debug/stm32f103xx_CMSIS.o
                0x080009ec                USART2_IRQHandler
 .text.CMSIS_USART_Transmit
                0x08000a48       0x84 Debug/stm32f103xx_CMSIS.o
                0x08000a48                CMSIS_USART_Transmit
 .text.SysTick_Handler
                0x08000acc       0xac Debug/stm32f103xx_it.o
                0x08000acc                SysTick_Handler
 .text._sbrk    0x08000b78       0x6c Debug/sysmem.o
                0x08000b78                _sbrk
 .text.SystemInit
                0x08000be4        0xc Debug/system_stm32f1xx.o
                0x08000be4                SystemInit
 .text.Reset_Handler
                0x08000bf0       0x48 Debug/startup_stm32f103c8tx.o
                0x08000bf0                Reset_Handler
 .text.Default_Handler
                0x08000c38        0x2 Debug/startup_stm32f103c8tx.o
                0x08000c38                RTC_Alarm_IRQHandler
                0x08000c38                EXTI2_IRQHandler
                0x08000c38                DebugMon_Handler
                0x08000c38                TIM1_CC_IRQHandler
                0x08000c38                HardFault_Handler
                0x08000c38                PVD_IRQHandler
                0x08000c38                PendSV_Handler
                0x08000c38                NMI_Handler
                0x08000c38                EXTI3_IRQHandler
                0x08000c38                I2C2_EV_IRQHandler
                0x08000c38                UsageFault_Handler
                0x08000c38                SPI1_IRQHandler
                0x08000c38                TAMPER_IRQHandler
                0x08000c38                DMA1_Channel4_IRQHandler
                0x08000c38                USART3_IRQHandler
                0x08000c38                RTC_IRQHandler
                0x08000c38                DMA1_Channel7_IRQHandler
                0x08000c38                CAN1_RX1_IRQHandler
                0x08000c38                TIM4_IRQHandler
                0x08000c38                I2C1_EV_IRQHandler
                0x08000c38                DMA1_Channel6_IRQHandler
                0x08000c38                RCC_IRQHandler
                0x08000c38                TIM1_TRG_COM_IRQHandler
                0x08000c38                Default_Handler
                0x08000c38                EXTI15_10_IRQHandler
                0x08000c38                EXTI9_5_IRQHandler
                0x08000c38                SPI2_IRQHandler
                0x08000c38                MemManage_Handler
                0x08000c38                SVC_Handler
                0x08000c38                DMA1_Channel5_IRQHandler
                0x08000c38                EXTI4_IRQHandler
                0x08000c38                USB_LP_CAN1_RX0_IRQHandler
                0x08000c38                USB_HP_CAN1_TX_IRQHandler
                0x08000c38                DMA1_Channel3_IRQHandler
                0x08000c38                WWDG_IRQHandler
                0x08000c38                TIM2_IRQHandler
                0x08000c38                TIM1_BRK_IRQHandler
                0x08000c38                EXTI1_IRQHandler
                0x08000c38                I2C2_ER_IRQHandler
                0x08000c38                DMA1_Channel2_IRQHandler
                0x08000c38                CAN1_SCE_IRQHandler
                0x08000c38                FLASH_IRQHandler
                0x08000c38                BusFault_Handler
                0x08000c38                I2C1_ER_IRQHandler
                0x08000c38                USBWakeUp_IRQHandler
 *fill*         0x08000c3a        0x2 
 .text.__errno  0x08000c3c        0xc c:/dev_tools/stm32_tools/gnu-tools-for-stm32.12.3/tools/bin/../lib/gcc/arm-none-eabi/10.3.1/../../../../arm-none-eabi/lib/thumb/v7-m/nofp\libc_nano.a(lib_a-errno.o)
                0x08000c3c                __errno
 .text.__libc_init_array
                0x08000c48       0x48 c:/dev_tools/stm32_tools/gnu-tools-for-stm32.12.3/tools/bin/../lib/gcc/arm-none-eabi/10.3.1/../../../../arm-none-eabi/lib/thumb/v7-m/nofp\libc_nano.a(lib_a-init.o)
                0x08000c48                __libc_init_array
 .text.sprintf  0x08000c90       0x40 c:/dev_tools/stm32_tools/gnu-tools-for-stm32.12.3/tools/bin/../lib/gcc/arm-none-eabi/10.3.1/../../../../arm-none-eabi/lib/thumb/v7-m/nofp\libc_nano.a(lib_a-sprintf.o)
                0x08000c90                siprintf
                0x08000c90                sprintf
 .text.__ssputs_r
                0x08000cd0       0xb6 c:/dev_tools/stm32_tools/gnu-tools-for-stm32.12.3/tools/bin/../lib/gcc/arm-none-eabi/10.3.1/../../../../arm-none-eabi/lib/thumb/v7-m/nofp\libc_nano.a(lib_a-nano-svfprintf.o)
                0x08000cd0                __ssputs_r
 *fill*         0x08000d86        0x2 
 .text._svfprintf_r
                0x08000d88      0x200 c:/dev_tools/stm32_tools/gnu-tools-for-stm32.12.3/tools/bin/../lib/gcc/arm-none-eabi/10.3.1/../../../../arm-none-eabi/lib/thumb/v7-m/nofp\libc_nano.a(lib_a-nano-svfprintf.o)
                0x08000d88                _svfiprintf_r
                0x08000d88                _svfprintf_r
 .text._printf_common
                0x08000f88       0xde c:/dev_tools/stm32_tools/gnu-tools-for-stm32.12.3/tools/bin/../lib/gcc/arm-none-eabi/10.3.1/../../../../arm-none-eabi/lib/thumb/v7-m/nofp\libc_nano.a(lib_a-nano-vfprintf_i.o)
                0x08000f88                _printf_common
 *fill*         0x08001066        0x2 
 .text._printf_i
                0x08001068      0x24c c:/dev_tools/stm32_tools/gnu-tools-for-stm32.12.3/tools/bin/../lib/gcc/arm-none-eabi/10.3.1/../../../../arm-none-eabi/lib/thumb/v7-m/nofp\libc_nano.a(lib_a-nano-vfprintf_i.o)
                0x08001068                _printf_i
 .text.memchr   0x080012b4       0x1c c:/dev_tools/stm32_tools/gnu-tools-for-stm32.12.3/tools/bin/../lib/gcc/arm-none-eabi/10.3.1/../../../../arm-none-eabi/lib/thumb/v7-m/nofp\libc_nano.a(lib_a-memchr-stub.o)
                0x080012b4                memchr
 .text.memcpy   0x080012d0       0x1c c:/dev_tools/stm32_tools/gnu-tools-for-stm32.12.3/tools/bin/../lib/gcc/arm-none-eabi/10.3.1/../../../../arm-none-eabi/lib/thumb/v7-m/nofp\libc_nano.a(lib_a-memcpy-stub.o)
                0x080012d0                memcpy
 .text.memmove  0x080012ec       0x34 c:/dev_tools/stm32_tools/gnu-tools-for-stm32.12.3/tools/bin/../lib/gcc/arm-none-eabi/10.3.1/../../../../arm-none-eabi/lib/thumb/v7-m/nofp\libc_nano.a(lib_a-memmove.o)
                0x080012ec                memmove
 .text._free_r  0x08001320       0x90 c:/dev_tools/stm32_tools/gnu-tools-for-stm32.12.3/tools/bin/../lib/gcc/arm-none-eabi/10.3.1/../../../../arm-none-eabi/lib/thumb/v7-m/nofp\libc_nano.a(lib_a-nano-freer.o)
                0x08001320                _free_r
 .text.sbrk_aligned
                0x080013b0       0x40 c:/dev_tools/stm32_tools/gnu-tools-for-stm32.12.3/tools/bin/../lib/gcc/arm-none-eabi/10.3.1/../../../../arm-none-eabi/lib/thumb/v7-m/nofp\libc_nano.a(lib_a-nano-mallocr.o)
 .text._malloc_r
                0x080013f0       0xe8 c:/dev_tools/stm32_tools/gnu-tools-for-stm32.12.3/tools/bin/../lib/gcc/arm-none-eabi/10.3.1/../../../../arm-none-eabi/lib/thumb/v7-m/nofp\libc_nano.a(lib_a-nano-mallocr.o)
                0x080013f0                _malloc_r
 .text._realloc_r
                0x080014d8       0x5e c:/dev_tools/stm32_tools/gnu-tools-for-stm32.12.3/tools/bin/../lib/gcc/arm-none-eabi/10.3.1/../../../../arm-none-eabi/lib/thumb/v7-m/nofp\libc_nano.a(lib_a-nano-reallocr.o)
                0x080014d8                _realloc_r
 *fill*         0x08001536        0x2 
 .text._sbrk_r  0x08001538       0x20 c:/dev_tools/stm32_tools/gnu-tools-for-stm32.12.3/tools/bin/../lib/gcc/arm-none-eabi/10.3.1/../../../../arm-none-eabi/lib/thumb/v7-m/nofp\libc_nano.a(lib_a-sbrkr.o)
                0x08001538                _sbrk_r
 .text.__malloc_lock
                0x08001558        0xc c:/dev_tools/stm32_tools/gnu-tools-for-stm32.12.3/tools/bin/../lib/gcc/arm-none-eabi/10.3.1/../../../../arm-none-eabi/lib/thumb/v7-m/nofp\libc_nano.a(lib_a-mlock.o)
                0x08001558                __malloc_lock
 .text.__malloc_unlock
                0x08001564        0xc c:/dev_tools/stm32_tools/gnu-tools-for-stm32.12.3/tools/bin/../lib/gcc/arm-none-eabi/10.3.1/../../../../arm-none-eabi/lib/thumb/v7-m/nofp\libc_nano.a(lib_a-mlock.o)
                0x08001564                __malloc_unlock
 .text._malloc_usable_size_r
                0x08001570       0x10 c:/dev_tools/stm32_tools/gnu-tools-for-stm32.12.3/tools/bin/../lib/gcc/arm-none-eabi/10.3.1/../../../../arm-none-eabi/lib/thumb/v7-m/nofp\libc_nano.a(lib_a-nano-msizer.o)
                0x08001570                _malloc_usable_size_r
 .text.__retarget_lock_acquire_recursive
                0x08001580        0x2 c:/dev_tools/stm32_tools/gnu-tools-for-stm32.12.3/tools/bin/../lib/gcc/arm-none-eabi/10.3.1/../../../../arm-none-eabi/lib/thumb/v7-m/nofp\libc_nano.a(lib_a-lock.o)
                0x08001580                __retarget_lock_acquire_recursive
 .text.__retarget_lock_release_recursive
                0x08001582        0x2 c:/dev_tools/stm32_tools/gnu-tools-for-stm32.12.3/tools/bin/../lib/gcc/arm-none-eabi/10.3.1/../../../../arm-none-eabi/lib/thumb/v7-m/nofp\libc_nano.a(lib_a-lock.o)
                0x08001582                __retarget_lock_release_recursive
 *(.glue_7)
 .glue_7        0x08001584        0x0 linker stubs
 *(.glue_7t)
 .glue_7t       0x08001584        0x0 linker stubs
 *(.eh_frame)
 .eh_frame      0x08001584        0x0 c:/dev_tools/stm32_tools/gnu-tools-for-stm32.12.3/tools/bin/../lib/gcc/arm-none-eabi/10.3.1/thumb/v7-m/nofp/crtbegin.o
 *(.init)
 .init          0x08001584        0x4 c:/dev_tools/stm32_tools/gnu-tools-for-stm32.12.3/tools/bin/../lib/gcc/arm-none-eabi/10.3.1/thumb/v7-m/nofp/crti.o
                0x08001584                _init
 .init          0x08001588        0x8 c:/dev_tools/stm32_tools/gnu-tools-for-stm32.12.3/tools/bin/../lib/gcc/arm-none-eabi/10.3.1/thumb/v7-m/nofp/crtn.o
 *(.fini)
 .fini          0x08001590        0x4 c:/dev_tools/stm32_tools/gnu-tools-for-stm32.12.3/tools/bin/../lib/gcc/arm-none-eabi/10.3.1/thumb/v7-m/nofp/crti.o
                0x08001590                _fini
 .fini          0x08001594        0x8 c:/dev_tools/stm32_tools/gnu-tools-for-stm32.12.3/tools/bin/../lib/gcc/arm-none-eabi/10.3.1/thumb/v7-m/nofp/crtn.o
                0x0800159c                . = ALIGN (0x4)
                0x0800159c                _etext = .

.vfp11_veneer   0x0800159c        0x0
 .vfp11_veneer  0x0800159c        0x0 linker stubs

.v4_bx          0x0800159c        0x0
 .v4_bx         0x0800159c        0x0 linker stubs

.iplt           0x0800159c        0x0
 .iplt          0x0800159c        0x0 c:/dev_tools/stm32_tools/gnu-tools-for-stm32.12.3/tools/bin/../lib/gcc/arm-none-eabi/10.3.1/thumb/v7-m/nofp/crtbegin.o

.rodata         0x0800159c       0x74
                0x0800159c                . = ALIGN (0x4)
 *(.rodata)
 .rodata        0x0800159c       0x41 Debug/main.o
 *(.rodata*)
 .rodata._svfprintf_r.str1.1
                0x080015dd       0x11 c:/dev_tools/stm32_tools/gnu-tools-for-stm32.12.3/tools/bin/../lib/gcc/arm-none-eabi/10.3.1/../../../../arm-none-eabi/lib/thumb/v7-m/nofp\libc_nano.a(lib_a-nano-svfprintf.o)
 .rodata._printf_i.str1.1
                0x080015ee       0x22 c:/dev_tools/stm32_tools/gnu-tools-for-stm32.12.3/tools/bin/../lib/gcc/arm-none-eabi/10.3.1/../../../../arm-none-eabi/lib/thumb/v7-m/nofp\libc_nano.a(lib_a-nano-vfprintf_i.o)
                0x08001610                . = ALIGN (0x4)

.rel.dyn        0x08001610        0x0
 .rel.iplt      0x08001610        0x0 c:/dev_tools/stm32_tools/gnu-tools-for-stm32.12.3/tools/bin/../lib/gcc/arm-none-eabi/10.3.1/thumb/v7-m/nofp/crtbegin.o

.ARM.extab      0x08001610        0x0
                0x08001610                . = ALIGN (0x4)
 *(.ARM.extab* .gnu.linkonce.armextab.*)
                0x08001610                . = ALIGN (0x4)

.ARM            0x08001610        0x0
                0x08001610                . = ALIGN (0x4)
                0x08001610                __exidx_start = .
 *(.ARM.exidx*)
                0x08001610                __exidx_end = .
                0x08001610                . = ALIGN (0x4)

.preinit_array  0x08001610        0x0
                0x08001610                . = ALIGN (0x4)
                0x08001610                PROVIDE (__preinit_array_start = .)
 *(.preinit_array*)
                0x08001610                PROVIDE (__preinit_array_end = .)
                0x08001610                . = ALIGN (0x4)

.init_array     0x08001610        0x4
                0x08001610                . = ALIGN (0x4)
                0x08001610                PROVIDE (__init_array_start = .)
 *(SORT_BY_NAME(.init_array.*))
 *(.init_array*)
 .init_array    0x08001610        0x4 c:/dev_tools/stm32_tools/gnu-tools-for-stm32.12.3/tools/bin/../lib/gcc/arm-none-eabi/10.3.1/thumb/v7-m/nofp/crtbegin.o
                0x08001614                PROVIDE (__init_array_end = .)
                0x08001614                . = ALIGN (0x4)

.fini_array     0x08001614        0x4
                0x08001614                . = ALIGN (0x4)
                [!provide]                PROVIDE (__fini_array_start = .)
 *(SORT_BY_NAME(.fini_array.*))
 *(.fini_array*)
 .fini_array    0x08001614        0x4 c:/dev_tools/stm32_tools/gnu-tools-for-stm32.12.3/tools/bin/../lib/gcc/arm-none-eabi/10.3.1/thumb/v7-m/nofp/crtbegin.o
                [!provide]                PROVIDE (__fini_array_end = .)
                0x08001618                . = ALIGN (0x4)
                0x08001618                _sidata = LOADADDR (.data)

.data           0x20000000       0x68 load address 0x08001618
                0x20000000                . = ALIGN (0x4)
                0x20000000                _sdata = .
 *(.data)
 *(.data*)
 .data.Timeout_blink
                0x20000000        0x2 Debug/stm32f103xx_it.o
                0x20000000                Timeout_blink
 *fill*         0x20000002        0x2 
 .data._impure_ptr
                0x20000004        0x4 c:/dev_tools/stm32_tools/gnu-tools-for-stm32.12.3/tools/bin/../lib/gcc/arm-none-eabi/10.3.1/../../../../arm-none-eabi/lib/thumb/v7-m/nofp\libc_nano.a(lib_a-impure.o)
                0x20000004                _impure_ptr
 .data.impure_data
                0x20000008       0x60 c:/dev_tools/stm32_tools/gnu-tools-for-stm32.12.3/tools/bin/../lib/gcc/arm-none-eabi/10.3.1/../../../../arm-none-eabi/lib/thumb/v7-m/nofp\libc_nano.a(lib_a-impure.o)
 *(.RamFunc)
 *(.RamFunc*)
                0x20000068                . = ALIGN (0x4)
                0x20000068                _edata = .

.igot.plt       0x20000068        0x0 load address 0x08001680
 .igot.plt      0x20000068        0x0 c:/dev_tools/stm32_tools/gnu-tools-for-stm32.12.3/tools/bin/../lib/gcc/arm-none-eabi/10.3.1/thumb/v7-m/nofp/crtbegin.o
                0x20000068                . = ALIGN (0x4)

.bss            0x20000068      0x19c load address 0x08001680
                0x20000068                _sbss = .
                0x20000068                __bss_start__ = _sbss
 *(.bss)
 .bss           0x20000068       0x1c c:/dev_tools/stm32_tools/gnu-tools-for-stm32.12.3/tools/bin/../lib/gcc/arm-none-eabi/10.3.1/thumb/v7-m/nofp/crtbegin.o
 *(.bss*)
 .bss.Counter   0x20000084        0x4 Debug/main.o
                0x20000084                Counter
 .bss.Text      0x20000088      0x100 Debug/main.o
                0x20000088                Text
 .bss.SysTimer_ms
                0x20000188        0x4 Debug/stm32f103xx_CMSIS.o
                0x20000188                SysTimer_ms
 .bss.Delay_counter_ms
                0x2000018c        0x4 Debug/stm32f103xx_CMSIS.o
                0x2000018c                Delay_counter_ms
 .bss.Timeout_counter_ms
                0x20000190        0x4 Debug/stm32f103xx_CMSIS.o
                0x20000190                Timeout_counter_ms
 .bss.husart1   0x20000194       0x2c Debug/stm32f103xx_CMSIS.o
                0x20000194                husart1
 .bss.husart2   0x200001c0       0x2c Debug/stm32f103xx_CMSIS.o
                0x200001c0                husart2
 .bss.Timer_blink
                0x200001ec        0x2 Debug/stm32f103xx_it.o
                0x200001ec                Timer_blink
 .bss.flag_blink
                0x200001ee        0x1 Debug/stm32f103xx_it.o
                0x200001ee                flag_blink
 *fill*         0x200001ef        0x1 
 .bss.__sbrk_heap_end
                0x200001f0        0x4 Debug/sysmem.o
 .bss.__malloc_free_list
                0x200001f4        0x4 c:/dev_tools/stm32_tools/gnu-tools-for-stm32.12.3/tools/bin/../lib/gcc/arm-none-eabi/10.3.1/../../../../arm-none-eabi/lib/thumb/v7-m/nofp\libc_nano.a(lib_a-nano-mallocr.o)
                0x200001f4                __malloc_free_list
 .bss.__malloc_sbrk_start
                0x200001f8        0x4 c:/dev_tools/stm32_tools/gnu-tools-for-stm32.12.3/tools/bin/../lib/gcc/arm-none-eabi/10.3.1/../../../../arm-none-eabi/lib/thumb/v7-m/nofp\libc_nano.a(lib_a-nano-mallocr.o)
                0x200001f8                __malloc_sbrk_start
 .bss.errno     0x200001fc        0x4 c:/dev_tools/stm32_tools/gnu-tools-for-stm32.12.3/tools/bin/../lib/gcc/arm-none-eabi/10.3.1/../../../../arm-none-eabi/lib/thumb/v7-m/nofp\libc_nano.a(lib_a-reent.o)
                0x200001fc                errno
 .bss.__lock___malloc_recursive_mutex
                0x20000200        0x1 c:/dev_tools/stm32_tools/gnu-tools-for-stm32.12.3/tools/bin/../lib/gcc/arm-none-eabi/10.3.1/../../../../arm-none-eabi/lib/thumb/v7-m/nofp\libc_nano.a(lib_a-lock.o)
                0x20000200                __lock___malloc_recursive_mutex
 *(COMMON)
                0x20000204                . = ALIGN (0x4)
 *fill*         0x20000201        0x3 
                0x20000204                _ebss = .
                0x20000204                __bss_end__ = _ebss

._user_heap_stack
                0x20000204      0x304 load address 0x08001680
                0x20000208                . = ALIGN (0x8)
 *fill*         0x20000204        0x4 
                [!provide]                PROVIDE (end = .)
                0x20000208                PROVIDE (_end = .)
                0x20000308                . = (. + _Min_Heap_Size)
 *fill*         0x20000208      0x100 
                0x20000508                . = (. + _Min_Stack_Size)
 *fill*         0x20000308      0x200 
                0x20000508                . = ALIGN (0x8)

/DISCARD/
 libc.a(*)
 libm.a(*)
 libgcc.a(*)

.ARM.attributes
                0x00000000       0x29
 *(.ARM.attributes)
 .ARM.attributes
                0x00000000       0x1d c:/dev_tools/stm32_tools/gnu-tools-for-stm32.12.3/tools/bin/../lib/gcc/arm-none-eabi/10.3.1/thumb/v7-m/nofp/crti.o
 .ARM.attributes
                0x0000001d       0x2d c:/dev_tools/stm32_tools/gnu-tools-for-stm32.12.3/tools/bin/../lib/gcc/arm-none-eabi/10.3.1/thumb/v7-m/nofp/crtbegin.o
 .ARM.attributes
                0x0000004a       0x2d Debug/main.o
 .ARM.attributes
                0x00000077       0x2d Debug/stm32f103xx_CMSIS.o
 .ARM.attributes
                0x000000a4       0x2d Debug/stm32f103xx_it.o
 .ARM.attributes
                0x000000d1       0x2d Debug/sysmem.o
 .ARM.attributes
                0x000000fe       0x2d Debug/system_stm32f1xx.o
 .ARM.attributes
                0x0000012b       0x21 Debug/startup_stm32f103c8tx.o
 .ARM.attributes
                0x0000014c       0x2d c:/dev_tools/stm32_tools/gnu-tools-for-stm32.12.3/tools/bin/../lib/gcc/arm-none-eabi/10.3.1/../../../../arm-none-eabi/lib/thumb/v7-m/nofp\libc_nano.a(lib_a-errno.o)
 .ARM.attributes
                0x00000179       0x2d c:/dev_tools/stm32_tools/gnu-tools-for-stm32.12.3/tools/bin/../lib/gcc/arm-none-eabi/10.3.1/../../../../arm-none-eabi/lib/thumb/v7-m/nofp\libc_nano.a(lib_a-impure.o)
 .ARM.attributes
                0x000001a6       0x2d c:/dev_tools/stm32_tools/gnu-tools-for-stm32.12.3/tools/bin/../lib/gcc/arm-none-eabi/10.3.1/../../../../arm-none-eabi/lib/thumb/v7-m/nofp\libc_nano.a(lib_a-init.o)
 .ARM.attributes
                0x000001d3       0x2d c:/dev_tools/stm32_tools/gnu-tools-for-stm32.12.3/tools/bin/../lib/gcc/arm-none-eabi/10.3.1/../../../../arm-none-eabi/lib/thumb/v7-m/nofp\libc_nano.a(lib_a-sprintf.o)
 .ARM.attributes
                0x00000200       0x17 c:/dev_tools/stm32_tools/gnu-tools-for-stm32.12.3/tools/bin/../lib/gcc/arm-none-eabi/10.3.1/../../../../arm-none-eabi/lib/thumb/v7-m/nofp\libc_nano.a(lib_a-strlen.o)
 .ARM.attributes
                0x00000217       0x2d c:/dev_tools/stm32_tools/gnu-tools-for-stm32.12.3/tools/bin/../lib/gcc/arm-none-eabi/10.3.1/../../../../arm-none-eabi/lib/thumb/v7-m/nofp\libc_nano.a(lib_a-nano-svfprintf.o)
 .ARM.attributes
                0x00000244       0x2d c:/dev_tools/stm32_tools/gnu-tools-for-stm32.12.3/tools/bin/../lib/gcc/arm-none-eabi/10.3.1/../../../../arm-none-eabi/lib/thumb/v7-m/nofp\libc_nano.a(lib_a-nano-vfprintf_i.o)
 .ARM.attributes
                0x00000271       0x2d c:/dev_tools/stm32_tools/gnu-tools-for-stm32.12.3/tools/bin/../lib/gcc/arm-none-eabi/10.3.1/../../../../arm-none-eabi/lib/thumb/v7-m/nofp\libc_nano.a(lib_a-memchr-stub.o)
 .ARM.attributes
                0x0000029e       0x2d c:/dev_tools/stm32_tools/gnu-tools-for-stm32.12.3/tools/bin/../lib/gcc/arm-none-eabi/10.3.1/../../../../arm-none-eabi/lib/thumb/v7-m/nofp\libc_nano.a(lib_a-memcpy-stub.o)
 .ARM.attributes
                0x000002cb       0x2d c:/dev_tools/stm32_tools/gnu-tools-for-stm32.12.3/tools/bin/../lib/gcc/arm-none-eabi/10.3.1/../../../../arm-none-eabi/lib/thumb/v7-m/nofp\libc_nano.a(lib_a-memmove.o)
 .ARM.attributes
                0x000002f8       0x2d c:/dev_tools/stm32_tools/gnu-tools-for-stm32.12.3/tools/bin/../lib/gcc/arm-none-eabi/10.3.1/../../../../arm-none-eabi/lib/thumb/v7-m/nofp\libc_nano.a(lib_a-nano-freer.o)
 .ARM.attributes
                0x00000325       0x2d c:/dev_tools/stm32_tools/gnu-tools-for-stm32.12.3/tools/bin/../lib/gcc/arm-none-eabi/10.3.1/../../../../arm-none-eabi/lib/thumb/v7-m/nofp\libc_nano.a(lib_a-nano-mallocr.o)
 .ARM.attributes
                0x00000352       0x2d c:/dev_tools/stm32_tools/gnu-tools-for-stm32.12.3/tools/bin/../lib/gcc/arm-none-eabi/10.3.1/../../../../arm-none-eabi/lib/thumb/v7-m/nofp\libc_nano.a(lib_a-nano-reallocr.o)
 .ARM.attributes
                0x0000037f       0x2d c:/dev_tools/stm32_tools/gnu-tools-for-stm32.12.3/tools/bin/../lib/gcc/arm-none-eabi/10.3.1/../../../../arm-none-eabi/lib/thumb/v7-m/nofp\libc_nano.a(lib_a-sbrkr.o)
 .ARM.attributes
                0x000003ac       0x2d c:/dev_tools/stm32_tools/gnu-tools-for-stm32.12.3/tools/bin/../lib/gcc/arm-none-eabi/10.3.1/../../../../arm-none-eabi/lib/thumb/v7-m/nofp\libc_nano.a(lib_a-mlock.o)
 .ARM.attributes
                0x000003d9       0x2d c:/dev_tools/stm32_tools/gnu-tools-for-stm32.12.3/tools/bin/../lib/gcc/arm-none-eabi/10.3.1/../../../../arm-none-eabi/lib/thumb/v7-m/nofp\libc_nano.a(lib_a-nano-msizer.o)
 .ARM.attributes
                0x00000406       0x2d c:/dev_tools/stm32_tools/gnu-tools-for-stm32.12.3/tools/bin/../lib/gcc/arm-none-eabi/10.3.1/../../../../arm-none-eabi/lib/thumb/v7-m/nofp\libc_nano.a(lib_a-reent.o)
 .ARM.attributes
                0x00000433       0x2d c:/dev_tools/stm32_tools/gnu-tools-for-stm32.12.3/tools/bin/../lib/gcc/arm-none-eabi/10.3.1/../../../../arm-none-eabi/lib/thumb/v7-m/nofp\libc_nano.a(lib_a-lock.o)
 .ARM.attributes
                0x00000460       0x1d c:/dev_tools/stm32_tools/gnu-tools-for-stm32.12.3/tools/bin/../lib/gcc/arm-none-eabi/10.3.1/thumb/v7-m/nofp/crtn.o
OUTPUT(Debug/Clean_project.elf elf32-littlearm)
LOAD linker stubs
LOAD c:/dev_tools/stm32_tools/gnu-tools-for-stm32.12.3/tools/bin/../lib/gcc/arm-none-eabi/10.3.1/../../../../arm-none-eabi/lib/thumb/v7-m/nofp\libc.a
LOAD c:/dev_tools/stm32_tools/gnu-tools-for-stm32.12.3/tools/bin/../lib/gcc/arm-none-eabi/10.3.1/../../../../arm-none-eabi/lib/thumb/v7-m/nofp\libm.a
LOAD c:/dev_tools/stm32_tools/gnu-tools-for-stm32.12.3/tools/bin/../lib/gcc/arm-none-eabi/10.3.1/thumb/v7-m/nofp\libgcc.a

.debug_info     0x00000000     0x1ee6
 .debug_info    0x00000000      0x252 Debug/main.o
 .debug_info    0x00000252     0x173d Debug/stm32f103xx_CMSIS.o
 .debug_info    0x0000198f      0x1a0 Debug/stm32f103xx_it.o
 .debug_info    0x00001b2f      0x15f Debug/sysmem.o
 .debug_info    0x00001c8e      0x236 Debug/system_stm32f1xx.o
 .debug_info    0x00001ec4       0x22 Debug/startup_stm32f103c8tx.o

.debug_abbrev   0x00000000      0x655
 .debug_abbrev  0x00000000       0xe0 Debug/main.o
 .debug_abbrev  0x000000e0      0x2bf Debug/stm32f103xx_CMSIS.o
 .debug_abbrev  0x0000039f       0xc3 Debug/stm32f103xx_it.o
 .debug_abbrev  0x00000462       0xa6 Debug/sysmem.o
 .debug_abbrev  0x00000508      0x13b Debug/system_stm32f1xx.o
 .debug_abbrev  0x00000643       0x12 Debug/startup_stm32f103c8tx.o

.debug_aranges  0x00000000      0x268
 .debug_aranges
                0x00000000       0x20 Debug/main.o
 .debug_aranges
                0x00000020      0x1b8 Debug/stm32f103xx_CMSIS.o
 .debug_aranges
                0x000001d8       0x20 Debug/stm32f103xx_it.o
 .debug_aranges
                0x000001f8       0x20 Debug/sysmem.o
 .debug_aranges
                0x00000218       0x28 Debug/system_stm32f1xx.o
 .debug_aranges
                0x00000240       0x28 Debug/startup_stm32f103c8tx.o

.debug_ranges   0x00000000      0x210
 .debug_ranges  0x00000000       0x10 Debug/main.o
 .debug_ranges  0x00000010      0x1a8 Debug/stm32f103xx_CMSIS.o
 .debug_ranges  0x000001b8       0x10 Debug/stm32f103xx_it.o
 .debug_ranges  0x000001c8       0x10 Debug/sysmem.o
 .debug_ranges  0x000001d8       0x18 Debug/system_stm32f1xx.o
 .debug_ranges  0x000001f0       0x20 Debug/startup_stm32f103c8tx.o

.debug_macro    0x00000000    0x113c6
 .debug_macro   0x00000000      0x270 Debug/main.o
 .debug_macro   0x00000270      0xa66 Debug/main.o
 .debug_macro   0x00000cd6       0x2e Debug/main.o
 .debug_macro   0x00000d04       0x22 Debug/main.o
 .debug_macro   0x00000d26       0x22 Debug/main.o
 .debug_macro   0x00000d48       0x8e Debug/main.o
 .debug_macro   0x00000dd6       0x51 Debug/main.o
 .debug_macro   0x00000e27      0x103 Debug/main.o
 .debug_macro   0x00000f2a       0x6a Debug/main.o
 .debug_macro   0x00000f94      0x1df Debug/main.o
 .debug_macro   0x00001173       0x1c Debug/main.o
 .debug_macro   0x0000118f       0x22 Debug/main.o
 .debug_macro   0x000011b1       0xbd Debug/main.o
 .debug_macro   0x0000126e      0xd23 Debug/main.o
 .debug_macro   0x00001f91     0xe09e Debug/main.o
 .debug_macro   0x0001002f       0x6d Debug/main.o
 .debug_macro   0x0001009c       0x22 Debug/main.o
 .debug_macro   0x000100be       0x52 Debug/main.o
 .debug_macro   0x00010110       0x18 Debug/main.o
 .debug_macro   0x00010128       0x3c Debug/main.o
 .debug_macro   0x00010164       0x34 Debug/main.o
 .debug_macro   0x00010198       0x16 Debug/main.o
 .debug_macro   0x000101ae       0x97 Debug/main.o
 .debug_macro   0x00010245      0x341 Debug/main.o
 .debug_macro   0x00010586       0xfd Debug/main.o
 .debug_macro   0x00010683       0x10 Debug/main.o
 .debug_macro   0x00010693       0x16 Debug/main.o
 .debug_macro   0x000106a9       0x43 Debug/main.o
 .debug_macro   0x000106ec       0x34 Debug/main.o
 .debug_macro   0x00010720       0x10 Debug/main.o
 .debug_macro   0x00010730       0x58 Debug/main.o
 .debug_macro   0x00010788       0x71 Debug/main.o
 .debug_macro   0x000107f9       0x1c Debug/main.o
 .debug_macro   0x00010815      0x12a Debug/main.o
 .debug_macro   0x0001093f       0x10 Debug/main.o
 .debug_macro   0x0001094f       0x1c Debug/main.o
 .debug_macro   0x0001096b       0x52 Debug/main.o
 .debug_macro   0x000109bd       0x22 Debug/main.o
 .debug_macro   0x000109df       0x10 Debug/main.o
 .debug_macro   0x000109ef       0x52 Debug/main.o
 .debug_macro   0x00010a41       0xd5 Debug/main.o
 .debug_macro   0x00010b16       0x1c Debug/main.o
 .debug_macro   0x00010b32       0x3d Debug/main.o
 .debug_macro   0x00010b6f       0x16 Debug/main.o
 .debug_macro   0x00010b85      0x145 Debug/main.o
 .debug_macro   0x00010cca       0x16 Debug/main.o
 .debug_macro   0x00010ce0       0x35 Debug/main.o
 .debug_macro   0x00010d15      0x270 Debug/stm32f103xx_CMSIS.o
 .debug_macro   0x00010f85      0x27a Debug/stm32f103xx_it.o
 .debug_macro   0x000111ff       0xff Debug/sysmem.o
 .debug_macro   0x000112fe       0xc8 Debug/system_stm32f1xx.o

.debug_line     0x00000000     0x2674
 .debug_line    0x00000000      0x4a2 Debug/main.o
 .debug_line    0x000004a2     0x163d Debug/stm32f103xx_CMSIS.o
 .debug_line    0x00001adf      0x4de Debug/stm32f103xx_it.o
 .debug_line    0x00001fbd      0x311 Debug/sysmem.o
 .debug_line    0x000022ce      0x322 Debug/system_stm32f1xx.o
 .debug_line    0x000025f0       0x84 Debug/startup_stm32f103c8tx.o

.debug_str      0x00000000    0x5947e
 .debug_str     0x00000000    0x584a1 Debug/main.o
                              0x5874a (size before relaxing)
 .debug_str     0x000584a1      0x9e1 Debug/stm32f103xx_CMSIS.o
                              0x591fb (size before relaxing)
 .debug_str     0x00058e82       0x53 Debug/stm32f103xx_it.o
                              0x586b6 (size before relaxing)
 .debug_str     0x00058ed5      0x4cf Debug/sysmem.o
                               0x5d52 (size before relaxing)
 .debug_str     0x000593a4       0xa7 Debug/system_stm32f1xx.o
                              0x545d8 (size before relaxing)
 .debug_str     0x0005944b       0x33 Debug/startup_stm32f103c8tx.o
                                 0x85 (size before relaxing)

.comment        0x00000000       0x49
 .comment       0x00000000       0x49 Debug/main.o
                                 0x4a (size before relaxing)
 .comment       0x00000049       0x4a Debug/stm32f103xx_CMSIS.o
 .comment       0x00000049       0x4a Debug/stm32f103xx_it.o
 .comment       0x00000049       0x4a Debug/sysmem.o
 .comment       0x00000049       0x4a Debug/system_stm32f1xx.o

.debug_frame    0x00000000      0xc50
 .debug_frame   0x00000000       0x30 Debug/main.o
 .debug_frame   0x00000030      0x6fc Debug/stm32f103xx_CMSIS.o
 .debug_frame   0x0000072c       0x30 Debug/stm32f103xx_it.o
 .debug_frame   0x0000075c       0x34 Debug/sysmem.o
 .debug_frame   0x00000790       0x58 Debug/system_stm32f1xx.o
 .debug_frame   0x000007e8       0x20 c:/dev_tools/stm32_tools/gnu-tools-for-stm32.12.3/tools/bin/../lib/gcc/arm-none-eabi/10.3.1/../../../../arm-none-eabi/lib/thumb/v7-m/nofp\libc_nano.a(lib_a-errno.o)
 .debug_frame   0x00000808       0x2c c:/dev_tools/stm32_tools/gnu-tools-for-stm32.12.3/tools/bin/../lib/gcc/arm-none-eabi/10.3.1/../../../../arm-none-eabi/lib/thumb/v7-m/nofp\libc_nano.a(lib_a-init.o)
 .debug_frame   0x00000834       0x6c c:/dev_tools/stm32_tools/gnu-tools-for-stm32.12.3/tools/bin/../lib/gcc/arm-none-eabi/10.3.1/../../../../arm-none-eabi/lib/thumb/v7-m/nofp\libc_nano.a(lib_a-sprintf.o)
 .debug_frame   0x000008a0       0x90 c:/dev_tools/stm32_tools/gnu-tools-for-stm32.12.3/tools/bin/../lib/gcc/arm-none-eabi/10.3.1/../../../../arm-none-eabi/lib/thumb/v7-m/nofp\libc_nano.a(lib_a-nano-svfprintf.o)
 .debug_frame   0x00000930       0x60 c:/dev_tools/stm32_tools/gnu-tools-for-stm32.12.3/tools/bin/../lib/gcc/arm-none-eabi/10.3.1/../../../../arm-none-eabi/lib/thumb/v7-m/nofp\libc_nano.a(lib_a-nano-vfprintf_i.o)
 .debug_frame   0x00000990       0x28 c:/dev_tools/stm32_tools/gnu-tools-for-stm32.12.3/tools/bin/../lib/gcc/arm-none-eabi/10.3.1/../../../../arm-none-eabi/lib/thumb/v7-m/nofp\libc_nano.a(lib_a-memchr-stub.o)
 .debug_frame   0x000009b8       0x28 c:/dev_tools/stm32_tools/gnu-tools-for-stm32.12.3/tools/bin/../lib/gcc/arm-none-eabi/10.3.1/../../../../arm-none-eabi/lib/thumb/v7-m/nofp\libc_nano.a(lib_a-memcpy-stub.o)
 .debug_frame   0x000009e0       0x28 c:/dev_tools/stm32_tools/gnu-tools-for-stm32.12.3/tools/bin/../lib/gcc/arm-none-eabi/10.3.1/../../../../arm-none-eabi/lib/thumb/v7-m/nofp\libc_nano.a(lib_a-memmove.o)
 .debug_frame   0x00000a08       0x38 c:/dev_tools/stm32_tools/gnu-tools-for-stm32.12.3/tools/bin/../lib/gcc/arm-none-eabi/10.3.1/../../../../arm-none-eabi/lib/thumb/v7-m/nofp\libc_nano.a(lib_a-nano-freer.o)
 .debug_frame   0x00000a40       0x4c c:/dev_tools/stm32_tools/gnu-tools-for-stm32.12.3/tools/bin/../lib/gcc/arm-none-eabi/10.3.1/../../../../arm-none-eabi/lib/thumb/v7-m/nofp\libc_nano.a(lib_a-nano-mallocr.o)
 .debug_frame   0x00000a8c       0x3c c:/dev_tools/stm32_tools/gnu-tools-for-stm32.12.3/tools/bin/../lib/gcc/arm-none-eabi/10.3.1/../../../../arm-none-eabi/lib/thumb/v7-m/nofp\libc_nano.a(lib_a-nano-reallocr.o)
 .debug_frame   0x00000ac8       0x2c c:/dev_tools/stm32_tools/gnu-tools-for-stm32.12.3/tools/bin/../lib/gcc/arm-none-eabi/10.3.1/../../../../arm-none-eabi/lib/thumb/v7-m/nofp\libc_nano.a(lib_a-sbrkr.o)
 .debug_frame   0x00000af4       0x30 c:/dev_tools/stm32_tools/gnu-tools-for-stm32.12.3/tools/bin/../lib/gcc/arm-none-eabi/10.3.1/../../../../arm-none-eabi/lib/thumb/v7-m/nofp\libc_nano.a(lib_a-mlock.o)
 .debug_frame   0x00000b24       0x20 c:/dev_tools/stm32_tools/gnu-tools-for-stm32.12.3/tools/bin/../lib/gcc/arm-none-eabi/10.3.1/../../../../arm-none-eabi/lib/thumb/v7-m/nofp\libc_nano.a(lib_a-nano-msizer.o)
 .debug_frame   0x00000b44       0x5c c:/dev_tools/stm32_tools/gnu-tools-for-stm32.12.3/tools/bin/../lib/gcc/arm-none-eabi/10.3.1/../../../../arm-none-eabi/lib/thumb/v7-m/nofp\libc_nano.a(lib_a-reent.o)
 .debug_frame   0x00000ba0       0xb0 c:/dev_tools/stm32_tools/gnu-tools-for-stm32.12.3/tools/bin/../lib/gcc/arm-none-eabi/10.3.1/../../../../arm-none-eabi/lib/thumb/v7-m/nofp\libc_nano.a(lib_a-lock.o)
