Drivers/CMSIS/core_cm3.h:1511:22:__NVIC_EnableIRQ	16	static
Core/Src/stm32f103xx_CMSIS.c:37:6:CMSIS_Debug_init	4	static
Core/Src/stm32f103xx_CMSIS.c:95:6:CMSIS_RCC_SystemClock_72MHz	4	static
Core/Src/stm32f103xx_CMSIS.c:463:6:CMSIS_SysTick_Timer_init	4	static
Core/Src/stm32f103xx_CMSIS.c:564:6:Delay_ms	16	static
Core/Src/stm32f103xx_CMSIS.c:575:13:SysTick_Handler	4	static
Core/Src/stm32f103xx_CMSIS.c:676:6:CMSIS_PC13_OUTPUT_Push_Pull_init	4	static
Core/Src/stm32f103xx_CMSIS.c:683:13:CMSIS_GPIO_MODE_Set	24	static
Core/Src/stm32f103xx_CMSIS.c:699:13:CMSIS_GPIO_SPEED_Set	24	static
Core/Src/stm32f103xx_CMSIS.c:719:13:CMSIS_GPIO_CNF_Set	24	static
Core/Src/stm32f103xx_CMSIS.c:730:13:CMSIS_GPIO_Reg_Set	24	static
Core/Src/stm32f103xx_CMSIS.c:794:6:CMSIS_GPIO_init	32	static
Core/Src/stm32f103xx_CMSIS.c:826:6:CMSIS_Blink_PC13	16	static
Core/Src/stm32f103xx_CMSIS.c:840:6:CMSIS_PA8_MCO_init	4	static
Core/Src/stm32f103xx_CMSIS.c:881:6:CMSIS_RCC_AFIO_enable	4	static
Core/Src/stm32f103xx_CMSIS.c:902:6:CMSIS_AFIO_EXTICR1_B0_select	4	static
Core/Src/stm32f103xx_CMSIS.c:912:6:CMSIS_PB0_INPUT_Pull_Down_init	4	static
Core/Src/stm32f103xx_CMSIS.c:929:6:CMSIS_EXTI_0_init	8	static
Core/Src/stm32f103xx_CMSIS.c:1010:13:EXTI0_IRQHandler	4	static
Core/Src/stm32f103xx_CMSIS.c:1083:6:CMSIS_TIM3_init	8	static
Core/Src/stm32f103xx_CMSIS.c:1113:6:CMSIS_TIM3_PWM_CHANNEL1_init	4	static
Core/Src/stm32f103xx_CMSIS.c:1134:6:CMSIS_TIM3_PWM_CHANNEL2_init	4	static
Core/Src/stm32f103xx_CMSIS.c:1155:13:TIM3_IRQHandler	4	static
Core/Src/stm32f103xx_CMSIS.c:1162:6:CMSIS_TIM1_init	4	static
Core/Src/stm32f103xx_CMSIS.c:1197:6:CMSIS_TIM1_PWM_CHANNEL1_init	4	static
Core/Src/stm32f103xx_CMSIS.c:1218:6:CMSIS_TIM1_PWM_CHANNEL2_init	4	static
Core/Src/stm32f103xx_CMSIS.c:1239:13:TIM1_UP_IRQHandler	4	static
Core/Src/stm32f103xx_CMSIS.c:1352:6:CMSIS_ADC_DMA_init	8	static
Core/Src/stm32f103xx_CMSIS.c:1463:13:ADC1_2_IRQHandler	4	static
Core/Src/stm32f103xx_CMSIS.c:1473:13:DMA1_Channel1_IRQHandler	4	static
Core/Src/stm32f103xx_CMSIS.c:1623:6:CMSIS_USART1_Init	8	static
Core/Src/stm32f103xx_CMSIS.c:1697:6:CMSIS_USART2_Init	8	static
Core/Src/stm32f103xx_CMSIS.c:1771:13:USART1_IRQHandler	4	static
Core/Src/stm32f103xx_CMSIS.c:1786:13:USART2_IRQHandler	4	static
Core/Src/stm32f103xx_CMSIS.c:1810:6:CMSIS_USART_Transmit	32	static
Core/Src/stm32f103xx_CMSIS.c:1878:6:CMSIS_I2C_Reset	4	static
Core/Src/stm32f103xx_CMSIS.c:1897:6:CMSIS_I2C1_Init	8	static
Core/Src/stm32f103xx_CMSIS.c:1972:6:CMSIS_I2C_Adress_Device_Scan	24	static
Core/Src/stm32f103xx_CMSIS.c:2053:6:CMSIS_I2C_Data_Transmit	32	static
Core/Src/stm32f103xx_CMSIS.c:2152:6:CMSIS_I2C_Data_Receive	32	static
Core/Src/stm32f103xx_CMSIS.c:2263:6:CMSIS_I2C_MemWrite	24	static
Core/Src/stm32f103xx_CMSIS.c:2378:6:CMSIS_I2C_MemRead	24	static
Core/Src/stm32f103xx_CMSIS.c:2571:6:CMSIS_SPI1_init	4	static
Core/Src/stm32f103xx_CMSIS.c:2660:6:CMSIS_SPI_Data_Transmit_8BIT	32	static
Core/Src/stm32f103xx_CMSIS.c:2710:6:CMSIS_SPI_Data_Transmit_16BIT	32	static
Core/Src/stm32f103xx_CMSIS.c:2760:6:CMSIS_SPI_Data_Receive_8BIT	32	static
Core/Src/stm32f103xx_CMSIS.c:2807:6:CMSIS_SPI_Data_Receive_16BIT	32	static
Core/Src/stm32f103xx_CMSIS.c:2878:6:FLASH_Unlock	4	static
Core/Src/stm32f103xx_CMSIS.c:2891:6:FLASH_Lock	4	static
Core/Src/stm32f103xx_CMSIS.c:2903:6:FLASH_Page_erase	16	static
Core/Src/stm32f103xx_CMSIS.c:2927:6:FLASH_Page_write	32	static
Core/Src/stm32f103xx_CMSIS.c:2975:6:FLASH_Read_data	32	static
