Archive member included to satisfy reference by file (symbol)

c:/st/tools/gcc-arm-none-eabi-10.3-2021.10/bin/../lib/gcc/arm-none-eabi/10.3.1/../../../../arm-none-eabi/lib/thumb/v7-m/nofp\libc_nano.a(lib_a-errno.o)
                              Debug/syscalls.o (__errno)
c:/st/tools/gcc-arm-none-eabi-10.3-2021.10/bin/../lib/gcc/arm-none-eabi/10.3.1/../../../../arm-none-eabi/lib/thumb/v7-m/nofp\libc_nano.a(lib_a-exit.o)
                              c:/st/tools/gcc-arm-none-eabi-10.3-2021.10/bin/../lib/gcc/arm-none-eabi/10.3.1/../../../../arm-none-eabi/lib/thumb/v7-m/nofp/crt0.o (exit)
c:/st/tools/gcc-arm-none-eabi-10.3-2021.10/bin/../lib/gcc/arm-none-eabi/10.3.1/../../../../arm-none-eabi/lib/thumb/v7-m/nofp\libc_nano.a(lib_a-impure.o)
                              c:/st/tools/gcc-arm-none-eabi-10.3-2021.10/bin/../lib/gcc/arm-none-eabi/10.3.1/../../../../arm-none-eabi/lib/thumb/v7-m/nofp\libc_nano.a(lib_a-exit.o) (_global_impure_ptr)
c:/st/tools/gcc-arm-none-eabi-10.3-2021.10/bin/../lib/gcc/arm-none-eabi/10.3.1/../../../../arm-none-eabi/lib/thumb/v7-m/nofp\libc_nano.a(lib_a-init.o)
                              c:/st/tools/gcc-arm-none-eabi-10.3-2021.10/bin/../lib/gcc/arm-none-eabi/10.3.1/../../../../arm-none-eabi/lib/thumb/v7-m/nofp/crt0.o (__libc_init_array)
c:/st/tools/gcc-arm-none-eabi-10.3-2021.10/bin/../lib/gcc/arm-none-eabi/10.3.1/../../../../arm-none-eabi/lib/thumb/v7-m/nofp\libc_nano.a(lib_a-memset.o)
                              c:/st/tools/gcc-arm-none-eabi-10.3-2021.10/bin/../lib/gcc/arm-none-eabi/10.3.1/../../../../arm-none-eabi/lib/thumb/v7-m/nofp/crt0.o (memset)
c:/st/tools/gcc-arm-none-eabi-10.3-2021.10/bin/../lib/gcc/arm-none-eabi/10.3.1/../../../../arm-none-eabi/lib/thumb/v7-m/nofp\libc_nano.a(lib_a-sprintf.o)
                              Debug/main.o (sprintf)
c:/st/tools/gcc-arm-none-eabi-10.3-2021.10/bin/../lib/gcc/arm-none-eabi/10.3.1/../../../../arm-none-eabi/lib/thumb/v7-m/nofp\libc_nano.a(lib_a-nano-svfprintf.o)
                              c:/st/tools/gcc-arm-none-eabi-10.3-2021.10/bin/../lib/gcc/arm-none-eabi/10.3.1/../../../../arm-none-eabi/lib/thumb/v7-m/nofp\libc_nano.a(lib_a-sprintf.o) (_svfprintf_r)
c:/st/tools/gcc-arm-none-eabi-10.3-2021.10/bin/../lib/gcc/arm-none-eabi/10.3.1/../../../../arm-none-eabi/lib/thumb/v7-m/nofp\libc_nano.a(lib_a-nano-vfprintf_i.o)
                              c:/st/tools/gcc-arm-none-eabi-10.3-2021.10/bin/../lib/gcc/arm-none-eabi/10.3.1/../../../../arm-none-eabi/lib/thumb/v7-m/nofp\libc_nano.a(lib_a-nano-svfprintf.o) (_printf_i)
c:/st/tools/gcc-arm-none-eabi-10.3-2021.10/bin/../lib/gcc/arm-none-eabi/10.3.1/../../../../arm-none-eabi/lib/thumb/v7-m/nofp\libc_nano.a(lib_a-memchr-stub.o)
                              c:/st/tools/gcc-arm-none-eabi-10.3-2021.10/bin/../lib/gcc/arm-none-eabi/10.3.1/../../../../arm-none-eabi/lib/thumb/v7-m/nofp\libc_nano.a(lib_a-nano-svfprintf.o) (memchr)
c:/st/tools/gcc-arm-none-eabi-10.3-2021.10/bin/../lib/gcc/arm-none-eabi/10.3.1/../../../../arm-none-eabi/lib/thumb/v7-m/nofp\libc_nano.a(lib_a-memcpy-stub.o)
                              c:/st/tools/gcc-arm-none-eabi-10.3-2021.10/bin/../lib/gcc/arm-none-eabi/10.3.1/../../../../arm-none-eabi/lib/thumb/v7-m/nofp\libc_nano.a(lib_a-nano-svfprintf.o) (memcpy)
c:/st/tools/gcc-arm-none-eabi-10.3-2021.10/bin/../lib/gcc/arm-none-eabi/10.3.1/../../../../arm-none-eabi/lib/thumb/v7-m/nofp\libc_nano.a(lib_a-memmove.o)
                              c:/st/tools/gcc-arm-none-eabi-10.3-2021.10/bin/../lib/gcc/arm-none-eabi/10.3.1/../../../../arm-none-eabi/lib/thumb/v7-m/nofp\libc_nano.a(lib_a-nano-svfprintf.o) (memmove)
c:/st/tools/gcc-arm-none-eabi-10.3-2021.10/bin/../lib/gcc/arm-none-eabi/10.3.1/../../../../arm-none-eabi/lib/thumb/v7-m/nofp\libc_nano.a(lib_a-nano-freer.o)
                              c:/st/tools/gcc-arm-none-eabi-10.3-2021.10/bin/../lib/gcc/arm-none-eabi/10.3.1/../../../../arm-none-eabi/lib/thumb/v7-m/nofp\libc_nano.a(lib_a-nano-svfprintf.o) (_free_r)
c:/st/tools/gcc-arm-none-eabi-10.3-2021.10/bin/../lib/gcc/arm-none-eabi/10.3.1/../../../../arm-none-eabi/lib/thumb/v7-m/nofp\libc_nano.a(lib_a-nano-mallocr.o)
                              c:/st/tools/gcc-arm-none-eabi-10.3-2021.10/bin/../lib/gcc/arm-none-eabi/10.3.1/../../../../arm-none-eabi/lib/thumb/v7-m/nofp\libc_nano.a(lib_a-nano-svfprintf.o) (_malloc_r)
c:/st/tools/gcc-arm-none-eabi-10.3-2021.10/bin/../lib/gcc/arm-none-eabi/10.3.1/../../../../arm-none-eabi/lib/thumb/v7-m/nofp\libc_nano.a(lib_a-nano-reallocr.o)
                              c:/st/tools/gcc-arm-none-eabi-10.3-2021.10/bin/../lib/gcc/arm-none-eabi/10.3.1/../../../../arm-none-eabi/lib/thumb/v7-m/nofp\libc_nano.a(lib_a-nano-svfprintf.o) (_realloc_r)
c:/st/tools/gcc-arm-none-eabi-10.3-2021.10/bin/../lib/gcc/arm-none-eabi/10.3.1/../../../../arm-none-eabi/lib/thumb/v7-m/nofp\libc_nano.a(lib_a-sbrkr.o)
[...]
Memory Configuration

Name             Origin             Length             Attributes
RAM              0x20000000         0x00008000         xrw
FLASH            0x08000000         0x00020000         xr
*default*        0x00000000         0xffffffff

Linker script and memory map

LOAD c:/st/tools/gcc-arm-none-eabi-10.3-2021.10/bin/../lib/gcc/arm-none-eabi/10.3.1/thumb/v7-m/nofp/crti.o
LOAD c:/st/tools/gcc-arm-none-eabi-10.3-2021.10/bin/../lib/gcc/arm-none-eabi/10.3.1/thumb/v7-m/nofp/crtbegin.o
LOAD c:/st/tools/gcc-arm-none-eabi-10.3-2021.10/bin/../lib/gcc/arm-none-eabi/10.3.1/../../../../arm-none-eabi/lib/thumb/v7-m/nofp/crt0.o
LOAD Debug/main.o
LOAD Debug/stm32l1xx_hal_msp.o
LOAD Debug/stm32l1xx_it.o
LOAD Debug/syscalls.o
LOAD Debug/sysmem.o
LOAD Debug/system_stm32l1xx.o
LOAD Debug/stm32l1xx_hal.o
LOAD Debug/stm32l1xx_hal_cortex.o
LOAD Debug/stm32l1xx_hal_dma.o
LOAD Debug/stm32l1xx_hal_exti.o
LOAD Debug/stm32l1xx_hal_flash.o
LOAD Debug/stm32l1xx_hal_flash_ex.o
LOAD Debug/stm32l1xx_hal_flash_ramfunc.o
LOAD Debug/stm32l1xx_hal_gpio.o
LOAD Debug/stm32l1xx_hal_pwr.o
LOAD Debug/stm32l1xx_hal_pwr_ex.o
LOAD Debug/stm32l1xx_hal_rcc.o
LOAD Debug/stm32l1xx_hal_rcc_ex.o
LOAD Debug/stm32l1xx_hal_tim.o
LOAD Debug/stm32l1xx_hal_tim_ex.o
LOAD Debug/stm32l1xx_hal_uart.o
LOAD Debug/startup_stm32l151cbtxa.o
START GROUP
LOAD c:/st/tools/gcc-arm-none-eabi-10.3-2021.10/bin/../lib/gcc/arm-none-eabi/10.3.1/../../../../arm-none-eabi/lib/thumb/v7-m/nofp\libc_nano.a
LOAD c:/st/tools/gcc-arm-none-eabi-10.3-2021.10/bin/../lib/gcc/arm-none-eabi/10.3.1/../../../../arm-none-eabi/lib/thumb/v7-m/nofp\libm.a
END GROUP
START GROUP
LOAD c:/st/tools/gcc-arm-none-eabi-10.3-2021.10/bin/../lib/gcc/arm-none-eabi/10.3.1/thumb/v7-m/nofp\libgcc.a
LOAD c:/st/tools/gcc-arm-none-eabi-10.3-2021.10/bin/../lib/gcc/arm-none-eabi/10.3.1/../../../../arm-none-eabi/lib/thumb/v7-m/nofp\libc_nano.a
END GROUP
START GROUP
LOAD c:/st/tools/gcc-arm-none-eabi-10.3-2021.10/bin/../lib/gcc/arm-none-eabi/10.3.1/thumb/v7-m/nofp\libgcc.a
LOAD c:/st/tools/gcc-arm-none-eabi-10.3-2021.10/bin/../lib/gcc/arm-none-eabi/10.3.1/../../../../arm-none-eabi/lib/thumb/v7-m/nofp\libc_nano.a
END GROUP
LOAD c:/st/tools/gcc-arm-none-eabi-10.3-2021.10/bin/../lib/gcc/arm-none-eabi/10.3.1/thumb/v7-m/nofp/crtend.o
LOAD c:/st/tools/gcc-arm-none-eabi-10.3-2021.10/bin/../lib/gcc/arm-none-eabi/10.3.1/thumb/v7-m/nofp/crtn.o
                0x20008000                _estack = (ORIGIN (RAM) + LENGTH (RAM))
                0x00000200                _Min_Heap_Size = 0x200
                0x00000400                _Min_Stack_Size = 0x400

.isr_vector     0x08000000      0x13c
                0x08000000                . = ALIGN (0x4)
 *(.isr_vector)
 .isr_vector    0x08000000      0x13c Debug/startup_stm32l151cbtxa.o
                0x08000000                g_pfnVectors
                0x0800013c                . = ALIGN (0x4)

.text           0x0800013c     0x264c
                0x0800013c                . = ALIGN (0x4)
 *(.text)
 .text          0x0800013c       0x40 c:/st/tools/gcc-arm-none-eabi-10.3-2021.10/bin/../lib/gcc/arm-none-eabi/10.3.1/thumb/v7-m/nofp/crtbegin.o
 .text          0x0800017c       0x30 c:/st/tools/gcc-arm-none-eabi-10.3-2021.10/bin/../lib/gcc/arm-none-eabi/10.3.1/thumb/v7-m/nofp\libgcc.a(_aeabi_uldivmod.o)
                0x0800017c                __aeabi_uldivmod
 .text          0x080001ac      0x2d4 c:/st/tools/gcc-arm-none-eabi-10.3-2021.10/bin/../lib/gcc/arm-none-eabi/10.3.1/thumb/v7-m/nofp\libgcc.a(_udivmoddi4.o)
                0x080001ac                __udivmoddi4
 .text          0x08000480        0x4 c:/st/tools/gcc-arm-none-eabi-10.3-2021.10/bin/../lib/gcc/arm-none-eabi/10.3.1/thumb/v7-m/nofp\libgcc.a(_dvmd_tls.o)
                0x08000480                __aeabi_idiv0
                0x08000480                __aeabi_ldiv0
 *(.text*)
 .text.main     0x08000484       0x6c Debug/main.o
                0x08000484                main
 .text.SystemClock_Config
                0x080004f0       0x9c Debug/main.o
                0x080004f0                SystemClock_Config
 .text.MX_USART1_UART_Init
                0x0800058c       0x54 Debug/main.o
 .text.MX_GPIO_Init
                0x080005e0       0x98 Debug/main.o
 .text.Error_Handler
                0x08000678        0xa Debug/main.o
                0x08000678                Error_Handler
 *fill*         0x08000682        0x2 
 .text.HAL_MspInit
                0x08000684       0x5c Debug/stm32l1xx_hal_msp.o
                0x08000684                HAL_MspInit
 .text.HAL_UART_MspInit
                0x080006e0       0x88 Debug/stm32l1xx_hal_msp.o
                0x080006e0                HAL_UART_MspInit
 .text.NMI_Handler
                0x08000768        0x6 Debug/stm32l1xx_it.o
                0x08000768                NMI_Handler
 .text.HardFault_Handler
                0x0800076e        0x6 Debug/stm32l1xx_it.o
                0x0800076e                HardFault_Handler
 .text.MemManage_Handler
                0x08000774        0x6 Debug/stm32l1xx_it.o
                0x08000774                MemManage_Handler
 .text.BusFault_Handler
                0x0800077a        0x6 Debug/stm32l1xx_it.o
                0x0800077a                BusFault_Handler
 .text.UsageFault_Handler
                0x08000780        0x6 Debug/stm32l1xx_it.o
                0x08000780                UsageFault_Handler
 .text.SVC_Handler
                0x08000786        0xc Debug/stm32l1xx_it.o
                0x08000786                SVC_Handler
 .text.DebugMon_Handler
                0x08000792        0xc Debug/stm32l1xx_it.o
                0x08000792                DebugMon_Handler
 .text.PendSV_Handler
                0x0800079e        0xc Debug/stm32l1xx_it.o
                0x0800079e                PendSV_Handler
 .text.SysTick_Handler
                0x080007aa        0xc Debug/stm32l1xx_it.o
                0x080007aa                SysTick_Handler
 *fill*         0x080007b6        0x2 
 .text._sbrk    0x080007b8       0x6c Debug/sysmem.o
                0x080007b8                _sbrk
 .text.SystemInit
                0x08000824        0xc Debug/system_stm32l1xx.o
                0x08000824                SystemInit
 .text.HAL_Init
                0x08000830       0x30 Debug/stm32l1xx_hal.o
                0x08000830                HAL_Init
 .text.HAL_InitTick
                0x08000860       0x74 Debug/stm32l1xx_hal.o
                0x08000860                HAL_InitTick
 .text.HAL_IncTick
                0x080008d4       0x24 Debug/stm32l1xx_hal.o
                0x080008d4                HAL_IncTick
 .text.HAL_GetTick
                0x080008f8       0x14 Debug/stm32l1xx_hal.o
                0x080008f8                HAL_GetTick
 .text.HAL_Delay
                0x0800090c       0x44 Debug/stm32l1xx_hal.o
                0x0800090c                HAL_Delay
 .text.__NVIC_SetPriorityGrouping
                0x08000950       0x48 Debug/stm32l1xx_hal_cortex.o
 .text.__NVIC_GetPriorityGrouping
                0x08000998       0x1c Debug/stm32l1xx_hal_cortex.o
 .text.__NVIC_SetPriority
                0x080009b4       0x54 Debug/stm32l1xx_hal_cortex.o
 .text.NVIC_EncodePriority
                0x08000a08       0x64 Debug/stm32l1xx_hal_cortex.o
 .text.SysTick_Config
                0x08000a6c       0x44 Debug/stm32l1xx_hal_cortex.o
 .text.HAL_NVIC_SetPriorityGrouping
                0x08000ab0       0x16 Debug/stm32l1xx_hal_cortex.o
                0x08000ab0                HAL_NVIC_SetPriorityGrouping
 .text.HAL_NVIC_SetPriority
                0x08000ac6       0x38 Debug/stm32l1xx_hal_cortex.o
                0x08000ac6                HAL_NVIC_SetPriority
 .text.HAL_SYSTICK_Config
                0x08000afe       0x18 Debug/stm32l1xx_hal_cortex.o
                0x08000afe                HAL_SYSTICK_Config
 *fill*         0x08000b16        0x2 
 .text.HAL_GPIO_Init
                0x08000b18      0x300 Debug/stm32l1xx_hal_gpio.o
                0x08000b18                HAL_GPIO_Init
 .text.HAL_GPIO_WritePin
                0x08000e18       0x30 Debug/stm32l1xx_hal_gpio.o
                0x08000e18                HAL_GPIO_WritePin
 .text.HAL_RCC_OscConfig
                0x08000e48      0x660 Debug/stm32l1xx_hal_rcc.o
                0x08000e48                HAL_RCC_OscConfig
 .text.HAL_RCC_ClockConfig
                0x080014a8      0x268 Debug/stm32l1xx_hal_rcc.o
                0x080014a8                HAL_RCC_ClockConfig
 .text.HAL_RCC_GetSysClockFreq
                0x08001710      0x17c Debug/stm32l1xx_hal_rcc.o
                0x08001710                HAL_RCC_GetSysClockFreq
 .text.HAL_RCC_GetHCLKFreq
                0x0800188c       0x14 Debug/stm32l1xx_hal_rcc.o
                0x0800188c                HAL_RCC_GetHCLKFreq
 .text.HAL_RCC_GetPCLK1Freq
                0x080018a0       0x28 Debug/stm32l1xx_hal_rcc.o
                0x080018a0                HAL_RCC_GetPCLK1Freq
 .text.HAL_RCC_GetPCLK2Freq
                0x080018c8       0x28 Debug/stm32l1xx_hal_rcc.o
                0x080018c8                HAL_RCC_GetPCLK2Freq
 .text.RCC_SetFlashLatencyFromMSIRange
                0x080018f0       0xc0 Debug/stm32l1xx_hal_rcc.o
 .text.HAL_UART_Init
                0x080019b0       0x9a Debug/stm32l1xx_hal_uart.o
                0x080019b0                HAL_UART_Init
 .text.HAL_UART_Transmit
                0x08001a4a      0x124 Debug/stm32l1xx_hal_uart.o
                0x08001a4a                HAL_UART_Transmit
 .text.UART_WaitOnFlagUntilTimeout
                0x08001b6e       0x94 Debug/stm32l1xx_hal_uart.o
 *fill*         0x08001c02        0x2 
 .text.UART_SetConfig
                0x08001c04      0x1c8 Debug/stm32l1xx_hal_uart.o
 .text.Reset_Handler
                0x08001dcc       0x48 Debug/startup_stm32l151cbtxa.o
                0x08001dcc                Reset_Handler
 .text.Default_Handler
                0x08001e14        0x2 Debug/startup_stm32l151cbtxa.o
                0x08001e14                RTC_Alarm_IRQHandler
                0x08001e14                EXTI2_IRQHandler
                0x08001e14                TIM10_IRQHandler
                0x08001e14                USB_HP_IRQHandler
                0x08001e14                TIM6_IRQHandler
                0x08001e14                PVD_IRQHandler
                0x08001e14                EXTI3_IRQHandler
                0x08001e14                EXTI0_IRQHandler
                0x08001e14                I2C2_EV_IRQHandler
                0x08001e14                SPI1_IRQHandler
                0x08001e14                USB_FS_WKUP_IRQHandler
                0x08001e14                DMA1_Channel4_IRQHandler
                0x08001e14                ADC1_IRQHandler
                0x08001e14                USART3_IRQHandler
                0x08001e14                DMA1_Channel7_IRQHandler
                0x08001e14                TIM4_IRQHandler
                0x08001e14                I2C1_EV_IRQHandler
                0x08001e14                DMA1_Channel6_IRQHandler
                0x08001e14                TIM3_IRQHandler
                0x08001e14                RCC_IRQHandler
                0x08001e14                DMA1_Channel1_IRQHandler
                0x08001e14                Default_Handler
                0x08001e14                EXTI15_10_IRQHandler
                0x08001e14                TIM7_IRQHandler
                0x08001e14                EXTI9_5_IRQHandler
                0x08001e14                TIM9_IRQHandler
                0x08001e14                TAMPER_STAMP_IRQHandler
                0x08001e14                RTC_WKUP_IRQHandler
                0x08001e14                SPI2_IRQHandler
                0x08001e14                DMA1_Channel5_IRQHandler
                0x08001e14                USB_LP_IRQHandler
                0x08001e14                EXTI4_IRQHandler
                0x08001e14                DMA1_Channel3_IRQHandler
                0x08001e14                COMP_IRQHandler
                0x08001e14                WWDG_IRQHandler
                0x08001e14                TIM2_IRQHandler
                0x08001e14                DAC_IRQHandler
                0x08001e14                EXTI1_IRQHandler
                0x08001e14                TIM11_IRQHandler
                0x08001e14                USART2_IRQHandler
                0x08001e14                I2C2_ER_IRQHandler
                0x08001e14                DMA1_Channel2_IRQHandler
                0x08001e14                FLASH_IRQHandler
                0x08001e14                USART1_IRQHandler
                0x08001e14                I2C1_ER_IRQHandler
 *fill*         0x08001e16        0x2 
 .text.__errno  0x08001e18        0xc c:/st/tools/gcc-arm-none-eabi-10.3-2021.10/bin/../lib/gcc/arm-none-eabi/10.3.1/../../../../arm-none-eabi/lib/thumb/v7-m/nofp\libc_nano.a(lib_a-errno.o)
                0x08001e18                __errno
 .text.__libc_init_array
                0x08001e24       0x48 c:/st/tools/gcc-arm-none-eabi-10.3-2021.10/bin/../lib/gcc/arm-none-eabi/10.3.1/../../../../arm-none-eabi/lib/thumb/v7-m/nofp\libc_nano.a(lib_a-init.o)
                0x08001e24                __libc_init_array
 .text.memset   0x08001e6c       0x10 c:/st/tools/gcc-arm-none-eabi-10.3-2021.10/bin/../lib/gcc/arm-none-eabi/10.3.1/../../../../arm-none-eabi/lib/thumb/v7-m/nofp\libc_nano.a(lib_a-memset.o)
                0x08001e6c                memset
 .text.sprintf  0x08001e7c       0x40 c:/st/tools/gcc-arm-none-eabi-10.3-2021.10/bin/../lib/gcc/arm-none-eabi/10.3.1/../../../../arm-none-eabi/lib/thumb/v7-m/nofp\libc_nano.a(lib_a-sprintf.o)
                0x08001e7c                siprintf
                0x08001e7c                sprintf
 .text.__ssputs_r
                0x08001ebc       0xb6 c:/st/tools/gcc-arm-none-eabi-10.3-2021.10/bin/../lib/gcc/arm-none-eabi/10.3.1/../../../../arm-none-eabi/lib/thumb/v7-m/nofp\libc_nano.a(lib_a-nano-svfprintf.o)
                0x08001ebc                __ssputs_r
 *fill*         0x08001f72        0x2 
 .text._svfprintf_r
                0x08001f74      0x200 c:/st/tools/gcc-arm-none-eabi-10.3-2021.10/bin/../lib/gcc/arm-none-eabi/10.3.1/../../../../arm-none-eabi/lib/thumb/v7-m/nofp\libc_nano.a(lib_a-nano-svfprintf.o)
                0x08001f74                _svfiprintf_r
                0x08001f74                _svfprintf_r
 .text._printf_common
                0x08002174       0xde c:/st/tools/gcc-arm-none-eabi-10.3-2021.10/bin/../lib/gcc/arm-none-eabi/10.3.1/../../../../arm-none-eabi/lib/thumb/v7-m/nofp\libc_nano.a(lib_a-nano-vfprintf_i.o)
                0x08002174                _printf_common
 *fill*         0x08002252        0x2 
 .text._printf_i
                0x08002254      0x24c c:/st/tools/gcc-arm-none-eabi-10.3-2021.10/bin/../lib/gcc/arm-none-eabi/10.3.1/../../../../arm-none-eabi/lib/thumb/v7-m/nofp\libc_nano.a(lib_a-nano-vfprintf_i.o)
                0x08002254                _printf_i
 .text.memchr   0x080024a0       0x1c c:/st/tools/gcc-arm-none-eabi-10.3-2021.10/bin/../lib/gcc/arm-none-eabi/10.3.1/../../../../arm-none-eabi/lib/thumb/v7-m/nofp\libc_nano.a(lib_a-memchr-stub.o)
                0x080024a0                memchr
 .text.memcpy   0x080024bc       0x1c c:/st/tools/gcc-arm-none-eabi-10.3-2021.10/bin/../lib/gcc/arm-none-eabi/10.3.1/../../../../arm-none-eabi/lib/thumb/v7-m/nofp\libc_nano.a(lib_a-memcpy-stub.o)
                0x080024bc                memcpy
 .text.memmove  0x080024d8       0x34 c:/st/tools/gcc-arm-none-eabi-10.3-2021.10/bin/../lib/gcc/arm-none-eabi/10.3.1/../../../../arm-none-eabi/lib/thumb/v7-m/nofp\libc_nano.a(lib_a-memmove.o)
                0x080024d8                memmove
 .text._free_r  0x0800250c       0x90 c:/st/tools/gcc-arm-none-eabi-10.3-2021.10/bin/../lib/gcc/arm-none-eabi/10.3.1/../../../../arm-none-eabi/lib/thumb/v7-m/nofp\libc_nano.a(lib_a-nano-freer.o)
                0x0800250c                _free_r
 .text.sbrk_aligned
                0x0800259c       0x40 c:/st/tools/gcc-arm-none-eabi-10.3-2021.10/bin/../lib/gcc/arm-none-eabi/10.3.1/../../../../arm-none-eabi/lib/thumb/v7-m/nofp\libc_nano.a(lib_a-nano-mallocr.o)
 .text._malloc_r
                0x080025dc       0xe8 c:/st/tools/gcc-arm-none-eabi-10.3-2021.10/bin/../lib/gcc/arm-none-eabi/10.3.1/../../../../arm-none-eabi/lib/thumb/v7-m/nofp\libc_nano.a(lib_a-nano-mallocr.o)
                0x080025dc                _malloc_r
 .text._realloc_r
                0x080026c4       0x5e c:/st/tools/gcc-arm-none-eabi-10.3-2021.10/bin/../lib/gcc/arm-none-eabi/10.3.1/../../../../arm-none-eabi/lib/thumb/v7-m/nofp\libc_nano.a(lib_a-nano-reallocr.o)
                0x080026c4                _realloc_r
 *fill*         0x08002722        0x2 
 .text._sbrk_r  0x08002724       0x20 c:/st/tools/gcc-arm-none-eabi-10.3-2021.10/bin/../lib/gcc/arm-none-eabi/10.3.1/../../../../arm-none-eabi/lib/thumb/v7-m/nofp\libc_nano.a(lib_a-sbrkr.o)
                0x08002724                _sbrk_r
 .text.__malloc_lock
                0x08002744        0xc c:/st/tools/gcc-arm-none-eabi-10.3-2021.10/bin/../lib/gcc/arm-none-eabi/10.3.1/../../../../arm-none-eabi/lib/thumb/v7-m/nofp\libc_nano.a(lib_a-mlock.o)
                0x08002744                __malloc_lock
 .text.__malloc_unlock
                0x08002750        0xc c:/st/tools/gcc-arm-none-eabi-10.3-2021.10/bin/../lib/gcc/arm-none-eabi/10.3.1/../../../../arm-none-eabi/lib/thumb/v7-m/nofp\libc_nano.a(lib_a-mlock.o)
                0x08002750                __malloc_unlock
 .text._malloc_usable_size_r
                0x0800275c       0x10 c:/st/tools/gcc-arm-none-eabi-10.3-2021.10/bin/../lib/gcc/arm-none-eabi/10.3.1/../../../../arm-none-eabi/lib/thumb/v7-m/nofp\libc_nano.a(lib_a-nano-msizer.o)
                0x0800275c                _malloc_usable_size_r
 .text.__retarget_lock_acquire_recursive
                0x0800276c        0x2 c:/st/tools/gcc-arm-none-eabi-10.3-2021.10/bin/../lib/gcc/arm-none-eabi/10.3.1/../../../../arm-none-eabi/lib/thumb/v7-m/nofp\libc_nano.a(lib_a-lock.o)
                0x0800276c                __retarget_lock_acquire_recursive
 .text.__retarget_lock_release_recursive
                0x0800276e        0x2 c:/st/tools/gcc-arm-none-eabi-10.3-2021.10/bin/../lib/gcc/arm-none-eabi/10.3.1/../../../../arm-none-eabi/lib/thumb/v7-m/nofp\libc_nano.a(lib_a-lock.o)
                0x0800276e                __retarget_lock_release_recursive
 *(.glue_7)
 .glue_7        0x08002770        0x0 linker stubs
 *(.glue_7t)
 .glue_7t       0x08002770        0x0 linker stubs
 *(.eh_frame)
 .eh_frame      0x08002770        0x0 c:/st/tools/gcc-arm-none-eabi-10.3-2021.10/bin/../lib/gcc/arm-none-eabi/10.3.1/thumb/v7-m/nofp/crtbegin.o
 *(.init)
 .init          0x08002770        0x4 c:/st/tools/gcc-arm-none-eabi-10.3-2021.10/bin/../lib/gcc/arm-none-eabi/10.3.1/thumb/v7-m/nofp/crti.o
                0x08002770                _init
 .init          0x08002774        0x8 c:/st/tools/gcc-arm-none-eabi-10.3-2021.10/bin/../lib/gcc/arm-none-eabi/10.3.1/thumb/v7-m/nofp/crtn.o
 *(.fini)
 .fini          0x0800277c        0x4 c:/st/tools/gcc-arm-none-eabi-10.3-2021.10/bin/../lib/gcc/arm-none-eabi/10.3.1/thumb/v7-m/nofp/crti.o
                0x0800277c                _fini
 .fini          0x08002780        0x8 c:/st/tools/gcc-arm-none-eabi-10.3-2021.10/bin/../lib/gcc/arm-none-eabi/10.3.1/thumb/v7-m/nofp/crtn.o
                0x08002788                . = ALIGN (0x4)
                0x08002788                _etext = .

.vfp11_veneer   0x08002788        0x0
 .vfp11_veneer  0x08002788        0x0 linker stubs

.v4_bx          0x08002788        0x0
 .v4_bx         0x08002788        0x0 linker stubs

.iplt           0x08002788        0x0
 .iplt          0x08002788        0x0 c:/st/tools/gcc-arm-none-eabi-10.3-2021.10/bin/../lib/gcc/arm-none-eabi/10.3.1/thumb/v7-m/nofp/crtbegin.o

.rodata         0x08002788       0x68
                0x08002788                . = ALIGN (0x4)
 *(.rodata)
 .rodata        0x08002788       0x10 Debug/main.o
 *(.rodata*)
 .rodata.PLLMulTable
                0x08002798        0x9 Debug/system_stm32l1xx.o
                0x08002798                PLLMulTable
 *fill*         0x080027a1        0x3 
 .rodata.AHBPrescTable
                0x080027a4       0x10 Debug/system_stm32l1xx.o
                0x080027a4                AHBPrescTable
 .rodata.APBPrescTable
                0x080027b4        0x8 Debug/system_stm32l1xx.o
                0x080027b4                APBPrescTable
 .rodata._svfprintf_r.str1.1
                0x080027bc       0x11 c:/st/tools/gcc-arm-none-eabi-10.3-2021.10/bin/../lib/gcc/arm-none-eabi/10.3.1/../../../../arm-none-eabi/lib/thumb/v7-m/nofp\libc_nano.a(lib_a-nano-svfprintf.o)
 .rodata._printf_i.str1.1
                0x080027cd       0x22 c:/st/tools/gcc-arm-none-eabi-10.3-2021.10/bin/../lib/gcc/arm-none-eabi/10.3.1/../../../../arm-none-eabi/lib/thumb/v7-m/nofp\libc_nano.a(lib_a-nano-vfprintf_i.o)
                0x080027f0                . = ALIGN (0x4)
 *fill*         0x080027ef        0x1 

.ARM.extab      0x080027f0        0x0
                0x080027f0                . = ALIGN (0x4)
 *(.ARM.extab* .gnu.linkonce.armextab.*)
                0x080027f0                . = ALIGN (0x4)

.ARM            0x080027f0        0x8
                0x080027f0                . = ALIGN (0x4)
                0x080027f0                __exidx_start = .
 *(.ARM.exidx*)
 .ARM.exidx     0x080027f0        0x8 c:/st/tools/gcc-arm-none-eabi-10.3-2021.10/bin/../lib/gcc/arm-none-eabi/10.3.1/thumb/v7-m/nofp\libgcc.a(_udivmoddi4.o)
                0x080027f8                __exidx_end = .
                0x080027f8                . = ALIGN (0x4)

.rel.dyn        0x080027f8        0x0
 .rel.iplt      0x080027f8        0x0 c:/st/tools/gcc-arm-none-eabi-10.3-2021.10/bin/../lib/gcc/arm-none-eabi/10.3.1/thumb/v7-m/nofp/crtbegin.o

.preinit_array  0x080027f8        0x0
                0x080027f8                . = ALIGN (0x4)
                0x080027f8                PROVIDE (__preinit_array_start = .)
 *(.preinit_array*)
                0x080027f8                PROVIDE (__preinit_array_end = .)
                0x080027f8                . = ALIGN (0x4)

.init_array     0x080027f8        0x4
                0x080027f8                . = ALIGN (0x4)
                0x080027f8                PROVIDE (__init_array_start = .)
 *(SORT_BY_NAME(.init_array.*))
 *(.init_array*)
 .init_array    0x080027f8        0x4 c:/st/tools/gcc-arm-none-eabi-10.3-2021.10/bin/../lib/gcc/arm-none-eabi/10.3.1/thumb/v7-m/nofp/crtbegin.o
                0x080027fc                PROVIDE (__init_array_end = .)
                0x080027fc                . = ALIGN (0x4)

.fini_array     0x080027fc        0x4
                0x080027fc                . = ALIGN (0x4)
                [!provide]                PROVIDE (__fini_array_start = .)
 *(SORT_BY_NAME(.fini_array.*))
 *(.fini_array*)
 .fini_array    0x080027fc        0x4 c:/st/tools/gcc-arm-none-eabi-10.3-2021.10/bin/../lib/gcc/arm-none-eabi/10.3.1/thumb/v7-m/nofp/crtbegin.o
                [!provide]                PROVIDE (__fini_array_end = .)
                0x08002800                . = ALIGN (0x4)
                0x08002800                _sidata = LOADADDR (.data)

.data           0x20000000       0x70 load address 0x08002800
                0x20000000                . = ALIGN (0x4)
                0x20000000                _sdata = .
 *(.data)
 *(.data*)
 .data.SystemCoreClock
                0x20000000        0x4 Debug/system_stm32l1xx.o
                0x20000000                SystemCoreClock
 .data.uwTickPrio
                0x20000004        0x4 Debug/stm32l1xx_hal.o
                0x20000004                uwTickPrio
 .data.uwTickFreq
                0x20000008        0x4 Debug/stm32l1xx_hal.o
                0x20000008                uwTickFreq
 .data._impure_ptr
                0x2000000c        0x4 c:/st/tools/gcc-arm-none-eabi-10.3-2021.10/bin/../lib/gcc/arm-none-eabi/10.3.1/../../../../arm-none-eabi/lib/thumb/v7-m/nofp\libc_nano.a(lib_a-impure.o)
                0x2000000c                _impure_ptr
 .data.impure_data
                0x20000010       0x60 c:/st/tools/gcc-arm-none-eabi-10.3-2021.10/bin/../lib/gcc/arm-none-eabi/10.3.1/../../../../arm-none-eabi/lib/thumb/v7-m/nofp\libc_nano.a(lib_a-impure.o)
 *(.RamFunc)
 *(.RamFunc*)
                0x20000070                . = ALIGN (0x4)
                0x20000070                _edata = .

.igot.plt       0x20000070        0x0 load address 0x08002870
 .igot.plt      0x20000070        0x0 c:/st/tools/gcc-arm-none-eabi-10.3-2021.10/bin/../lib/gcc/arm-none-eabi/10.3.1/thumb/v7-m/nofp/crtbegin.o
                0x20000070                . = ALIGN (0x4)

.bss            0x20000070      0x17c load address 0x08002870
                0x20000070                _sbss = .
                0x20000070                __bss_start__ = _sbss
 *(.bss)
 .bss           0x20000070       0x1c c:/st/tools/gcc-arm-none-eabi-10.3-2021.10/bin/../lib/gcc/arm-none-eabi/10.3.1/thumb/v7-m/nofp/crtbegin.o
 *(.bss*)
 .bss.Counter   0x2000008c        0x4 Debug/main.o
                0x2000008c                Counter
 .bss.Tx_data   0x20000090      0x100 Debug/main.o
                0x20000090                Tx_data
 .bss.huart1    0x20000190       0x44 Debug/main.o
                0x20000190                huart1
 .bss.__sbrk_heap_end
                0x200001d4        0x4 Debug/sysmem.o
 .bss.uwTick    0x200001d8        0x4 Debug/stm32l1xx_hal.o
                0x200001d8                uwTick
 .bss.__malloc_free_list
                0x200001dc        0x4 c:/st/tools/gcc-arm-none-eabi-10.3-2021.10/bin/../lib/gcc/arm-none-eabi/10.3.1/../../../../arm-none-eabi/lib/thumb/v7-m/nofp\libc_nano.a(lib_a-nano-mallocr.o)
                0x200001dc                __malloc_free_list
 .bss.__malloc_sbrk_start
                0x200001e0        0x4 c:/st/tools/gcc-arm-none-eabi-10.3-2021.10/bin/../lib/gcc/arm-none-eabi/10.3.1/../../../../arm-none-eabi/lib/thumb/v7-m/nofp\libc_nano.a(lib_a-nano-mallocr.o)
                0x200001e0                __malloc_sbrk_start
 .bss.errno     0x200001e4        0x4 c:/st/tools/gcc-arm-none-eabi-10.3-2021.10/bin/../lib/gcc/arm-none-eabi/10.3.1/../../../../arm-none-eabi/lib/thumb/v7-m/nofp\libc_nano.a(lib_a-reent.o)
                0x200001e4                errno
 .bss.__lock___malloc_recursive_mutex
                0x200001e8        0x1 c:/st/tools/gcc-arm-none-eabi-10.3-2021.10/bin/../lib/gcc/arm-none-eabi/10.3.1/../../../../arm-none-eabi/lib/thumb/v7-m/nofp\libc_nano.a(lib_a-lock.o)
                0x200001e8                __lock___malloc_recursive_mutex
 *(COMMON)
                0x200001ec                . = ALIGN (0x4)
 *fill*         0x200001e9        0x3 
                0x200001ec                _ebss = .
                0x200001ec                __bss_end__ = _ebss

._user_heap_stack
                0x200001ec      0x604 load address 0x08002870
                0x200001f0                . = ALIGN (0x8)
 *fill*         0x200001ec        0x4 
                [!provide]                PROVIDE (end = .)
                0x200001f0                PROVIDE (_end = .)
                0x200003f0                . = (. + _Min_Heap_Size)
 *fill*         0x200001f0      0x200 
                0x200007f0                . = (. + _Min_Stack_Size)
 *fill*         0x200003f0      0x400 
                0x200007f0                . = ALIGN (0x8)

/DISCARD/
 libc.a(*)
 libm.a(*)
 libgcc.a(*)

.ARM.attributes
                0x00000000       0x29
 *(.ARM.attributes)
 .ARM.attributes
                0x00000000       0x1d c:/st/tools/gcc-arm-none-eabi-10.3-2021.10/bin/../lib/gcc/arm-none-eabi/10.3.1/thumb/v7-m/nofp/crti.o
 .ARM.attributes
                0x0000001d       0x2d c:/st/tools/gcc-arm-none-eabi-10.3-2021.10/bin/../lib/gcc/arm-none-eabi/10.3.1/thumb/v7-m/nofp/crtbegin.o
 .ARM.attributes
                0x0000004a       0x2d Debug/main.o
 .ARM.attributes
                0x00000077       0x2d Debug/stm32l1xx_hal_msp.o
 .ARM.attributes
                0x000000a4       0x2d Debug/stm32l1xx_it.o
 .ARM.attributes
                0x000000d1       0x2d Debug/sysmem.o
 .ARM.attributes
                0x000000fe       0x2d Debug/system_stm32l1xx.o
 .ARM.attributes
                0x0000012b       0x2d Debug/stm32l1xx_hal.o
 .ARM.attributes
                0x00000158       0x2d Debug/stm32l1xx_hal_cortex.o
 .ARM.attributes
                0x00000185       0x2d Debug/stm32l1xx_hal_gpio.o
 .ARM.attributes
                0x000001b2       0x2d Debug/stm32l1xx_hal_rcc.o
 .ARM.attributes
                0x000001df       0x2d Debug/stm32l1xx_hal_uart.o
 .ARM.attributes
                0x0000020c       0x21 Debug/startup_stm32l151cbtxa.o
 .ARM.attributes
                0x0000022d       0x2d c:/st/tools/gcc-arm-none-eabi-10.3-2021.10/bin/../lib/gcc/arm-none-eabi/10.3.1/../../../../arm-none-eabi/lib/thumb/v7-m/nofp\libc_nano.a(lib_a-errno.o)
 .ARM.attributes
                0x0000025a       0x2d c:/st/tools/gcc-arm-none-eabi-10.3-2021.10/bin/../lib/gcc/arm-none-eabi/10.3.1/../../../../arm-none-eabi/lib/thumb/v7-m/nofp\libc_nano.a(lib_a-impure.o)
 .ARM.attributes
                0x00000287       0x2d c:/st/tools/gcc-arm-none-eabi-10.3-2021.10/bin/../lib/gcc/arm-none-eabi/10.3.1/../../../../arm-none-eabi/lib/thumb/v7-m/nofp\libc_nano.a(lib_a-init.o)
 .ARM.attributes
                0x000002b4       0x2d c:/st/tools/gcc-arm-none-eabi-10.3-2021.10/bin/../lib/gcc/arm-none-eabi/10.3.1/../../../../arm-none-eabi/lib/thumb/v7-m/nofp\libc_nano.a(lib_a-memset.o)
 .ARM.attributes
                0x000002e1       0x2d c:/st/tools/gcc-arm-none-eabi-10.3-2021.10/bin/../lib/gcc/arm-none-eabi/10.3.1/../../../../arm-none-eabi/lib/thumb/v7-m/nofp\libc_nano.a(lib_a-sprintf.o)
 .ARM.attributes
                0x0000030e       0x2d c:/st/tools/gcc-arm-none-eabi-10.3-2021.10/bin/../lib/gcc/arm-none-eabi/10.3.1/../../../../arm-none-eabi/lib/thumb/v7-m/nofp\libc_nano.a(lib_a-nano-svfprintf.o)
 .ARM.attributes
                0x0000033b       0x2d c:/st/tools/gcc-arm-none-eabi-10.3-2021.10/bin/../lib/gcc/arm-none-eabi/10.3.1/../../../../arm-none-eabi/lib/thumb/v7-m/nofp\libc_nano.a(lib_a-nano-vfprintf_i.o)
 .ARM.attributes
                0x00000368       0x2d c:/st/tools/gcc-arm-none-eabi-10.3-2021.10/bin/../lib/gcc/arm-none-eabi/10.3.1/../../../../arm-none-eabi/lib/thumb/v7-m/nofp\libc_nano.a(lib_a-memchr-stub.o)
 .ARM.attributes
                0x00000395       0x2d c:/st/tools/gcc-arm-none-eabi-10.3-2021.10/bin/../lib/gcc/arm-none-eabi/10.3.1/../../../../arm-none-eabi/lib/thumb/v7-m/nofp\libc_nano.a(lib_a-memcpy-stub.o)
 .ARM.attributes
                0x000003c2       0x2d c:/st/tools/gcc-arm-none-eabi-10.3-2021.10/bin/../lib/gcc/arm-none-eabi/10.3.1/../../../../arm-none-eabi/lib/thumb/v7-m/nofp\libc_nano.a(lib_a-memmove.o)
 .ARM.attributes
                0x000003ef       0x2d c:/st/tools/gcc-arm-none-eabi-10.3-2021.10/bin/../lib/gcc/arm-none-eabi/10.3.1/../../../../arm-none-eabi/lib/thumb/v7-m/nofp\libc_nano.a(lib_a-nano-freer.o)
 .ARM.attributes
                0x0000041c       0x2d c:/st/tools/gcc-arm-none-eabi-10.3-2021.10/bin/../lib/gcc/arm-none-eabi/10.3.1/../../../../arm-none-eabi/lib/thumb/v7-m/nofp\libc_nano.a(lib_a-nano-mallocr.o)
 .ARM.attributes
                0x00000449       0x2d c:/st/tools/gcc-arm-none-eabi-10.3-2021.10/bin/../lib/gcc/arm-none-eabi/10.3.1/../../../../arm-none-eabi/lib/thumb/v7-m/nofp\libc_nano.a(lib_a-nano-reallocr.o)
 .ARM.attributes
                0x00000476       0x2d c:/st/tools/gcc-arm-none-eabi-10.3-2021.10/bin/../lib/gcc/arm-none-eabi/10.3.1/../../../../arm-none-eabi/lib/thumb/v7-m/nofp\libc_nano.a(lib_a-sbrkr.o)
 .ARM.attributes
                0x000004a3       0x2d c:/st/tools/gcc-arm-none-eabi-10.3-2021.10/bin/../lib/gcc/arm-none-eabi/10.3.1/../../../../arm-none-eabi/lib/thumb/v7-m/nofp\libc_nano.a(lib_a-mlock.o)
 .ARM.attributes
                0x000004d0       0x2d c:/st/tools/gcc-arm-none-eabi-10.3-2021.10/bin/../lib/gcc/arm-none-eabi/10.3.1/../../../../arm-none-eabi/lib/thumb/v7-m/nofp\libc_nano.a(lib_a-nano-msizer.o)
 .ARM.attributes
                0x000004fd       0x2d c:/st/tools/gcc-arm-none-eabi-10.3-2021.10/bin/../lib/gcc/arm-none-eabi/10.3.1/../../../../arm-none-eabi/lib/thumb/v7-m/nofp\libc_nano.a(lib_a-reent.o)
 .ARM.attributes
                0x0000052a       0x2d c:/st/tools/gcc-arm-none-eabi-10.3-2021.10/bin/../lib/gcc/arm-none-eabi/10.3.1/../../../../arm-none-eabi/lib/thumb/v7-m/nofp\libc_nano.a(lib_a-lock.o)
 .ARM.attributes
                0x00000557       0x1d c:/st/tools/gcc-arm-none-eabi-10.3-2021.10/bin/../lib/gcc/arm-none-eabi/10.3.1/thumb/v7-m/nofp\libgcc.a(_aeabi_uldivmod.o)
 .ARM.attributes
                0x00000574       0x2d c:/st/tools/gcc-arm-none-eabi-10.3-2021.10/bin/../lib/gcc/arm-none-eabi/10.3.1/thumb/v7-m/nofp\libgcc.a(_udivmoddi4.o)
 .ARM.attributes
                0x000005a1       0x1d c:/st/tools/gcc-arm-none-eabi-10.3-2021.10/bin/../lib/gcc/arm-none-eabi/10.3.1/thumb/v7-m/nofp\libgcc.a(_dvmd_tls.o)
 .ARM.attributes
                0x000005be       0x1d c:/st/tools/gcc-arm-none-eabi-10.3-2021.10/bin/../lib/gcc/arm-none-eabi/10.3.1/thumb/v7-m/nofp/crtn.o
OUTPUT(Debug/Example_STM32L151CBT6_VSCode.elf elf32-littlearm)
LOAD linker stubs
LOAD c:/st/tools/gcc-arm-none-eabi-10.3-2021.10/bin/../lib/gcc/arm-none-eabi/10.3.1/../../../../arm-none-eabi/lib/thumb/v7-m/nofp\libc.a
LOAD c:/st/tools/gcc-arm-none-eabi-10.3-2021.10/bin/../lib/gcc/arm-none-eabi/10.3.1/../../../../arm-none-eabi/lib/thumb/v7-m/nofp\libm.a
LOAD c:/st/tools/gcc-arm-none-eabi-10.3-2021.10/bin/../lib/gcc/arm-none-eabi/10.3.1/thumb/v7-m/nofp\libgcc.a

.debug_info     0x00000000     0x4fe1
 .debug_info    0x00000000      0xa18 Debug/main.o
 .debug_info    0x00000a18      0x802 Debug/stm32l1xx_hal_msp.o
 .debug_info    0x0000121a      0x119 Debug/stm32l1xx_it.o
 .debug_info    0x00001333      0x15f Debug/sysmem.o
 .debug_info    0x00001492      0x2a7 Debug/system_stm32l1xx.o
 .debug_info    0x00001739      0x691 Debug/stm32l1xx_hal.o
 .debug_info    0x00001dca      0xd43 Debug/stm32l1xx_hal_cortex.o
 .debug_info    0x00002b0d      0x627 Debug/stm32l1xx_hal_gpio.o
 .debug_info    0x00003134      0x949 Debug/stm32l1xx_hal_rcc.o
 .debug_info    0x00003a7d     0x1542 Debug/stm32l1xx_hal_uart.o
 .debug_info    0x00004fbf       0x22 Debug/startup_stm32l151cbtxa.o

.debug_abbrev   0x00000000     0x1179
 .debug_abbrev  0x00000000      0x1f3 Debug/main.o
 .debug_abbrev  0x000001f3      0x17f Debug/stm32l1xx_hal_msp.o
 .debug_abbrev  0x00000372       0x61 Debug/stm32l1xx_it.o
 .debug_abbrev  0x000003d3       0xa6 Debug/sysmem.o
 .debug_abbrev  0x00000479      0x116 Debug/system_stm32l1xx.o
 .debug_abbrev  0x0000058f      0x239 Debug/stm32l1xx_hal.o
 .debug_abbrev  0x000007c8      0x316 Debug/stm32l1xx_hal_cortex.o
 .debug_abbrev  0x00000ade      0x1c4 Debug/stm32l1xx_hal_gpio.o
 .debug_abbrev  0x00000ca2      0x268 Debug/stm32l1xx_hal_rcc.o
 .debug_abbrev  0x00000f0a      0x25d Debug/stm32l1xx_hal_uart.o
 .debug_abbrev  0x00001167       0x12 Debug/startup_stm32l151cbtxa.o

.debug_aranges  0x00000000      0x620
 .debug_aranges
                0x00000000       0x40 Debug/main.o
 .debug_aranges
                0x00000040       0x30 Debug/stm32l1xx_hal_msp.o
 .debug_aranges
                0x00000070       0x60 Debug/stm32l1xx_it.o
 .debug_aranges
                0x000000d0       0x20 Debug/sysmem.o
 .debug_aranges
                0x000000f0       0x28 Debug/system_stm32l1xx.o
 .debug_aranges
                0x00000118       0xe0 Debug/stm32l1xx_hal.o
 .debug_aranges
                0x000001f8      0x118 Debug/stm32l1xx_hal_cortex.o
 .debug_aranges
                0x00000310       0x58 Debug/stm32l1xx_hal_gpio.o
 .debug_aranges
                0x00000368       0x90 Debug/stm32l1xx_hal_rcc.o
 .debug_aranges
                0x000003f8      0x200 Debug/stm32l1xx_hal_uart.o
 .debug_aranges
                0x000005f8       0x28 Debug/startup_stm32l151cbtxa.o

.debug_ranges   0x00000000      0x5a8
 .debug_ranges  0x00000000       0x30 Debug/main.o
 .debug_ranges  0x00000030       0x20 Debug/stm32l1xx_hal_msp.o
 .debug_ranges  0x00000050       0x50 Debug/stm32l1xx_it.o
 .debug_ranges  0x000000a0       0x10 Debug/sysmem.o
 .debug_ranges  0x000000b0       0x18 Debug/system_stm32l1xx.o
 .debug_ranges  0x000000c8       0xd0 Debug/stm32l1xx_hal.o
 .debug_ranges  0x00000198      0x108 Debug/stm32l1xx_hal_cortex.o
 .debug_ranges  0x000002a0       0x48 Debug/stm32l1xx_hal_gpio.o
 .debug_ranges  0x000002e8       0x80 Debug/stm32l1xx_hal_rcc.o
 .debug_ranges  0x00000368      0x220 Debug/stm32l1xx_hal_uart.o
 .debug_ranges  0x00000588       0x20 Debug/startup_stm32l151cbtxa.o

.debug_macro    0x00000000    0x1356f
 .debug_macro   0x00000000      0x32f Debug/main.o
 .debug_macro   0x0000032f      0xa6c Debug/main.o
 .debug_macro   0x00000d9b      0x10c Debug/main.o
 .debug_macro   0x00000ea7       0x2e Debug/main.o
 .debug_macro   0x00000ed5       0x22 Debug/main.o
 .debug_macro   0x00000ef7       0x22 Debug/main.o
 .debug_macro   0x00000f19       0x8e Debug/main.o
 .debug_macro   0x00000fa7       0x51 Debug/main.o
 .debug_macro   0x00000ff8      0x103 Debug/main.o
 .debug_macro   0x000010fb       0x6a Debug/main.o
 .debug_macro   0x00001165      0x1df Debug/main.o
 .debug_macro   0x00001344       0x1c Debug/main.o
 .debug_macro   0x00001360       0x22 Debug/main.o
 .debug_macro   0x00001382       0xbd Debug/main.o
 .debug_macro   0x0000143f      0xe49 Debug/main.o
 .debug_macro   0x00002288      0x11f Debug/main.o
 .debug_macro   0x000023a7     0x9b54 Debug/main.o
 .debug_macro   0x0000befb       0x6d Debug/main.o
 .debug_macro   0x0000bf68     0x34ca Debug/main.o
 .debug_macro   0x0000f432      0x174 Debug/main.o
 .debug_macro   0x0000f5a6       0x5b Debug/main.o
 .debug_macro   0x0000f601      0xe38 Debug/main.o
 .debug_macro   0x00010439       0xca Debug/main.o
 .debug_macro   0x00010503      0x1b9 Debug/main.o
 .debug_macro   0x000106bc       0xa7 Debug/main.o
 .debug_macro   0x00010763      0x21e Debug/main.o
 .debug_macro   0x00010981      0x236 Debug/main.o
 .debug_macro   0x00010bb7      0x10f Debug/main.o
 .debug_macro   0x00010cc6      0x3a0 Debug/main.o
 .debug_macro   0x00011066      0x1e9 Debug/main.o
 .debug_macro   0x0001124f       0x22 Debug/main.o
 .debug_macro   0x00011271      0x295 Debug/main.o
 .debug_macro   0x00011506      0x15c Debug/main.o
 .debug_macro   0x00011662      0x3dc Debug/main.o
 .debug_macro   0x00011a3e       0x52 Debug/main.o
 .debug_macro   0x00011a90       0x18 Debug/main.o
 .debug_macro   0x00011aa8       0x3c Debug/main.o
 .debug_macro   0x00011ae4       0x34 Debug/main.o
 .debug_macro   0x00011b18       0x16 Debug/main.o
 .debug_macro   0x00011b2e       0x35 Debug/main.o
 .debug_macro   0x00011b63      0x341 Debug/main.o
 .debug_macro   0x00011ea4       0x10 Debug/main.o
 .debug_macro   0x00011eb4       0x16 Debug/main.o
 .debug_macro   0x00011eca       0x43 Debug/main.o
 .debug_macro   0x00011f0d       0x34 Debug/main.o
 .debug_macro   0x00011f41       0x10 Debug/main.o
 .debug_macro   0x00011f51       0x58 Debug/main.o
 .debug_macro   0x00011fa9       0x71 Debug/main.o
 .debug_macro   0x0001201a       0x1c Debug/main.o
 .debug_macro   0x00012036      0x12a Debug/main.o
 .debug_macro   0x00012160       0x10 Debug/main.o
 .debug_macro   0x00012170       0x1c Debug/main.o
 .debug_macro   0x0001218c       0x52 Debug/main.o
 .debug_macro   0x000121de       0x22 Debug/main.o
 .debug_macro   0x00012200       0x10 Debug/main.o
 .debug_macro   0x00012210       0x52 Debug/main.o
 .debug_macro   0x00012262       0xd5 Debug/main.o
 .debug_macro   0x00012337       0x1c Debug/main.o
 .debug_macro   0x00012353       0x3d Debug/main.o
 .debug_macro   0x00012390       0x16 Debug/main.o
 .debug_macro   0x000123a6      0x145 Debug/main.o
 .debug_macro   0x000124eb       0x16 Debug/main.o
 .debug_macro   0x00012501      0x1a5 Debug/stm32l1xx_hal_msp.o
 .debug_macro   0x000126a6      0x1af Debug/stm32l1xx_it.o
 .debug_macro   0x00012855       0xff Debug/sysmem.o
 .debug_macro   0x00012954      0x23b Debug/sysmem.o
 .debug_macro   0x00012b8f      0x19b Debug/system_stm32l1xx.o
 .debug_macro   0x00012d2a      0x1bf Debug/stm32l1xx_hal.o
 .debug_macro   0x00012ee9      0x19b Debug/stm32l1xx_hal_cortex.o
 .debug_macro   0x00013084      0x1a2 Debug/stm32l1xx_hal_gpio.o
 .debug_macro   0x00013226      0x1ad Debug/stm32l1xx_hal_rcc.o
 .debug_macro   0x000133d3      0x19c Debug/stm32l1xx_hal_uart.o

.debug_line     0x00000000     0x58e2
 .debug_line    0x00000000      0x76b Debug/main.o
 .debug_line    0x0000076b      0x502 Debug/stm32l1xx_hal_msp.o
 .debug_line    0x00000c6d      0x576 Debug/stm32l1xx_it.o
 .debug_line    0x000011e3      0x2d0 Debug/sysmem.o
 .debug_line    0x000014b3      0x554 Debug/system_stm32l1xx.o
 .debug_line    0x00001a07      0x777 Debug/stm32l1xx_hal.o
 .debug_line    0x0000217e      0xa44 Debug/stm32l1xx_hal_cortex.o
 .debug_line    0x00002bc2      0x7c9 Debug/stm32l1xx_hal_gpio.o
 .debug_line    0x0000338b      0xc7f Debug/stm32l1xx_hal_rcc.o
 .debug_line    0x0000400a     0x1853 Debug/stm32l1xx_hal_uart.o
 .debug_line    0x0000585d       0x85 Debug/startup_stm32l151cbtxa.o

.debug_str      0x00000000    0x76e76
 .debug_str     0x00000000    0x753fb Debug/main.o
                              0x756c7 (size before relaxing)
 .debug_str     0x000753fb       0x53 Debug/stm32l1xx_hal_msp.o
                              0x717af (size before relaxing)
 .debug_str     0x0007544e       0xba Debug/stm32l1xx_it.o
                              0x7135c (size before relaxing)
 .debug_str     0x00075508      0x4cf Debug/sysmem.o
                               0x5d68 (size before relaxing)
 .debug_str     0x000759d7       0x96 Debug/system_stm32l1xx.o
                              0x713b9 (size before relaxing)
 .debug_str     0x00075a6d      0x5cc Debug/stm32l1xx_hal.o
                              0x719ef (size before relaxing)
 .debug_str     0x00076039      0x426 Debug/stm32l1xx_hal_cortex.o
                              0x71b18 (size before relaxing)
 .debug_str     0x0007645f      0x156 Debug/stm32l1xx_hal_gpio.o
                              0x7154c (size before relaxing)
 .debug_str     0x000765b5      0x292 Debug/stm32l1xx_hal_rcc.o
                              0x71833 (size before relaxing)
 .debug_str     0x00076847      0x5fb Debug/stm32l1xx_hal_uart.o
                              0x71d41 (size before relaxing)
 .debug_str     0x00076e42       0x34 Debug/startup_stm32l151cbtxa.o
                                 0x8a (size before relaxing)

.comment        0x00000000       0x49
 .comment       0x00000000       0x49 Debug/main.o
                                 0x4a (size before relaxing)
 .comment       0x00000049       0x4a Debug/stm32l1xx_hal_msp.o
 .comment       0x00000049       0x4a Debug/stm32l1xx_it.o
 .comment       0x00000049       0x4a Debug/sysmem.o
 .comment       0x00000049       0x4a Debug/system_stm32l1xx.o
 .comment       0x00000049       0x4a Debug/stm32l1xx_hal.o
 .comment       0x00000049       0x4a Debug/stm32l1xx_hal_cortex.o
 .comment       0x00000049       0x4a Debug/stm32l1xx_hal_gpio.o
 .comment       0x00000049       0x4a Debug/stm32l1xx_hal_rcc.o
 .comment       0x00000049       0x4a Debug/stm32l1xx_hal_uart.o

.debug_frame    0x00000000     0x1bf8
 .debug_frame   0x00000000       0xa8 Debug/main.o
 .debug_frame   0x000000a8       0x80 Debug/stm32l1xx_hal_msp.o
 .debug_frame   0x00000128      0x104 Debug/stm32l1xx_it.o
 .debug_frame   0x0000022c       0x34 Debug/sysmem.o
 .debug_frame   0x00000260       0x58 Debug/system_stm32l1xx.o
 .debug_frame   0x000002b8      0x33c Debug/stm32l1xx_hal.o
 .debug_frame   0x000005f4      0x498 Debug/stm32l1xx_hal_cortex.o
 .debug_frame   0x00000a8c      0x14c Debug/stm32l1xx_hal_gpio.o
 .debug_frame   0x00000bd8      0x224 Debug/stm32l1xx_hal_rcc.o
 .debug_frame   0x00000dfc      0x914 Debug/stm32l1xx_hal_uart.o
 .debug_frame   0x00001710       0x20 c:/st/tools/gcc-arm-none-eabi-10.3-2021.10/bin/../lib/gcc/arm-none-eabi/10.3.1/../../../../arm-none-eabi/lib/thumb/v7-m/nofp\libc_nano.a(lib_a-errno.o)
 .debug_frame   0x00001730       0x2c c:/st/tools/gcc-arm-none-eabi-10.3-2021.10/bin/../lib/gcc/arm-none-eabi/10.3.1/../../../../arm-none-eabi/lib/thumb/v7-m/nofp\libc_nano.a(lib_a-init.o)
 .debug_frame   0x0000175c       0x20 c:/st/tools/gcc-arm-none-eabi-10.3-2021.10/bin/../lib/gcc/arm-none-eabi/10.3.1/../../../../arm-none-eabi/lib/thumb/v7-m/nofp\libc_nano.a(lib_a-memset.o)
 .debug_frame   0x0000177c       0x6c c:/st/tools/gcc-arm-none-eabi-10.3-2021.10/bin/../lib/gcc/arm-none-eabi/10.3.1/../../../../arm-none-eabi/lib/thumb/v7-m/nofp\libc_nano.a(lib_a-sprintf.o)
 .debug_frame   0x000017e8       0x90 c:/st/tools/gcc-arm-none-eabi-10.3-2021.10/bin/../lib/gcc/arm-none-eabi/10.3.1/../../../../arm-none-eabi/lib/thumb/v7-m/nofp\libc_nano.a(lib_a-nano-svfprintf.o)
 .debug_frame   0x00001878       0x60 c:/st/tools/gcc-arm-none-eabi-10.3-2021.10/bin/../lib/gcc/arm-none-eabi/10.3.1/../../../../arm-none-eabi/lib/thumb/v7-m/nofp\libc_nano.a(lib_a-nano-vfprintf_i.o)
 .debug_frame   0x000018d8       0x28 c:/st/tools/gcc-arm-none-eabi-10.3-2021.10/bin/../lib/gcc/arm-none-eabi/10.3.1/../../../../arm-none-eabi/lib/thumb/v7-m/nofp\libc_nano.a(lib_a-memchr-stub.o)
 .debug_frame   0x00001900       0x28 c:/st/tools/gcc-arm-none-eabi-10.3-2021.10/bin/../lib/gcc/arm-none-eabi/10.3.1/../../../../arm-none-eabi/lib/thumb/v7-m/nofp\libc_nano.a(lib_a-memcpy-stub.o)
 .debug_frame   0x00001928       0x28 c:/st/tools/gcc-arm-none-eabi-10.3-2021.10/bin/../lib/gcc/arm-none-eabi/10.3.1/../../../../arm-none-eabi/lib/thumb/v7-m/nofp\libc_nano.a(lib_a-memmove.o)
 .debug_frame   0x00001950       0x38 c:/st/tools/gcc-arm-none-eabi-10.3-2021.10/bin/../lib/gcc/arm-none-eabi/10.3.1/../../../../arm-none-eabi/lib/thumb/v7-m/nofp\libc_nano.a(lib_a-nano-freer.o)
 .debug_frame   0x00001988       0x4c c:/st/tools/gcc-arm-none-eabi-10.3-2021.10/bin/../lib/gcc/arm-none-eabi/10.3.1/../../../../arm-none-eabi/lib/thumb/v7-m/nofp\libc_nano.a(lib_a-nano-mallocr.o)
 .debug_frame   0x000019d4       0x3c c:/st/tools/gcc-arm-none-eabi-10.3-2021.10/bin/../lib/gcc/arm-none-eabi/10.3.1/../../../../arm-none-eabi/lib/thumb/v7-m/nofp\libc_nano.a(lib_a-nano-reallocr.o)
 .debug_frame   0x00001a10       0x2c c:/st/tools/gcc-arm-none-eabi-10.3-2021.10/bin/../lib/gcc/arm-none-eabi/10.3.1/../../../../arm-none-eabi/lib/thumb/v7-m/nofp\libc_nano.a(lib_a-sbrkr.o)
 .debug_frame   0x00001a3c       0x30 c:/st/tools/gcc-arm-none-eabi-10.3-2021.10/bin/../lib/gcc/arm-none-eabi/10.3.1/../../../../arm-none-eabi/lib/thumb/v7-m/nofp\libc_nano.a(lib_a-mlock.o)
 .debug_frame   0x00001a6c       0x20 c:/st/tools/gcc-arm-none-eabi-10.3-2021.10/bin/../lib/gcc/arm-none-eabi/10.3.1/../../../../arm-none-eabi/lib/thumb/v7-m/nofp\libc_nano.a(lib_a-nano-msizer.o)
 .debug_frame   0x00001a8c       0x5c c:/st/tools/gcc-arm-none-eabi-10.3-2021.10/bin/../lib/gcc/arm-none-eabi/10.3.1/../../../../arm-none-eabi/lib/thumb/v7-m/nofp\libc_nano.a(lib_a-reent.o)
 .debug_frame   0x00001ae8       0xb0 c:/st/tools/gcc-arm-none-eabi-10.3-2021.10/bin/../lib/gcc/arm-none-eabi/10.3.1/../../../../arm-none-eabi/lib/thumb/v7-m/nofp\libc_nano.a(lib_a-lock.o)
 .debug_frame   0x00001b98       0x2c c:/st/tools/gcc-arm-none-eabi-10.3-2021.10/bin/../lib/gcc/arm-none-eabi/10.3.1/thumb/v7-m/nofp\libgcc.a(_aeabi_uldivmod.o)
 .debug_frame   0x00001bc4       0x34 c:/st/tools/gcc-arm-none-eabi-10.3-2021.10/bin/../lib/gcc/arm-none-eabi/10.3.1/thumb/v7-m/nofp\libgcc.a(_udivmoddi4.o)
