Archive member included to satisfy reference by file (symbol)

c:/st/tools/gcc-arm-none-eabi-10.3-2021.10/bin/../lib/gcc/arm-none-eabi/10.3.1/../../../../arm-none-eabi/lib/thumb/v7e-m+fp/hard\libc_nano.a(lib_a-errno.o)
                              Debug/syscalls.o (__errno)
c:/st/tools/gcc-arm-none-eabi-10.3-2021.10/bin/../lib/gcc/arm-none-eabi/10.3.1/../../../../arm-none-eabi/lib/thumb/v7e-m+fp/hard\libc_nano.a(lib_a-exit.o)
                              c:/st/tools/gcc-arm-none-eabi-10.3-2021.10/bin/../lib/gcc/arm-none-eabi/10.3.1/../../../../arm-none-eabi/lib/thumb/v7e-m+fp/hard/crt0.o (exit)
c:/st/tools/gcc-arm-none-eabi-10.3-2021.10/bin/../lib/gcc/arm-none-eabi/10.3.1/../../../../arm-none-eabi/lib/thumb/v7e-m+fp/hard\libc_nano.a(lib_a-impure.o)
                              c:/st/tools/gcc-arm-none-eabi-10.3-2021.10/bin/../lib/gcc/arm-none-eabi/10.3.1/../../../../arm-none-eabi/lib/thumb/v7e-m+fp/hard\libc_nano.a(lib_a-exit.o) (_global_impure_ptr)
c:/st/tools/gcc-arm-none-eabi-10.3-2021.10/bin/../lib/gcc/arm-none-eabi/10.3.1/../../../../arm-none-eabi/lib/thumb/v7e-m+fp/hard\libc_nano.a(lib_a-init.o)
                              c:/st/tools/gcc-arm-none-eabi-10.3-2021.10/bin/../lib/gcc/arm-none-eabi/10.3.1/../../../../arm-none-eabi/lib/thumb/v7e-m+fp/hard/crt0.o (__libc_init_array)
c:/st/tools/gcc-arm-none-eabi-10.3-2021.10/bin/../lib/gcc/arm-none-eabi/10.3.1/../../../../arm-none-eabi/lib/thumb/v7e-m+fp/hard\libc_nano.a(lib_a-memset.o)
                              c:/st/tools/gcc-arm-none-eabi-10.3-2021.10/bin/../lib/gcc/arm-none-eabi/10.3.1/../../../../arm-none-eabi/lib/thumb/v7e-m+fp/hard/crt0.o (memset)
c:/st/tools/gcc-arm-none-eabi-10.3-2021.10/bin/../lib/gcc/arm-none-eabi/10.3.1/../../../../arm-none-eabi/lib/thumb/v7e-m+fp/hard\libc_nano.a(lib_a-sprintf.o)
                              Debug/main.o (sprintf)
c:/st/tools/gcc-arm-none-eabi-10.3-2021.10/bin/../lib/gcc/arm-none-eabi/10.3.1/../../../../arm-none-eabi/lib/thumb/v7e-m+fp/hard\libc_nano.a(lib_a-nano-svfprintf.o)
                              c:/st/tools/gcc-arm-none-eabi-10.3-2021.10/bin/../lib/gcc/arm-none-eabi/10.3.1/../../../../arm-none-eabi/lib/thumb/v7e-m+fp/hard\libc_nano.a(lib_a-sprintf.o) (_svfprintf_r)
c:/st/tools/gcc-arm-none-eabi-10.3-2021.10/bin/../lib/gcc/arm-none-eabi/10.3.1/../../../../arm-none-eabi/lib/thumb/v7e-m+fp/hard\libc_nano.a(lib_a-nano-vfprintf_i.o)
                              c:/st/tools/gcc-arm-none-eabi-10.3-2021.10/bin/../lib/gcc/arm-none-eabi/10.3.1/../../../../arm-none-eabi/lib/thumb/v7e-m+fp/hard\libc_nano.a(lib_a-nano-svfprintf.o) (_printf_i)
c:/st/tools/gcc-arm-none-eabi-10.3-2021.10/bin/../lib/gcc/arm-none-eabi/10.3.1/../../../../arm-none-eabi/lib/thumb/v7e-m+fp/hard\libc_nano.a(lib_a-memchr.o)
                              c:/st/tools/gcc-arm-none-eabi-10.3-2021.10/bin/../lib/gcc/arm-none-eabi/10.3.1/../../../../arm-none-eabi/lib/thumb/v7e-m+fp/hard\libc_nano.a(lib_a-nano-svfprintf.o) (memchr)
c:/st/tools/gcc-arm-none-eabi-10.3-2021.10/bin/../lib/gcc/arm-none-eabi/10.3.1/../../../../arm-none-eabi/lib/thumb/v7e-m+fp/hard\libc_nano.a(lib_a-memcpy-stub.o)
                              c:/st/tools/gcc-arm-none-eabi-10.3-2021.10/bin/../lib/gcc/arm-none-eabi/10.3.1/../../../../arm-none-eabi/lib/thumb/v7e-m+fp/hard\libc_nano.a(lib_a-nano-svfprintf.o) (memcpy)
c:/st/tools/gcc-arm-none-eabi-10.3-2021.10/bin/../lib/gcc/arm-none-eabi/10.3.1/../../../../arm-none-eabi/lib/thumb/v7e-m+fp/hard\libc_nano.a(lib_a-memmove.o)
                              c:/st/tools/gcc-arm-none-eabi-10.3-2021.10/bin/../lib/gcc/arm-none-eabi/10.3.1/../../../../arm-none-eabi/lib/thumb/v7e-m+fp/hard\libc_nano.a(lib_a-nano-svfprintf.o) (memmove)
c:/st/tools/gcc-arm-none-eabi-10.3-2021.10/bin/../lib/gcc/arm-none-eabi/10.3.1/../../../../arm-none-eabi/lib/thumb/v7e-m+fp/hard\libc_nano.a(lib_a-nano-freer.o)
                              c:/st/tools/gcc-arm-none-eabi-10.3-2021.10/bin/../lib/gcc/arm-none-eabi/10.3.1/../../../../arm-none-eabi/lib/thumb/v7e-m+fp/hard\libc_nano.a(lib_a-nano-svfprintf.o) (_free_r)
c:/st/tools/gcc-arm-none-eabi-10.3-2021.10/bin/../lib/gcc/arm-none-eabi/10.3.1/../../../../arm-none-eabi/lib/thumb/v7e-m+fp/hard\libc_nano.a(lib_a-nano-mallocr.o)
                              c:/st/tools/gcc-arm-none-eabi-10.3-2021.10/bin/../lib/gcc/arm-none-eabi/10.3.1/../../../../arm-none-eabi/lib/thumb/v7e-m+fp/hard\libc_nano.a(lib_a-nano-svfprintf.o) (_malloc_r)
c:/st/tools/gcc-arm-none-eabi-10.3-2021.10/bin/../lib/gcc/arm-none-eabi/10.3.1/../../../../arm-none-eabi/lib/thumb/v7e-m+fp/hard\libc_nano.a(lib_a-nano-reallocr.o)
                              c:/st/tools/gcc-arm-none-eabi-10.3-2021.10/bin/../lib/gcc/arm-none-eabi/10.3.1/../../../../arm-none-eabi/lib/thumb/v7e-m+fp/hard\libc_nano.a(lib_a-nano-svfprintf.o) (_realloc_r)
c:/st/tools/gcc-arm-none-eabi-10.3-2021.10/bin/../lib/gcc/arm-none-eabi/10.3.1/../../../../arm-none-eabi/lib/thumb/v7e-m+fp/hard\libc_nano.a(lib_a-sbrkr.o)
[...]
Memory Configuration

Name             Origin             Length             Attributes
RAM              0x20000000         0x00020000         xrw
FLASH            0x08000000         0x00080000         xr
*default*        0x00000000         0xffffffff

Linker script and memory map

LOAD c:/st/tools/gcc-arm-none-eabi-10.3-2021.10/bin/../lib/gcc/arm-none-eabi/10.3.1/thumb/v7e-m+fp/hard/crti.o
LOAD c:/st/tools/gcc-arm-none-eabi-10.3-2021.10/bin/../lib/gcc/arm-none-eabi/10.3.1/thumb/v7e-m+fp/hard/crtbegin.o
LOAD c:/st/tools/gcc-arm-none-eabi-10.3-2021.10/bin/../lib/gcc/arm-none-eabi/10.3.1/../../../../arm-none-eabi/lib/thumb/v7e-m+fp/hard/crt0.o
LOAD Debug/main.o
LOAD Debug/stm32f4xx_hal_msp.o
LOAD Debug/stm32f4xx_it.o
LOAD Debug/syscalls.o
LOAD Debug/sysmem.o
LOAD Debug/system_stm32f4xx.o
LOAD Debug/stm32f4xx_hal.o
LOAD Debug/stm32f4xx_hal_cortex.o
LOAD Debug/stm32f4xx_hal_dma.o
LOAD Debug/stm32f4xx_hal_dma_ex.o
LOAD Debug/stm32f4xx_hal_exti.o
LOAD Debug/stm32f4xx_hal_flash.o
LOAD Debug/stm32f4xx_hal_flash_ex.o
LOAD Debug/stm32f4xx_hal_flash_ramfunc.o
LOAD Debug/stm32f4xx_hal_gpio.o
LOAD Debug/stm32f4xx_hal_pwr.o
LOAD Debug/stm32f4xx_hal_pwr_ex.o
LOAD Debug/stm32f4xx_hal_rcc.o
LOAD Debug/stm32f4xx_hal_rcc_ex.o
LOAD Debug/stm32f4xx_hal_tim.o
LOAD Debug/stm32f4xx_hal_tim_ex.o
LOAD Debug/stm32f4xx_hal_uart.o
LOAD Debug/startup_stm32f411ceux.o
START GROUP
LOAD c:/st/tools/gcc-arm-none-eabi-10.3-2021.10/bin/../lib/gcc/arm-none-eabi/10.3.1/../../../../arm-none-eabi/lib/thumb/v7e-m+fp/hard\libc_nano.a
LOAD c:/st/tools/gcc-arm-none-eabi-10.3-2021.10/bin/../lib/gcc/arm-none-eabi/10.3.1/../../../../arm-none-eabi/lib/thumb/v7e-m+fp/hard\libm.a
END GROUP
START GROUP
LOAD c:/st/tools/gcc-arm-none-eabi-10.3-2021.10/bin/../lib/gcc/arm-none-eabi/10.3.1/thumb/v7e-m+fp/hard\libgcc.a
LOAD c:/st/tools/gcc-arm-none-eabi-10.3-2021.10/bin/../lib/gcc/arm-none-eabi/10.3.1/../../../../arm-none-eabi/lib/thumb/v7e-m+fp/hard\libc_nano.a
END GROUP
START GROUP
LOAD c:/st/tools/gcc-arm-none-eabi-10.3-2021.10/bin/../lib/gcc/arm-none-eabi/10.3.1/thumb/v7e-m+fp/hard\libgcc.a
LOAD c:/st/tools/gcc-arm-none-eabi-10.3-2021.10/bin/../lib/gcc/arm-none-eabi/10.3.1/../../../../arm-none-eabi/lib/thumb/v7e-m+fp/hard\libc_nano.a
END GROUP
LOAD c:/st/tools/gcc-arm-none-eabi-10.3-2021.10/bin/../lib/gcc/arm-none-eabi/10.3.1/thumb/v7e-m+fp/hard/crtend.o
LOAD c:/st/tools/gcc-arm-none-eabi-10.3-2021.10/bin/../lib/gcc/arm-none-eabi/10.3.1/thumb/v7e-m+fp/hard/crtn.o
                0x20020000                _estack = (ORIGIN (RAM) + LENGTH (RAM))
                0x00000200                _Min_Heap_Size = 0x200
                0x00000400                _Min_Stack_Size = 0x400

.isr_vector     0x08000000      0x198
                0x08000000                . = ALIGN (0x4)
 *(.isr_vector)
 .isr_vector    0x08000000      0x198 Debug/startup_stm32f411ceux.o
                0x08000000                g_pfnVectors
                0x08000198                . = ALIGN (0x4)

.text           0x080001a0     0x2850
                0x080001a0                . = ALIGN (0x4)
 *(.text)
 .text          0x080001a0       0x40 c:/st/tools/gcc-arm-none-eabi-10.3-2021.10/bin/../lib/gcc/arm-none-eabi/10.3.1/thumb/v7e-m+fp/hard/crtbegin.o
 .text          0x080001e0       0xa0 c:/st/tools/gcc-arm-none-eabi-10.3-2021.10/bin/../lib/gcc/arm-none-eabi/10.3.1/../../../../arm-none-eabi/lib/thumb/v7e-m+fp/hard\libc_nano.a(lib_a-memchr.o)
                0x080001e0                memchr
 .text          0x08000280       0x30 c:/st/tools/gcc-arm-none-eabi-10.3-2021.10/bin/../lib/gcc/arm-none-eabi/10.3.1/thumb/v7e-m+fp/hard\libgcc.a(_aeabi_uldivmod.o)
                0x08000280                __aeabi_uldivmod
 .text          0x080002b0      0x2d0 c:/st/tools/gcc-arm-none-eabi-10.3-2021.10/bin/../lib/gcc/arm-none-eabi/10.3.1/thumb/v7e-m+fp/hard\libgcc.a(_udivmoddi4.o)
                0x080002b0                __udivmoddi4
 .text          0x08000580        0x4 c:/st/tools/gcc-arm-none-eabi-10.3-2021.10/bin/../lib/gcc/arm-none-eabi/10.3.1/thumb/v7e-m+fp/hard\libgcc.a(_dvmd_tls.o)
                0x08000580                __aeabi_idiv0
                0x08000580                __aeabi_ldiv0
 *(.text*)
 .text.main     0x08000584       0x6c Debug/main.o
                0x08000584                main
 .text.SystemClock_Config
                0x080005f0       0xd4 Debug/main.o
                0x080005f0                SystemClock_Config
 .text.MX_USART1_UART_Init
                0x080006c4       0x54 Debug/main.o
 .text.MX_GPIO_Init
                0x08000718       0xa4 Debug/main.o
 .text.Error_Handler
                0x080007bc        0xa Debug/main.o
                0x080007bc                Error_Handler
 *fill*         0x080007c6        0x2 
 .text.HAL_MspInit
                0x080007c8       0x50 Debug/stm32f4xx_hal_msp.o
                0x080007c8                HAL_MspInit
 .text.HAL_UART_MspInit
                0x08000818       0x90 Debug/stm32f4xx_hal_msp.o
                0x08000818                HAL_UART_MspInit
 .text.NMI_Handler
                0x080008a8        0xa Debug/stm32f4xx_it.o
                0x080008a8                NMI_Handler
 .text.HardFault_Handler
                0x080008b2        0x6 Debug/stm32f4xx_it.o
                0x080008b2                HardFault_Handler
 .text.MemManage_Handler
                0x080008b8        0x6 Debug/stm32f4xx_it.o
                0x080008b8                MemManage_Handler
 .text.BusFault_Handler
                0x080008be        0x6 Debug/stm32f4xx_it.o
                0x080008be                BusFault_Handler
 .text.UsageFault_Handler
                0x080008c4        0x6 Debug/stm32f4xx_it.o
                0x080008c4                UsageFault_Handler
 .text.SVC_Handler
                0x080008ca        0xe Debug/stm32f4xx_it.o
                0x080008ca                SVC_Handler
 .text.DebugMon_Handler
                0x080008d8        0xe Debug/stm32f4xx_it.o
                0x080008d8                DebugMon_Handler
 .text.PendSV_Handler
                0x080008e6        0xe Debug/stm32f4xx_it.o
                0x080008e6                PendSV_Handler
 .text.SysTick_Handler
                0x080008f4        0xc Debug/stm32f4xx_it.o
                0x080008f4                SysTick_Handler
 .text._sbrk    0x08000900       0x6c Debug/sysmem.o
                0x08000900                _sbrk
 .text.SystemInit
                0x0800096c       0x24 Debug/system_stm32f4xx.o
                0x0800096c                SystemInit
 .text.HAL_Init
                0x08000990       0x44 Debug/stm32f4xx_hal.o
                0x08000990                HAL_Init
 .text.HAL_InitTick
                0x080009d4       0x60 Debug/stm32f4xx_hal.o
                0x080009d4                HAL_InitTick
 .text.HAL_IncTick
                0x08000a34       0x28 Debug/stm32f4xx_hal.o
                0x08000a34                HAL_IncTick
 .text.HAL_GetTick
                0x08000a5c       0x18 Debug/stm32f4xx_hal.o
                0x08000a5c                HAL_GetTick
 .text.HAL_Delay
                0x08000a74       0x48 Debug/stm32f4xx_hal.o
                0x08000a74                HAL_Delay
 .text.__NVIC_SetPriorityGrouping
                0x08000abc       0x48 Debug/stm32f4xx_hal_cortex.o
 .text.__NVIC_GetPriorityGrouping
                0x08000b04       0x1c Debug/stm32f4xx_hal_cortex.o
 .text.__NVIC_SetPriority
                0x08000b20       0x54 Debug/stm32f4xx_hal_cortex.o
 .text.NVIC_EncodePriority
                0x08000b74       0x66 Debug/stm32f4xx_hal_cortex.o
 *fill*         0x08000bda        0x2 
 .text.SysTick_Config
                0x08000bdc       0x44 Debug/stm32f4xx_hal_cortex.o
 .text.HAL_NVIC_SetPriorityGrouping
                0x08000c20       0x16 Debug/stm32f4xx_hal_cortex.o
                0x08000c20                HAL_NVIC_SetPriorityGrouping
 .text.HAL_NVIC_SetPriority
                0x08000c36       0x38 Debug/stm32f4xx_hal_cortex.o
                0x08000c36                HAL_NVIC_SetPriority
 .text.HAL_SYSTICK_Config
                0x08000c6e       0x18 Debug/stm32f4xx_hal_cortex.o
                0x08000c6e                HAL_SYSTICK_Config
 *fill*         0x08000c86        0x2 
 .text.HAL_GPIO_Init
                0x08000c88      0x308 Debug/stm32f4xx_hal_gpio.o
                0x08000c88                HAL_GPIO_Init
 .text.HAL_GPIO_WritePin
                0x08000f90       0x32 Debug/stm32f4xx_hal_gpio.o
                0x08000f90                HAL_GPIO_WritePin
 *fill*         0x08000fc2        0x2 
 .text.HAL_RCC_OscConfig
                0x08000fc4      0x4f0 Debug/stm32f4xx_hal_rcc.o
                0x08000fc4                HAL_RCC_OscConfig
 .text.HAL_RCC_ClockConfig
                0x080014b4      0x1cc Debug/stm32f4xx_hal_rcc.o
                0x080014b4                HAL_RCC_ClockConfig
 .text.HAL_RCC_EnableCSS
                0x08001680       0x18 Debug/stm32f4xx_hal_rcc.o
                0x08001680                HAL_RCC_EnableCSS
 .text.HAL_RCC_GetSysClockFreq
                0x08001698      0x18c Debug/stm32f4xx_hal_rcc.o
                0x08001698                HAL_RCC_GetSysClockFreq
 .text.HAL_RCC_GetHCLKFreq
                0x08001824       0x18 Debug/stm32f4xx_hal_rcc.o
                0x08001824                HAL_RCC_GetHCLKFreq
 .text.HAL_RCC_GetPCLK1Freq
                0x0800183c       0x28 Debug/stm32f4xx_hal_rcc.o
                0x0800183c                HAL_RCC_GetPCLK1Freq
 .text.HAL_RCC_GetPCLK2Freq
                0x08001864       0x28 Debug/stm32f4xx_hal_rcc.o
                0x08001864                HAL_RCC_GetPCLK2Freq
 .text.HAL_RCC_NMI_IRQHandler
                0x0800188c       0x28 Debug/stm32f4xx_hal_rcc.o
                0x0800188c                HAL_RCC_NMI_IRQHandler
 .text.HAL_RCC_CSSCallback
                0x080018b4        0xe Debug/stm32f4xx_hal_rcc.o
                0x080018b4                HAL_RCC_CSSCallback
 .text.HAL_UART_Init
                0x080018c2       0x9a Debug/stm32f4xx_hal_uart.o
                0x080018c2                HAL_UART_Init
 .text.HAL_UART_Transmit
                0x0800195c      0x124 Debug/stm32f4xx_hal_uart.o
                0x0800195c                HAL_UART_Transmit
 .text.UART_WaitOnFlagUntilTimeout
                0x08001a80       0xdc Debug/stm32f4xx_hal_uart.o
 .text.UART_SetConfig
                0x08001b5c      0x4e8 Debug/stm32f4xx_hal_uart.o
 .text.Reset_Handler
                0x08002044       0x50 Debug/startup_stm32f411ceux.o
                0x08002044                Reset_Handler
 .text.Default_Handler
                0x08002094        0x2 Debug/startup_stm32f411ceux.o
                0x08002094                RTC_Alarm_IRQHandler
                0x08002094                EXTI2_IRQHandler
                0x08002094                SPI4_IRQHandler
                0x08002094                TIM1_CC_IRQHandler
                0x08002094                DMA2_Stream5_IRQHandler
                0x08002094                DMA1_Stream5_IRQHandler
                0x08002094                PVD_IRQHandler
                0x08002094                SDIO_IRQHandler
                0x08002094                TAMP_STAMP_IRQHandler
                0x08002094                EXTI3_IRQHandler
                0x08002094                TIM1_UP_TIM10_IRQHandler
                0x08002094                I2C3_ER_IRQHandler
                0x08002094                EXTI0_IRQHandler
                0x08002094                I2C2_EV_IRQHandler
                0x08002094                DMA1_Stream2_IRQHandler
                0x08002094                FPU_IRQHandler
                0x08002094                DMA2_Stream2_IRQHandler
                0x08002094                SPI1_IRQHandler
                0x08002094                TIM1_BRK_TIM9_IRQHandler
                0x08002094                DMA2_Stream3_IRQHandler
                0x08002094                USART6_IRQHandler
                0x08002094                DMA2_Stream0_IRQHandler
                0x08002094                TIM4_IRQHandler
                0x08002094                I2C1_EV_IRQHandler
                0x08002094                DMA1_Stream6_IRQHandler
                0x08002094                DMA1_Stream1_IRQHandler
                0x08002094                TIM3_IRQHandler
                0x08002094                RCC_IRQHandler
                0x08002094                Default_Handler
                0x08002094                EXTI15_10_IRQHandler
                0x08002094                ADC_IRQHandler
                0x08002094                DMA1_Stream7_IRQHandler
                0x08002094                SPI5_IRQHandler
                0x08002094                TIM5_IRQHandler
                0x08002094                DMA2_Stream7_IRQHandler
                0x08002094                I2C3_EV_IRQHandler
                0x08002094                EXTI9_5_IRQHandler
                0x08002094                RTC_WKUP_IRQHandler
                0x08002094                SPI2_IRQHandler
                0x08002094                DMA1_Stream0_IRQHandler
                0x08002094                EXTI4_IRQHandler
                0x08002094                WWDG_IRQHandler
                0x08002094                TIM2_IRQHandler
                0x08002094                OTG_FS_WKUP_IRQHandler
                0x08002094                TIM1_TRG_COM_TIM11_IRQHandler
                0x08002094                EXTI1_IRQHandler
                0x08002094                USART2_IRQHandler
                0x08002094                I2C2_ER_IRQHandler
                0x08002094                DMA2_Stream1_IRQHandler
                0x08002094                FLASH_IRQHandler
                0x08002094                DMA2_Stream4_IRQHandler
                0x08002094                USART1_IRQHandler
                0x08002094                OTG_FS_IRQHandler
                0x08002094                SPI3_IRQHandler
                0x08002094                DMA1_Stream4_IRQHandler
                0x08002094                I2C1_ER_IRQHandler
                0x08002094                DMA2_Stream6_IRQHandler
                0x08002094                DMA1_Stream3_IRQHandler
 *fill*         0x08002096        0x2 
 .text.__errno  0x08002098        0xc c:/st/tools/gcc-arm-none-eabi-10.3-2021.10/bin/../lib/gcc/arm-none-eabi/10.3.1/../../../../arm-none-eabi/lib/thumb/v7e-m+fp/hard\libc_nano.a(lib_a-errno.o)
                0x08002098                __errno
 .text.__libc_init_array
                0x080020a4       0x48 c:/st/tools/gcc-arm-none-eabi-10.3-2021.10/bin/../lib/gcc/arm-none-eabi/10.3.1/../../../../arm-none-eabi/lib/thumb/v7e-m+fp/hard\libc_nano.a(lib_a-init.o)
                0x080020a4                __libc_init_array
 .text.memset   0x080020ec       0x10 c:/st/tools/gcc-arm-none-eabi-10.3-2021.10/bin/../lib/gcc/arm-none-eabi/10.3.1/../../../../arm-none-eabi/lib/thumb/v7e-m+fp/hard\libc_nano.a(lib_a-memset.o)
                0x080020ec                memset
 .text.sprintf  0x080020fc       0x40 c:/st/tools/gcc-arm-none-eabi-10.3-2021.10/bin/../lib/gcc/arm-none-eabi/10.3.1/../../../../arm-none-eabi/lib/thumb/v7e-m+fp/hard\libc_nano.a(lib_a-sprintf.o)
                0x080020fc                siprintf
                0x080020fc                sprintf
 .text.__ssputs_r
                0x0800213c       0xb6 c:/st/tools/gcc-arm-none-eabi-10.3-2021.10/bin/../lib/gcc/arm-none-eabi/10.3.1/../../../../arm-none-eabi/lib/thumb/v7e-m+fp/hard\libc_nano.a(lib_a-nano-svfprintf.o)
                0x0800213c                __ssputs_r
 *fill*         0x080021f2        0x2 
 .text._svfprintf_r
                0x080021f4      0x200 c:/st/tools/gcc-arm-none-eabi-10.3-2021.10/bin/../lib/gcc/arm-none-eabi/10.3.1/../../../../arm-none-eabi/lib/thumb/v7e-m+fp/hard\libc_nano.a(lib_a-nano-svfprintf.o)
                0x080021f4                _svfiprintf_r
                0x080021f4                _svfprintf_r
 .text._printf_common
                0x080023f4       0xda c:/st/tools/gcc-arm-none-eabi-10.3-2021.10/bin/../lib/gcc/arm-none-eabi/10.3.1/../../../../arm-none-eabi/lib/thumb/v7e-m+fp/hard\libc_nano.a(lib_a-nano-vfprintf_i.o)
                0x080023f4                _printf_common
 *fill*         0x080024ce        0x2 
 .text._printf_i
                0x080024d0      0x24c c:/st/tools/gcc-arm-none-eabi-10.3-2021.10/bin/../lib/gcc/arm-none-eabi/10.3.1/../../../../arm-none-eabi/lib/thumb/v7e-m+fp/hard\libc_nano.a(lib_a-nano-vfprintf_i.o)
                0x080024d0                _printf_i
 .text.memcpy   0x0800271c       0x1c c:/st/tools/gcc-arm-none-eabi-10.3-2021.10/bin/../lib/gcc/arm-none-eabi/10.3.1/../../../../arm-none-eabi/lib/thumb/v7e-m+fp/hard\libc_nano.a(lib_a-memcpy-stub.o)
                0x0800271c                memcpy
 .text.memmove  0x08002738       0x34 c:/st/tools/gcc-arm-none-eabi-10.3-2021.10/bin/../lib/gcc/arm-none-eabi/10.3.1/../../../../arm-none-eabi/lib/thumb/v7e-m+fp/hard\libc_nano.a(lib_a-memmove.o)
                0x08002738                memmove
 .text._free_r  0x0800276c       0x98 c:/st/tools/gcc-arm-none-eabi-10.3-2021.10/bin/../lib/gcc/arm-none-eabi/10.3.1/../../../../arm-none-eabi/lib/thumb/v7e-m+fp/hard\libc_nano.a(lib_a-nano-freer.o)
                0x0800276c                _free_r
 .text.sbrk_aligned
                0x08002804       0x40 c:/st/tools/gcc-arm-none-eabi-10.3-2021.10/bin/../lib/gcc/arm-none-eabi/10.3.1/../../../../arm-none-eabi/lib/thumb/v7e-m+fp/hard\libc_nano.a(lib_a-nano-mallocr.o)
 .text._malloc_r
                0x08002844       0xe8 c:/st/tools/gcc-arm-none-eabi-10.3-2021.10/bin/../lib/gcc/arm-none-eabi/10.3.1/../../../../arm-none-eabi/lib/thumb/v7e-m+fp/hard\libc_nano.a(lib_a-nano-mallocr.o)
                0x08002844                _malloc_r
 .text._realloc_r
                0x0800292c       0x5e c:/st/tools/gcc-arm-none-eabi-10.3-2021.10/bin/../lib/gcc/arm-none-eabi/10.3.1/../../../../arm-none-eabi/lib/thumb/v7e-m+fp/hard\libc_nano.a(lib_a-nano-reallocr.o)
                0x0800292c                _realloc_r
 *fill*         0x0800298a        0x2 
 .text._sbrk_r  0x0800298c       0x20 c:/st/tools/gcc-arm-none-eabi-10.3-2021.10/bin/../lib/gcc/arm-none-eabi/10.3.1/../../../../arm-none-eabi/lib/thumb/v7e-m+fp/hard\libc_nano.a(lib_a-sbrkr.o)
                0x0800298c                _sbrk_r
 .text.__malloc_lock
                0x080029ac        0xc c:/st/tools/gcc-arm-none-eabi-10.3-2021.10/bin/../lib/gcc/arm-none-eabi/10.3.1/../../../../arm-none-eabi/lib/thumb/v7e-m+fp/hard\libc_nano.a(lib_a-mlock.o)
                0x080029ac                __malloc_lock
 .text.__malloc_unlock
                0x080029b8        0xc c:/st/tools/gcc-arm-none-eabi-10.3-2021.10/bin/../lib/gcc/arm-none-eabi/10.3.1/../../../../arm-none-eabi/lib/thumb/v7e-m+fp/hard\libc_nano.a(lib_a-mlock.o)
                0x080029b8                __malloc_unlock
 .text._malloc_usable_size_r
                0x080029c4       0x10 c:/st/tools/gcc-arm-none-eabi-10.3-2021.10/bin/../lib/gcc/arm-none-eabi/10.3.1/../../../../arm-none-eabi/lib/thumb/v7e-m+fp/hard\libc_nano.a(lib_a-nano-msizer.o)
                0x080029c4                _malloc_usable_size_r
 .text.__retarget_lock_acquire_recursive
                0x080029d4        0x2 c:/st/tools/gcc-arm-none-eabi-10.3-2021.10/bin/../lib/gcc/arm-none-eabi/10.3.1/../../../../arm-none-eabi/lib/thumb/v7e-m+fp/hard\libc_nano.a(lib_a-lock.o)
                0x080029d4                __retarget_lock_acquire_recursive
 .text.__retarget_lock_release_recursive
                0x080029d6        0x2 c:/st/tools/gcc-arm-none-eabi-10.3-2021.10/bin/../lib/gcc/arm-none-eabi/10.3.1/../../../../arm-none-eabi/lib/thumb/v7e-m+fp/hard\libc_nano.a(lib_a-lock.o)
                0x080029d6                __retarget_lock_release_recursive
 *(.glue_7)
 .glue_7        0x080029d8        0x0 linker stubs
 *(.glue_7t)
 .glue_7t       0x080029d8        0x0 linker stubs
 *(.eh_frame)
 .eh_frame      0x080029d8        0x0 c:/st/tools/gcc-arm-none-eabi-10.3-2021.10/bin/../lib/gcc/arm-none-eabi/10.3.1/thumb/v7e-m+fp/hard/crtbegin.o
 *(.init)
 .init          0x080029d8        0x4 c:/st/tools/gcc-arm-none-eabi-10.3-2021.10/bin/../lib/gcc/arm-none-eabi/10.3.1/thumb/v7e-m+fp/hard/crti.o
                0x080029d8                _init
 .init          0x080029dc        0x8 c:/st/tools/gcc-arm-none-eabi-10.3-2021.10/bin/../lib/gcc/arm-none-eabi/10.3.1/thumb/v7e-m+fp/hard/crtn.o
 *(.fini)
 .fini          0x080029e4        0x4 c:/st/tools/gcc-arm-none-eabi-10.3-2021.10/bin/../lib/gcc/arm-none-eabi/10.3.1/thumb/v7e-m+fp/hard/crti.o
                0x080029e4                _fini
 .fini          0x080029e8        0x8 c:/st/tools/gcc-arm-none-eabi-10.3-2021.10/bin/../lib/gcc/arm-none-eabi/10.3.1/thumb/v7e-m+fp/hard/crtn.o
                0x080029f0                . = ALIGN (0x4)
                0x080029f0                _etext = .

.vfp11_veneer   0x080029f0        0x0
 .vfp11_veneer  0x080029f0        0x0 linker stubs

.v4_bx          0x080029f0        0x0
 .v4_bx         0x080029f0        0x0 linker stubs

.iplt           0x080029f0        0x0
 .iplt          0x080029f0        0x0 c:/st/tools/gcc-arm-none-eabi-10.3-2021.10/bin/../lib/gcc/arm-none-eabi/10.3.1/thumb/v7e-m+fp/hard/crtbegin.o

.rodata         0x080029f0       0x5c
                0x080029f0                . = ALIGN (0x4)
 *(.rodata)
 .rodata        0x080029f0       0x10 Debug/main.o
 *(.rodata*)
 .rodata.AHBPrescTable
                0x08002a00       0x10 Debug/system_stm32f4xx.o
                0x08002a00                AHBPrescTable
 .rodata.APBPrescTable
                0x08002a10        0x8 Debug/system_stm32f4xx.o
                0x08002a10                APBPrescTable
 .rodata._svfprintf_r.str1.1
                0x08002a18       0x11 c:/st/tools/gcc-arm-none-eabi-10.3-2021.10/bin/../lib/gcc/arm-none-eabi/10.3.1/../../../../arm-none-eabi/lib/thumb/v7e-m+fp/hard\libc_nano.a(lib_a-nano-svfprintf.o)
 .rodata._printf_i.str1.1
                0x08002a29       0x22 c:/st/tools/gcc-arm-none-eabi-10.3-2021.10/bin/../lib/gcc/arm-none-eabi/10.3.1/../../../../arm-none-eabi/lib/thumb/v7e-m+fp/hard\libc_nano.a(lib_a-nano-vfprintf_i.o)
                0x08002a4c                . = ALIGN (0x4)
 *fill*         0x08002a4b        0x1 

.ARM.extab      0x08002a4c        0x0
                0x08002a4c                . = ALIGN (0x4)
 *(.ARM.extab* .gnu.linkonce.armextab.*)
                0x08002a4c                . = ALIGN (0x4)

.ARM            0x08002a4c        0x8
                0x08002a4c                . = ALIGN (0x4)
                0x08002a4c                __exidx_start = .
 *(.ARM.exidx*)
 .ARM.exidx     0x08002a4c        0x8 c:/st/tools/gcc-arm-none-eabi-10.3-2021.10/bin/../lib/gcc/arm-none-eabi/10.3.1/thumb/v7e-m+fp/hard\libgcc.a(_udivmoddi4.o)
                0x08002a54                __exidx_end = .
                0x08002a54                . = ALIGN (0x4)

.rel.dyn        0x08002a54        0x0
 .rel.iplt      0x08002a54        0x0 c:/st/tools/gcc-arm-none-eabi-10.3-2021.10/bin/../lib/gcc/arm-none-eabi/10.3.1/thumb/v7e-m+fp/hard/crtbegin.o

.preinit_array  0x08002a54        0x0
                0x08002a54                . = ALIGN (0x4)
                0x08002a54                PROVIDE (__preinit_array_start = .)
 *(.preinit_array*)
                0x08002a54                PROVIDE (__preinit_array_end = .)
                0x08002a54                . = ALIGN (0x4)

.init_array     0x08002a54        0x4
                0x08002a54                . = ALIGN (0x4)
                0x08002a54                PROVIDE (__init_array_start = .)
 *(SORT_BY_NAME(.init_array.*))
 *(.init_array*)
 .init_array    0x08002a54        0x4 c:/st/tools/gcc-arm-none-eabi-10.3-2021.10/bin/../lib/gcc/arm-none-eabi/10.3.1/thumb/v7e-m+fp/hard/crtbegin.o
                0x08002a58                PROVIDE (__init_array_end = .)
                0x08002a58                . = ALIGN (0x4)

.fini_array     0x08002a58        0x4
                0x08002a58                . = ALIGN (0x4)
                [!provide]                PROVIDE (__fini_array_start = .)
 *(SORT_BY_NAME(.fini_array.*))
 *(.fini_array*)
 .fini_array    0x08002a58        0x4 c:/st/tools/gcc-arm-none-eabi-10.3-2021.10/bin/../lib/gcc/arm-none-eabi/10.3.1/thumb/v7e-m+fp/hard/crtbegin.o
                [!provide]                PROVIDE (__fini_array_end = .)
                0x08002a5c                . = ALIGN (0x4)
                0x08002a5c                _sidata = LOADADDR (.data)

.data           0x20000000       0x70 load address 0x08002a5c
                0x20000000                . = ALIGN (0x4)
                0x20000000                _sdata = .
 *(.data)
 *(.data*)
 .data.SystemCoreClock
                0x20000000        0x4 Debug/system_stm32f4xx.o
                0x20000000                SystemCoreClock
 .data.uwTickPrio
                0x20000004        0x4 Debug/stm32f4xx_hal.o
                0x20000004                uwTickPrio
 .data.uwTickFreq
                0x20000008        0x1 Debug/stm32f4xx_hal.o
                0x20000008                uwTickFreq
 *fill*         0x20000009        0x3 
 .data._impure_ptr
                0x2000000c        0x4 c:/st/tools/gcc-arm-none-eabi-10.3-2021.10/bin/../lib/gcc/arm-none-eabi/10.3.1/../../../../arm-none-eabi/lib/thumb/v7e-m+fp/hard\libc_nano.a(lib_a-impure.o)
                0x2000000c                _impure_ptr
 .data.impure_data
                0x20000010       0x60 c:/st/tools/gcc-arm-none-eabi-10.3-2021.10/bin/../lib/gcc/arm-none-eabi/10.3.1/../../../../arm-none-eabi/lib/thumb/v7e-m+fp/hard\libc_nano.a(lib_a-impure.o)
 *(.RamFunc)
 *(.RamFunc*)
                0x20000070                . = ALIGN (0x4)
                0x20000070                _edata = .

.igot.plt       0x20000070        0x0 load address 0x08002acc
 .igot.plt      0x20000070        0x0 c:/st/tools/gcc-arm-none-eabi-10.3-2021.10/bin/../lib/gcc/arm-none-eabi/10.3.1/thumb/v7e-m+fp/hard/crtbegin.o
                0x20000070                . = ALIGN (0x4)

.bss            0x20000070      0x17c load address 0x08002acc
                0x20000070                _sbss = .
                0x20000070                __bss_start__ = _sbss
 *(.bss)
 .bss           0x20000070       0x1c c:/st/tools/gcc-arm-none-eabi-10.3-2021.10/bin/../lib/gcc/arm-none-eabi/10.3.1/thumb/v7e-m+fp/hard/crtbegin.o
 *(.bss*)
 .bss.Tx_buffer
                0x2000008c      0x100 Debug/main.o
                0x2000008c                Tx_buffer
 .bss.Counter   0x2000018c        0x4 Debug/main.o
                0x2000018c                Counter
 .bss.huart1    0x20000190       0x44 Debug/main.o
                0x20000190                huart1
 .bss.__sbrk_heap_end
                0x200001d4        0x4 Debug/sysmem.o
 .bss.uwTick    0x200001d8        0x4 Debug/stm32f4xx_hal.o
                0x200001d8                uwTick
 .bss.__malloc_free_list
                0x200001dc        0x4 c:/st/tools/gcc-arm-none-eabi-10.3-2021.10/bin/../lib/gcc/arm-none-eabi/10.3.1/../../../../arm-none-eabi/lib/thumb/v7e-m+fp/hard\libc_nano.a(lib_a-nano-mallocr.o)
                0x200001dc                __malloc_free_list
 .bss.__malloc_sbrk_start
                0x200001e0        0x4 c:/st/tools/gcc-arm-none-eabi-10.3-2021.10/bin/../lib/gcc/arm-none-eabi/10.3.1/../../../../arm-none-eabi/lib/thumb/v7e-m+fp/hard\libc_nano.a(lib_a-nano-mallocr.o)
                0x200001e0                __malloc_sbrk_start
 .bss.errno     0x200001e4        0x4 c:/st/tools/gcc-arm-none-eabi-10.3-2021.10/bin/../lib/gcc/arm-none-eabi/10.3.1/../../../../arm-none-eabi/lib/thumb/v7e-m+fp/hard\libc_nano.a(lib_a-reent.o)
                0x200001e4                errno
 .bss.__lock___malloc_recursive_mutex
                0x200001e8        0x1 c:/st/tools/gcc-arm-none-eabi-10.3-2021.10/bin/../lib/gcc/arm-none-eabi/10.3.1/../../../../arm-none-eabi/lib/thumb/v7e-m+fp/hard\libc_nano.a(lib_a-lock.o)
                0x200001e8                __lock___malloc_recursive_mutex
 *(COMMON)
                0x200001ec                . = ALIGN (0x4)
 *fill*         0x200001e9        0x3 
                0x200001ec                _ebss = .
                0x200001ec                __bss_end__ = _ebss

._user_heap_stack
                0x200001ec      0x604 load address 0x08002acc
                0x200001f0                . = ALIGN (0x8)
 *fill*         0x200001ec        0x4 
                [!provide]                PROVIDE (end = .)
                0x200001f0                PROVIDE (_end = .)
                0x200003f0                . = (. + _Min_Heap_Size)
 *fill*         0x200001f0      0x200 
                0x200007f0                . = (. + _Min_Stack_Size)
 *fill*         0x200003f0      0x400 
                0x200007f0                . = ALIGN (0x8)

/DISCARD/
 libc.a(*)
 libm.a(*)
 libgcc.a(*)

.ARM.attributes
                0x00000000       0x30
 *(.ARM.attributes)
 .ARM.attributes
                0x00000000       0x1e c:/st/tools/gcc-arm-none-eabi-10.3-2021.10/bin/../lib/gcc/arm-none-eabi/10.3.1/thumb/v7e-m+fp/hard/crti.o
 .ARM.attributes
                0x0000001e       0x34 c:/st/tools/gcc-arm-none-eabi-10.3-2021.10/bin/../lib/gcc/arm-none-eabi/10.3.1/thumb/v7e-m+fp/hard/crtbegin.o
 .ARM.attributes
                0x00000052       0x34 Debug/main.o
 .ARM.attributes
                0x00000086       0x34 Debug/stm32f4xx_hal_msp.o
 .ARM.attributes
                0x000000ba       0x34 Debug/stm32f4xx_it.o
 .ARM.attributes
                0x000000ee       0x34 Debug/sysmem.o
 .ARM.attributes
                0x00000122       0x34 Debug/system_stm32f4xx.o
 .ARM.attributes
                0x00000156       0x34 Debug/stm32f4xx_hal.o
 .ARM.attributes
                0x0000018a       0x34 Debug/stm32f4xx_hal_cortex.o
 .ARM.attributes
                0x000001be       0x34 Debug/stm32f4xx_hal_gpio.o
 .ARM.attributes
                0x000001f2       0x34 Debug/stm32f4xx_hal_rcc.o
 .ARM.attributes
                0x00000226       0x34 Debug/stm32f4xx_hal_uart.o
 .ARM.attributes
                0x0000025a       0x21 Debug/startup_stm32f411ceux.o
 .ARM.attributes
                0x0000027b       0x34 c:/st/tools/gcc-arm-none-eabi-10.3-2021.10/bin/../lib/gcc/arm-none-eabi/10.3.1/../../../../arm-none-eabi/lib/thumb/v7e-m+fp/hard\libc_nano.a(lib_a-errno.o)
 .ARM.attributes
                0x000002af       0x34 c:/st/tools/gcc-arm-none-eabi-10.3-2021.10/bin/../lib/gcc/arm-none-eabi/10.3.1/../../../../arm-none-eabi/lib/thumb/v7e-m+fp/hard\libc_nano.a(lib_a-impure.o)
 .ARM.attributes
                0x000002e3       0x34 c:/st/tools/gcc-arm-none-eabi-10.3-2021.10/bin/../lib/gcc/arm-none-eabi/10.3.1/../../../../arm-none-eabi/lib/thumb/v7e-m+fp/hard\libc_nano.a(lib_a-init.o)
 .ARM.attributes
                0x00000317       0x34 c:/st/tools/gcc-arm-none-eabi-10.3-2021.10/bin/../lib/gcc/arm-none-eabi/10.3.1/../../../../arm-none-eabi/lib/thumb/v7e-m+fp/hard\libc_nano.a(lib_a-memset.o)
 .ARM.attributes
                0x0000034b       0x34 c:/st/tools/gcc-arm-none-eabi-10.3-2021.10/bin/../lib/gcc/arm-none-eabi/10.3.1/../../../../arm-none-eabi/lib/thumb/v7e-m+fp/hard\libc_nano.a(lib_a-sprintf.o)
 .ARM.attributes
                0x0000037f       0x34 c:/st/tools/gcc-arm-none-eabi-10.3-2021.10/bin/../lib/gcc/arm-none-eabi/10.3.1/../../../../arm-none-eabi/lib/thumb/v7e-m+fp/hard\libc_nano.a(lib_a-nano-svfprintf.o)
 .ARM.attributes
                0x000003b3       0x34 c:/st/tools/gcc-arm-none-eabi-10.3-2021.10/bin/../lib/gcc/arm-none-eabi/10.3.1/../../../../arm-none-eabi/lib/thumb/v7e-m+fp/hard\libc_nano.a(lib_a-nano-vfprintf_i.o)
 .ARM.attributes
                0x000003e7       0x1c c:/st/tools/gcc-arm-none-eabi-10.3-2021.10/bin/../lib/gcc/arm-none-eabi/10.3.1/../../../../arm-none-eabi/lib/thumb/v7e-m+fp/hard\libc_nano.a(lib_a-memchr.o)
 .ARM.attributes
                0x00000403       0x34 c:/st/tools/gcc-arm-none-eabi-10.3-2021.10/bin/../lib/gcc/arm-none-eabi/10.3.1/../../../../arm-none-eabi/lib/thumb/v7e-m+fp/hard\libc_nano.a(lib_a-memcpy-stub.o)
 .ARM.attributes
                0x00000437       0x34 c:/st/tools/gcc-arm-none-eabi-10.3-2021.10/bin/../lib/gcc/arm-none-eabi/10.3.1/../../../../arm-none-eabi/lib/thumb/v7e-m+fp/hard\libc_nano.a(lib_a-memmove.o)
 .ARM.attributes
                0x0000046b       0x34 c:/st/tools/gcc-arm-none-eabi-10.3-2021.10/bin/../lib/gcc/arm-none-eabi/10.3.1/../../../../arm-none-eabi/lib/thumb/v7e-m+fp/hard\libc_nano.a(lib_a-nano-freer.o)
 .ARM.attributes
                0x0000049f       0x34 c:/st/tools/gcc-arm-none-eabi-10.3-2021.10/bin/../lib/gcc/arm-none-eabi/10.3.1/../../../../arm-none-eabi/lib/thumb/v7e-m+fp/hard\libc_nano.a(lib_a-nano-mallocr.o)
 .ARM.attributes
                0x000004d3       0x34 c:/st/tools/gcc-arm-none-eabi-10.3-2021.10/bin/../lib/gcc/arm-none-eabi/10.3.1/../../../../arm-none-eabi/lib/thumb/v7e-m+fp/hard\libc_nano.a(lib_a-nano-reallocr.o)
 .ARM.attributes
                0x00000507       0x34 c:/st/tools/gcc-arm-none-eabi-10.3-2021.10/bin/../lib/gcc/arm-none-eabi/10.3.1/../../../../arm-none-eabi/lib/thumb/v7e-m+fp/hard\libc_nano.a(lib_a-sbrkr.o)
 .ARM.attributes
                0x0000053b       0x34 c:/st/tools/gcc-arm-none-eabi-10.3-2021.10/bin/../lib/gcc/arm-none-eabi/10.3.1/../../../../arm-none-eabi/lib/thumb/v7e-m+fp/hard\libc_nano.a(lib_a-mlock.o)
 .ARM.attributes
                0x0000056f       0x34 c:/st/tools/gcc-arm-none-eabi-10.3-2021.10/bin/../lib/gcc/arm-none-eabi/10.3.1/../../../../arm-none-eabi/lib/thumb/v7e-m+fp/hard\libc_nano.a(lib_a-nano-msizer.o)
 .ARM.attributes
                0x000005a3       0x34 c:/st/tools/gcc-arm-none-eabi-10.3-2021.10/bin/../lib/gcc/arm-none-eabi/10.3.1/../../../../arm-none-eabi/lib/thumb/v7e-m+fp/hard\libc_nano.a(lib_a-reent.o)
 .ARM.attributes
                0x000005d7       0x34 c:/st/tools/gcc-arm-none-eabi-10.3-2021.10/bin/../lib/gcc/arm-none-eabi/10.3.1/../../../../arm-none-eabi/lib/thumb/v7e-m+fp/hard\libc_nano.a(lib_a-lock.o)
 .ARM.attributes
                0x0000060b       0x1e c:/st/tools/gcc-arm-none-eabi-10.3-2021.10/bin/../lib/gcc/arm-none-eabi/10.3.1/thumb/v7e-m+fp/hard\libgcc.a(_aeabi_uldivmod.o)
 .ARM.attributes
                0x00000629       0x34 c:/st/tools/gcc-arm-none-eabi-10.3-2021.10/bin/../lib/gcc/arm-none-eabi/10.3.1/thumb/v7e-m+fp/hard\libgcc.a(_udivmoddi4.o)
 .ARM.attributes
                0x0000065d       0x1e c:/st/tools/gcc-arm-none-eabi-10.3-2021.10/bin/../lib/gcc/arm-none-eabi/10.3.1/thumb/v7e-m+fp/hard\libgcc.a(_dvmd_tls.o)
 .ARM.attributes
                0x0000067b       0x1e c:/st/tools/gcc-arm-none-eabi-10.3-2021.10/bin/../lib/gcc/arm-none-eabi/10.3.1/thumb/v7e-m+fp/hard/crtn.o
OUTPUT(Debug/Example_STM32F411CEU6_VSCode.elf elf32-littlearm)
LOAD linker stubs
LOAD c:/st/tools/gcc-arm-none-eabi-10.3-2021.10/bin/../lib/gcc/arm-none-eabi/10.3.1/../../../../arm-none-eabi/lib/thumb/v7e-m+fp/hard\libc.a
LOAD c:/st/tools/gcc-arm-none-eabi-10.3-2021.10/bin/../lib/gcc/arm-none-eabi/10.3.1/../../../../arm-none-eabi/lib/thumb/v7e-m+fp/hard\libm.a
LOAD c:/st/tools/gcc-arm-none-eabi-10.3-2021.10/bin/../lib/gcc/arm-none-eabi/10.3.1/thumb/v7e-m+fp/hard\libgcc.a

.debug_info     0x00000000     0x74e9
 .debug_info    0x00000000      0xb97 Debug/main.o
 .debug_info    0x00000b97      0x94a Debug/stm32f4xx_hal_msp.o
 .debug_info    0x000014e1      0x119 Debug/stm32f4xx_it.o
 .debug_info    0x000015fa      0x15f Debug/sysmem.o
 .debug_info    0x00001759      0x54f Debug/system_stm32f4xx.o
 .debug_info    0x00001ca8      0x8bb Debug/stm32f4xx_hal.o
 .debug_info    0x00002563      0xd8b Debug/stm32f4xx_hal_cortex.o
 .debug_info    0x000032ee      0x78e Debug/stm32f4xx_hal_gpio.o
 .debug_info    0x00003a7c      0x949 Debug/stm32f4xx_hal_rcc.o
 .debug_info    0x000043c5     0x3102 Debug/stm32f4xx_hal_uart.o
 .debug_info    0x000074c7       0x22 Debug/startup_stm32f411ceux.o

.debug_abbrev   0x00000000     0x11a5
 .debug_abbrev  0x00000000      0x1f3 Debug/main.o
 .debug_abbrev  0x000001f3      0x17f Debug/stm32f4xx_hal_msp.o
 .debug_abbrev  0x00000372       0x61 Debug/stm32f4xx_it.o
 .debug_abbrev  0x000003d3       0xa6 Debug/sysmem.o
 .debug_abbrev  0x00000479      0x116 Debug/system_stm32f4xx.o
 .debug_abbrev  0x0000058f      0x20b Debug/stm32f4xx_hal.o
 .debug_abbrev  0x0000079a      0x316 Debug/stm32f4xx_hal_cortex.o
 .debug_abbrev  0x00000ab0      0x1c4 Debug/stm32f4xx_hal_gpio.o
 .debug_abbrev  0x00000c74      0x262 Debug/stm32f4xx_hal_rcc.o
 .debug_abbrev  0x00000ed6      0x2bd Debug/stm32f4xx_hal_uart.o
 .debug_abbrev  0x00001193       0x12 Debug/startup_stm32f411ceux.o

.debug_aranges  0x00000000      0x628
 .debug_aranges
                0x00000000       0x40 Debug/main.o
 .debug_aranges
                0x00000040       0x30 Debug/stm32f4xx_hal_msp.o
 .debug_aranges
                0x00000070       0x60 Debug/stm32f4xx_it.o
 .debug_aranges
                0x000000d0       0x20 Debug/sysmem.o
 .debug_aranges
                0x000000f0       0x28 Debug/system_stm32f4xx.o
 .debug_aranges
                0x00000118       0xf0 Debug/stm32f4xx_hal.o
 .debug_aranges
                0x00000208      0x118 Debug/stm32f4xx_hal_cortex.o
 .debug_aranges
                0x00000320       0x58 Debug/stm32f4xx_hal_gpio.o
 .debug_aranges
                0x00000378       0x88 Debug/stm32f4xx_hal_rcc.o
 .debug_aranges
                0x00000400      0x200 Debug/stm32f4xx_hal_uart.o
 .debug_aranges
                0x00000600       0x28 Debug/startup_stm32f411ceux.o

.debug_ranges   0x00000000      0x5b0
 .debug_ranges  0x00000000       0x30 Debug/main.o
 .debug_ranges  0x00000030       0x20 Debug/stm32f4xx_hal_msp.o
 .debug_ranges  0x00000050       0x50 Debug/stm32f4xx_it.o
 .debug_ranges  0x000000a0       0x10 Debug/sysmem.o
 .debug_ranges  0x000000b0       0x18 Debug/system_stm32f4xx.o
 .debug_ranges  0x000000c8       0xe0 Debug/stm32f4xx_hal.o
 .debug_ranges  0x000001a8      0x108 Debug/stm32f4xx_hal_cortex.o
 .debug_ranges  0x000002b0       0x48 Debug/stm32f4xx_hal_gpio.o
 .debug_ranges  0x000002f8       0x78 Debug/stm32f4xx_hal_rcc.o
 .debug_ranges  0x00000370      0x220 Debug/stm32f4xx_hal_uart.o
 .debug_ranges  0x00000590       0x20 Debug/startup_stm32f411ceux.o

.debug_macro    0x00000000    0x15710
 .debug_macro   0x00000000      0x34e Debug/main.o
 .debug_macro   0x0000034e      0xa78 Debug/main.o
 .debug_macro   0x00000dc6      0x295 Debug/main.o
 .debug_macro   0x0000105b       0x2e Debug/main.o
 .debug_macro   0x00001089       0x28 Debug/main.o
 .debug_macro   0x000010b1       0x22 Debug/main.o
 .debug_macro   0x000010d3       0x8e Debug/main.o
 .debug_macro   0x00001161       0x51 Debug/main.o
 .debug_macro   0x000011b2      0x103 Debug/main.o
 .debug_macro   0x000012b5       0x6a Debug/main.o
 .debug_macro   0x0000131f      0x1df Debug/main.o
 .debug_macro   0x000014fe       0x1c Debug/main.o
 .debug_macro   0x0000151a       0x22 Debug/main.o
 .debug_macro   0x0000153c       0xd9 Debug/main.o
 .debug_macro   0x00001615     0x102d Debug/main.o
 .debug_macro   0x00002642      0x11f Debug/main.o
 .debug_macro   0x00002761     0xb953 Debug/main.o
 .debug_macro   0x0000e0b4       0x6d Debug/main.o
 .debug_macro   0x0000e121     0x3666 Debug/main.o
 .debug_macro   0x00011787      0x174 Debug/main.o
 .debug_macro   0x000118fb       0x5c Debug/main.o
 .debug_macro   0x00011957      0x447 Debug/main.o
 .debug_macro   0x00011d9e      0x9fe Debug/main.o
 .debug_macro   0x0001279c      0x116 Debug/main.o
 .debug_macro   0x000128b2      0x11b Debug/main.o
 .debug_macro   0x000129cd       0xa5 Debug/main.o
 .debug_macro   0x00012a72      0x15f Debug/main.o
 .debug_macro   0x00012bd1      0x287 Debug/main.o
 .debug_macro   0x00012e58       0x5f Debug/main.o
 .debug_macro   0x00012eb7      0x236 Debug/main.o
 .debug_macro   0x000130ed      0x132 Debug/main.o
 .debug_macro   0x0001321f      0x264 Debug/main.o
 .debug_macro   0x00013483       0x2e Debug/main.o
 .debug_macro   0x000134b1      0x11a Debug/main.o
 .debug_macro   0x000135cb       0x85 Debug/main.o
 .debug_macro   0x00013650       0x89 Debug/main.o
 .debug_macro   0x000136d9      0x295 Debug/main.o
 .debug_macro   0x0001396e      0x126 Debug/main.o
 .debug_macro   0x00013a94       0x52 Debug/main.o
 .debug_macro   0x00013ae6       0x1e Debug/main.o
 .debug_macro   0x00013b04       0x3c Debug/main.o
 .debug_macro   0x00013b40       0x34 Debug/main.o
 .debug_macro   0x00013b74       0x16 Debug/main.o
 .debug_macro   0x00013b8a       0x35 Debug/main.o
 .debug_macro   0x00013bbf      0x341 Debug/main.o
 .debug_macro   0x00013f00       0x10 Debug/main.o
 .debug_macro   0x00013f10       0x16 Debug/main.o
 .debug_macro   0x00013f26       0x43 Debug/main.o
 .debug_macro   0x00013f69       0x34 Debug/main.o
 .debug_macro   0x00013f9d       0x10 Debug/main.o
 .debug_macro   0x00013fad       0x58 Debug/main.o
 .debug_macro   0x00014005       0x71 Debug/main.o
 .debug_macro   0x00014076       0x1c Debug/main.o
 .debug_macro   0x00014092      0x12a Debug/main.o
 .debug_macro   0x000141bc       0x10 Debug/main.o
 .debug_macro   0x000141cc       0x1c Debug/main.o
 .debug_macro   0x000141e8       0x52 Debug/main.o
 .debug_macro   0x0001423a       0x22 Debug/main.o
 .debug_macro   0x0001425c       0x10 Debug/main.o
 .debug_macro   0x0001426c       0x52 Debug/main.o
 .debug_macro   0x000142be       0xd5 Debug/main.o
 .debug_macro   0x00014393       0x1c Debug/main.o
 .debug_macro   0x000143af       0x3d Debug/main.o
 .debug_macro   0x000143ec       0x16 Debug/main.o
 .debug_macro   0x00014402      0x145 Debug/main.o
 .debug_macro   0x00014547       0x16 Debug/main.o
 .debug_macro   0x0001455d      0x1c4 Debug/stm32f4xx_hal_msp.o
 .debug_macro   0x00014721      0x1ce Debug/stm32f4xx_it.o
 .debug_macro   0x000148ef       0xff Debug/sysmem.o
 .debug_macro   0x000149ee      0x23b Debug/sysmem.o
 .debug_macro   0x00014c29      0x1ba Debug/system_stm32f4xx.o
 .debug_macro   0x00014de3      0x21a Debug/stm32f4xx_hal.o
 .debug_macro   0x00014ffd      0x1ba Debug/stm32f4xx_hal_cortex.o
 .debug_macro   0x000151b7      0x1c0 Debug/stm32f4xx_hal_gpio.o
 .debug_macro   0x00015377      0x1de Debug/stm32f4xx_hal_rcc.o
 .debug_macro   0x00015555      0x1bb Debug/stm32f4xx_hal_uart.o

.debug_line     0x00000000     0x6944
 .debug_line    0x00000000      0x787 Debug/main.o
 .debug_line    0x00000787      0x51a Debug/stm32f4xx_hal_msp.o
 .debug_line    0x00000ca1      0x592 Debug/stm32f4xx_it.o
 .debug_line    0x00001233      0x2d0 Debug/sysmem.o
 .debug_line    0x00001503      0x54e Debug/system_stm32f4xx.o
 .debug_line    0x00001a51      0x7b4 Debug/stm32f4xx_hal.o
 .debug_line    0x00002205      0xa63 Debug/stm32f4xx_hal_cortex.o
 .debug_line    0x00002c68      0x8ee Debug/stm32f4xx_hal_gpio.o
 .debug_line    0x00003556      0xb2e Debug/stm32f4xx_hal_rcc.o
 .debug_line    0x00004084     0x283b Debug/stm32f4xx_hal_uart.o
 .debug_line    0x000068bf       0x85 Debug/startup_stm32f411ceux.o

.debug_str      0x00000000    0x8580b
 .debug_str     0x00000000    0x83a22 Debug/main.o
                              0x83cf8 (size before relaxing)
 .debug_str     0x00083a22       0x53 Debug/stm32f4xx_hal_msp.o
                              0x7fdee (size before relaxing)
 .debug_str     0x00083a75       0xba Debug/stm32f4xx_it.o
                              0x7f87d (size before relaxing)
 .debug_str     0x00083b2f      0x4cf Debug/sysmem.o
                               0x5dbf (size before relaxing)
 .debug_str     0x00083ffe       0xd8 Debug/system_stm32f4xx.o
                              0x7f9c5 (size before relaxing)
 .debug_str     0x000840d6      0x997 Debug/stm32f4xx_hal.o
                              0x803a2 (size before relaxing)
 .debug_str     0x00084a6d      0x3a0 Debug/stm32f4xx_hal_cortex.o
                              0x80112 (size before relaxing)
 .debug_str     0x00084e0d      0x15c Debug/stm32f4xx_hal_gpio.o
                              0x7fb40 (size before relaxing)
 .debug_str     0x00084f69      0x256 Debug/stm32f4xx_hal_rcc.o
                              0x7fdd2 (size before relaxing)
 .debug_str     0x000851bf      0x619 Debug/stm32f4xx_hal_uart.o
                              0x8030f (size before relaxing)
 .debug_str     0x000857d8       0x33 Debug/startup_stm32f411ceux.o
                                 0x89 (size before relaxing)

.comment        0x00000000       0x49
 .comment       0x00000000       0x49 Debug/main.o
                                 0x4a (size before relaxing)
 .comment       0x00000049       0x4a Debug/stm32f4xx_hal_msp.o
 .comment       0x00000049       0x4a Debug/stm32f4xx_it.o
 .comment       0x00000049       0x4a Debug/sysmem.o
 .comment       0x00000049       0x4a Debug/system_stm32f4xx.o
 .comment       0x00000049       0x4a Debug/stm32f4xx_hal.o
 .comment       0x00000049       0x4a Debug/stm32f4xx_hal_cortex.o
 .comment       0x00000049       0x4a Debug/stm32f4xx_hal_gpio.o
 .comment       0x00000049       0x4a Debug/stm32f4xx_hal_rcc.o
 .comment       0x00000049       0x4a Debug/stm32f4xx_hal_uart.o

.debug_frame    0x00000000     0x1bf4
 .debug_frame   0x00000000       0xa8 Debug/main.o
 .debug_frame   0x000000a8       0x80 Debug/stm32f4xx_hal_msp.o
 .debug_frame   0x00000128      0x108 Debug/stm32f4xx_it.o
 .debug_frame   0x00000230       0x34 Debug/sysmem.o
 .debug_frame   0x00000264       0x58 Debug/system_stm32f4xx.o
 .debug_frame   0x000002bc      0x374 Debug/stm32f4xx_hal.o
 .debug_frame   0x00000630      0x498 Debug/stm32f4xx_hal_cortex.o
 .debug_frame   0x00000ac8      0x14c Debug/stm32f4xx_hal_gpio.o
 .debug_frame   0x00000c14      0x1f4 Debug/stm32f4xx_hal_rcc.o
 .debug_frame   0x00000e08      0x92c Debug/stm32f4xx_hal_uart.o
 .debug_frame   0x00001734       0x20 c:/st/tools/gcc-arm-none-eabi-10.3-2021.10/bin/../lib/gcc/arm-none-eabi/10.3.1/../../../../arm-none-eabi/lib/thumb/v7e-m+fp/hard\libc_nano.a(lib_a-errno.o)
 .debug_frame   0x00001754       0x2c c:/st/tools/gcc-arm-none-eabi-10.3-2021.10/bin/../lib/gcc/arm-none-eabi/10.3.1/../../../../arm-none-eabi/lib/thumb/v7e-m+fp/hard\libc_nano.a(lib_a-init.o)
 .debug_frame   0x00001780       0x20 c:/st/tools/gcc-arm-none-eabi-10.3-2021.10/bin/../lib/gcc/arm-none-eabi/10.3.1/../../../../arm-none-eabi/lib/thumb/v7e-m+fp/hard\libc_nano.a(lib_a-memset.o)
 .debug_frame   0x000017a0       0x6c c:/st/tools/gcc-arm-none-eabi-10.3-2021.10/bin/../lib/gcc/arm-none-eabi/10.3.1/../../../../arm-none-eabi/lib/thumb/v7e-m+fp/hard\libc_nano.a(lib_a-sprintf.o)
 .debug_frame   0x0000180c       0x90 c:/st/tools/gcc-arm-none-eabi-10.3-2021.10/bin/../lib/gcc/arm-none-eabi/10.3.1/../../../../arm-none-eabi/lib/thumb/v7e-m+fp/hard\libc_nano.a(lib_a-nano-svfprintf.o)
 .debug_frame   0x0000189c       0x60 c:/st/tools/gcc-arm-none-eabi-10.3-2021.10/bin/../lib/gcc/arm-none-eabi/10.3.1/../../../../arm-none-eabi/lib/thumb/v7e-m+fp/hard\libc_nano.a(lib_a-nano-vfprintf_i.o)
 .debug_frame   0x000018fc       0x28 c:/st/tools/gcc-arm-none-eabi-10.3-2021.10/bin/../lib/gcc/arm-none-eabi/10.3.1/../../../../arm-none-eabi/lib/thumb/v7e-m+fp/hard\libc_nano.a(lib_a-memcpy-stub.o)
 .debug_frame   0x00001924       0x28 c:/st/tools/gcc-arm-none-eabi-10.3-2021.10/bin/../lib/gcc/arm-none-eabi/10.3.1/../../../../arm-none-eabi/lib/thumb/v7e-m+fp/hard\libc_nano.a(lib_a-memmove.o)
 .debug_frame   0x0000194c       0x38 c:/st/tools/gcc-arm-none-eabi-10.3-2021.10/bin/../lib/gcc/arm-none-eabi/10.3.1/../../../../arm-none-eabi/lib/thumb/v7e-m+fp/hard\libc_nano.a(lib_a-nano-freer.o)
 .debug_frame   0x00001984       0x4c c:/st/tools/gcc-arm-none-eabi-10.3-2021.10/bin/../lib/gcc/arm-none-eabi/10.3.1/../../../../arm-none-eabi/lib/thumb/v7e-m+fp/hard\libc_nano.a(lib_a-nano-mallocr.o)
 .debug_frame   0x000019d0       0x3c c:/st/tools/gcc-arm-none-eabi-10.3-2021.10/bin/../lib/gcc/arm-none-eabi/10.3.1/../../../../arm-none-eabi/lib/thumb/v7e-m+fp/hard\libc_nano.a(lib_a-nano-reallocr.o)
 .debug_frame   0x00001a0c       0x2c c:/st/tools/gcc-arm-none-eabi-10.3-2021.10/bin/../lib/gcc/arm-none-eabi/10.3.1/../../../../arm-none-eabi/lib/thumb/v7e-m+fp/hard\libc_nano.a(lib_a-sbrkr.o)
 .debug_frame   0x00001a38       0x30 c:/st/tools/gcc-arm-none-eabi-10.3-2021.10/bin/../lib/gcc/arm-none-eabi/10.3.1/../../../../arm-none-eabi/lib/thumb/v7e-m+fp/hard\libc_nano.a(lib_a-mlock.o)
 .debug_frame   0x00001a68       0x20 c:/st/tools/gcc-arm-none-eabi-10.3-2021.10/bin/../lib/gcc/arm-none-eabi/10.3.1/../../../../arm-none-eabi/lib/thumb/v7e-m+fp/hard\libc_nano.a(lib_a-nano-msizer.o)
 .debug_frame   0x00001a88       0x5c c:/st/tools/gcc-arm-none-eabi-10.3-2021.10/bin/../lib/gcc/arm-none-eabi/10.3.1/../../../../arm-none-eabi/lib/thumb/v7e-m+fp/hard\libc_nano.a(lib_a-reent.o)
 .debug_frame   0x00001ae4       0xb0 c:/st/tools/gcc-arm-none-eabi-10.3-2021.10/bin/../lib/gcc/arm-none-eabi/10.3.1/../../../../arm-none-eabi/lib/thumb/v7e-m+fp/hard\libc_nano.a(lib_a-lock.o)
 .debug_frame   0x00001b94       0x2c c:/st/tools/gcc-arm-none-eabi-10.3-2021.10/bin/../lib/gcc/arm-none-eabi/10.3.1/thumb/v7e-m+fp/hard\libgcc.a(_aeabi_uldivmod.o)
 .debug_frame   0x00001bc0       0x34 c:/st/tools/gcc-arm-none-eabi-10.3-2021.10/bin/../lib/gcc/arm-none-eabi/10.3.1/thumb/v7e-m+fp/hard\libgcc.a(_udivmoddi4.o)

Cross Reference Table

Symbol                                            File
ADC_IRQHandler                                    Debug/startup_stm32f411ceux.o
AHBPrescTable                                     Debug/system_stm32f4xx.o
                                                  Debug/stm32f4xx_hal_rcc.o
APBPrescTable                                     Debug/system_stm32f4xx.o
                                                  Debug/stm32f4xx_hal_rcc.o
BusFault_Handler                                  Debug/stm32f4xx_it.o
Counter                                           Debug/main.o
DMA1_Stream0_IRQHandler                           Debug/startup_stm32f411ceux.o
DMA1_Stream1_IRQHandler                           Debug/startup_stm32f411ceux.o
DMA1_Stream2_IRQHandler                           Debug/startup_stm32f411ceux.o
DMA1_Stream3_IRQHandler                           Debug/startup_stm32f411ceux.o
DMA1_Stream4_IRQHandler                           Debug/startup_stm32f411ceux.o
DMA1_Stream5_IRQHandler                           Debug/startup_stm32f411ceux.o
DMA1_Stream6_IRQHandler                           Debug/startup_stm32f411ceux.o
DMA1_Stream7_IRQHandler                           Debug/startup_stm32f411ceux.o
DMA2_Stream0_IRQHandler                           Debug/startup_stm32f411ceux.o
DMA2_Stream1_IRQHandler                           Debug/startup_stm32f411ceux.o
DMA2_Stream2_IRQHandler                           Debug/startup_stm32f411ceux.o
DMA2_Stream3_IRQHandler                           Debug/startup_stm32f411ceux.o
DMA2_Stream4_IRQHandler                           Debug/startup_stm32f411ceux.o
DMA2_Stream5_IRQHandler                           Debug/startup_stm32f411ceux.o
DMA2_Stream6_IRQHandler                           Debug/startup_stm32f411ceux.o
DMA2_Stream7_IRQHandler                           Debug/startup_stm32f411ceux.o
DebugMon_Handler                                  Debug/stm32f4xx_it.o
Default_Handler                                   Debug/startup_stm32f411ceux.o
EXTI0_IRQHandler                                  Debug/startup_stm32f411ceux.o
EXTI15_10_IRQHandler                              Debug/startup_stm32f411ceux.o
EXTI1_IRQHandler                                  Debug/startup_stm32f411ceux.o
EXTI2_IRQHandler                                  Debug/startup_stm32f411ceux.o
EXTI3_IRQHandler                                  Debug/startup_stm32f411ceux.o
EXTI4_IRQHandler                                  Debug/startup_stm32f411ceux.o
EXTI9_5_IRQHandler                                Debug/startup_stm32f411ceux.o
Error_Handler                                     Debug/main.o
FLASH_Erase_Sector                                Debug/stm32f4xx_hal_flash_ex.o
                                                  Debug/stm32f4xx_hal_flash.o
FLASH_FlushCaches                                 Debug/stm32f4xx_hal_flash_ex.o
                                                  Debug/stm32f4xx_hal_flash.o
FLASH_IRQHandler                                  Debug/startup_stm32f411ceux.o
FLASH_WaitForLastOperation                        Debug/stm32f4xx_hal_flash.o
                                                  Debug/stm32f4xx_hal_flash_ex.o
FPU_IRQHandler                                    Debug/startup_stm32f411ceux.o
HAL_DBGMCU_DisableDBGSleepMode                    Debug/stm32f4xx_hal.o
HAL_DBGMCU_DisableDBGStandbyMode                  Debug/stm32f4xx_hal.o
HAL_DBGMCU_DisableDBGStopMode                     Debug/stm32f4xx_hal.o
HAL_DBGMCU_EnableDBGSleepMode                     Debug/stm32f4xx_hal.o
HAL_DBGMCU_EnableDBGStandbyMode                   Debug/stm32f4xx_hal.o
HAL_DBGMCU_EnableDBGStopMode                      Debug/stm32f4xx_hal.o
HAL_DMAEx_ChangeMemory                            Debug/stm32f4xx_hal_dma_ex.o
HAL_DMAEx_MultiBufferStart                        Debug/stm32f4xx_hal_dma_ex.o
HAL_DMAEx_MultiBufferStart_IT                     Debug/stm32f4xx_hal_dma_ex.o
HAL_DMA_Abort                                     Debug/stm32f4xx_hal_dma.o
                                                  Debug/stm32f4xx_hal_uart.o
HAL_DMA_Abort_IT                                  Debug/stm32f4xx_hal_dma.o
                                                  Debug/stm32f4xx_hal_uart.o
HAL_DMA_DeInit                                    Debug/stm32f4xx_hal_dma.o
HAL_DMA_GetError                                  Debug/stm32f4xx_hal_dma.o
                                                  Debug/stm32f4xx_hal_uart.o
HAL_DMA_GetState                                  Debug/stm32f4xx_hal_dma.o
HAL_DMA_IRQHandler                                Debug/stm32f4xx_hal_dma.o
HAL_DMA_Init                                      Debug/stm32f4xx_hal_dma.o
HAL_DMA_PollForTransfer                           Debug/stm32f4xx_hal_dma.o
HAL_DMA_RegisterCallback                          Debug/stm32f4xx_hal_dma.o
HAL_DMA_Start                                     Debug/stm32f4xx_hal_dma.o
HAL_DMA_Start_IT                                  Debug/stm32f4xx_hal_dma.o
                                                  Debug/stm32f4xx_hal_uart.o
HAL_DMA_UnRegisterCallback                        Debug/stm32f4xx_hal_dma.o
HAL_DeInit                                        Debug/stm32f4xx_hal.o
HAL_Delay                                         Debug/stm32f4xx_hal.o
                                                  Debug/main.o
HAL_DisableCompensationCell                       Debug/stm32f4xx_hal.o
HAL_EXTI_ClearConfigLine                          Debug/stm32f4xx_hal_exti.o
HAL_EXTI_ClearPending                             Debug/stm32f4xx_hal_exti.o
HAL_EXTI_GenerateSWI                              Debug/stm32f4xx_hal_exti.o
HAL_EXTI_GetConfigLine                            Debug/stm32f4xx_hal_exti.o
HAL_EXTI_GetHandle                                Debug/stm32f4xx_hal_exti.o
HAL_EXTI_GetPending                               Debug/stm32f4xx_hal_exti.o
HAL_EXTI_IRQHandler                               Debug/stm32f4xx_hal_exti.o
HAL_EXTI_RegisterCallback                         Debug/stm32f4xx_hal_exti.o
HAL_EXTI_SetConfigLine                            Debug/stm32f4xx_hal_exti.o
HAL_EnableCompensationCell                        Debug/stm32f4xx_hal.o
HAL_FLASHEx_AdvOBGetConfig                        Debug/stm32f4xx_hal_flash_ex.o
HAL_FLASHEx_AdvOBProgram                          Debug/stm32f4xx_hal_flash_ex.o
HAL_FLASHEx_DisableFlashSleepMode                 Debug/stm32f4xx_hal_flash_ramfunc.o
HAL_FLASHEx_EnableFlashSleepMode                  Debug/stm32f4xx_hal_flash_ramfunc.o
HAL_FLASHEx_Erase                                 Debug/stm32f4xx_hal_flash_ex.o
HAL_FLASHEx_Erase_IT                              Debug/stm32f4xx_hal_flash_ex.o
HAL_FLASHEx_OBGetConfig                           Debug/stm32f4xx_hal_flash_ex.o
HAL_FLASHEx_OBProgram                             Debug/stm32f4xx_hal_flash_ex.o
HAL_FLASHEx_OB_DeSelectPCROP                      Debug/stm32f4xx_hal_flash_ex.o
HAL_FLASHEx_OB_SelectPCROP                        Debug/stm32f4xx_hal_flash_ex.o
HAL_FLASHEx_StartFlashInterfaceClk                Debug/stm32f4xx_hal_flash_ramfunc.o
HAL_FLASHEx_StopFlashInterfaceClk                 Debug/stm32f4xx_hal_flash_ramfunc.o
HAL_FLASH_EndOfOperationCallback                  Debug/stm32f4xx_hal_flash.o
HAL_FLASH_GetError                                Debug/stm32f4xx_hal_flash.o
HAL_FLASH_IRQHandler                              Debug/stm32f4xx_hal_flash.o
HAL_FLASH_Lock                                    Debug/stm32f4xx_hal_flash.o
HAL_FLASH_OB_Launch                               Debug/stm32f4xx_hal_flash.o
HAL_FLASH_OB_Lock                                 Debug/stm32f4xx_hal_flash.o
HAL_FLASH_OB_Unlock                               Debug/stm32f4xx_hal_flash.o
HAL_FLASH_OperationErrorCallback                  Debug/stm32f4xx_hal_flash.o
HAL_FLASH_Program                                 Debug/stm32f4xx_hal_flash.o
HAL_FLASH_Program_IT                              Debug/stm32f4xx_hal_flash.o
HAL_FLASH_Unlock                                  Debug/stm32f4xx_hal_flash.o
HAL_GPIO_DeInit                                   Debug/stm32f4xx_hal_gpio.o
                                                  Debug/stm32f4xx_hal_msp.o
HAL_GPIO_EXTI_Callback                            Debug/stm32f4xx_hal_gpio.o
HAL_GPIO_EXTI_IRQHandler                          Debug/stm32f4xx_hal_gpio.o
HAL_GPIO_Init                                     Debug/stm32f4xx_hal_gpio.o
                                                  Debug/stm32f4xx_hal_rcc.o
                                                  Debug/stm32f4xx_hal_msp.o
                                                  Debug/main.o
HAL_GPIO_LockPin                                  Debug/stm32f4xx_hal_gpio.o
HAL_GPIO_ReadPin                                  Debug/stm32f4xx_hal_gpio.o
HAL_GPIO_TogglePin                                Debug/stm32f4xx_hal_gpio.o
HAL_GPIO_WritePin                                 Debug/stm32f4xx_hal_gpio.o
                                                  Debug/main.o
HAL_GetDEVID                                      Debug/stm32f4xx_hal.o
HAL_GetHalVersion                                 Debug/stm32f4xx_hal.o
HAL_GetREVID                                      Debug/stm32f4xx_hal.o
HAL_GetTick                                       Debug/stm32f4xx_hal.o
                                                  Debug/stm32f4xx_hal_uart.o
                                                  Debug/stm32f4xx_hal_rcc_ex.o
                                                  Debug/stm32f4xx_hal_rcc.o
                                                  Debug/stm32f4xx_hal_pwr_ex.o
                                                  Debug/stm32f4xx_hal_flash.o
                                                  Debug/stm32f4xx_hal_dma.o
HAL_GetTickFreq                                   Debug/stm32f4xx_hal.o
HAL_GetTickPrio                                   Debug/stm32f4xx_hal.o
HAL_GetUIDw0                                      Debug/stm32f4xx_hal.o
HAL_GetUIDw1                                      Debug/stm32f4xx_hal.o
HAL_GetUIDw2                                      Debug/stm32f4xx_hal.o
HAL_HalfDuplex_EnableReceiver                     Debug/stm32f4xx_hal_uart.o
HAL_HalfDuplex_EnableTransmitter                  Debug/stm32f4xx_hal_uart.o
HAL_HalfDuplex_Init                               Debug/stm32f4xx_hal_uart.o
HAL_IncTick                                       Debug/stm32f4xx_hal.o
                                                  Debug/stm32f4xx_it.o
HAL_Init                                          Debug/stm32f4xx_hal.o
                                                  Debug/main.o
HAL_InitTick                                      Debug/stm32f4xx_hal.o
                                                  Debug/stm32f4xx_hal_rcc_ex.o
                                                  Debug/stm32f4xx_hal_rcc.o
HAL_LIN_Init                                      Debug/stm32f4xx_hal_uart.o
HAL_LIN_SendBreak                                 Debug/stm32f4xx_hal_uart.o
HAL_MPU_ConfigRegion                              Debug/stm32f4xx_hal_cortex.o
HAL_MPU_Disable                                   Debug/stm32f4xx_hal_cortex.o
HAL_MPU_Enable                                    Debug/stm32f4xx_hal_cortex.o
HAL_MspDeInit                                     Debug/stm32f4xx_hal.o
HAL_MspInit                                       Debug/stm32f4xx_hal_msp.o
HAL_MultiProcessor_EnterMuteMode                  Debug/stm32f4xx_hal_uart.o
HAL_MultiProcessor_ExitMuteMode                   Debug/stm32f4xx_hal_uart.o
HAL_MultiProcessor_Init                           Debug/stm32f4xx_hal_uart.o
HAL_NVIC_ClearPendingIRQ                          Debug/stm32f4xx_hal_cortex.o
HAL_NVIC_DisableIRQ                               Debug/stm32f4xx_hal_cortex.o
HAL_NVIC_EnableIRQ                                Debug/stm32f4xx_hal_cortex.o
HAL_NVIC_GetActive                                Debug/stm32f4xx_hal_cortex.o
HAL_NVIC_GetPendingIRQ                            Debug/stm32f4xx_hal_cortex.o
HAL_NVIC_GetPriority                              Debug/stm32f4xx_hal_cortex.o
HAL_NVIC_GetPriorityGrouping                      Debug/stm32f4xx_hal_cortex.o
HAL_NVIC_SetPendingIRQ                            Debug/stm32f4xx_hal_cortex.o
HAL_NVIC_SetPriority                              Debug/stm32f4xx_hal_cortex.o
                                                  Debug/stm32f4xx_hal.o
HAL_NVIC_SetPriorityGrouping                      Debug/stm32f4xx_hal_cortex.o
                                                  Debug/stm32f4xx_hal.o
HAL_NVIC_SystemReset                              Debug/stm32f4xx_hal_cortex.o
HAL_PWREx_ControlVoltageScaling                   Debug/stm32f4xx_hal_pwr_ex.o
HAL_PWREx_DisableBkUpReg                          Debug/stm32f4xx_hal_pwr_ex.o
HAL_PWREx_DisableFlashPowerDown                   Debug/stm32f4xx_hal_pwr_ex.o
HAL_PWREx_DisableLowRegulatorLowVoltage           Debug/stm32f4xx_hal_pwr_ex.o
HAL_PWREx_DisableMainRegulatorLowVoltage          Debug/stm32f4xx_hal_pwr_ex.o
HAL_PWREx_EnableBkUpReg                           Debug/stm32f4xx_hal_pwr_ex.o
HAL_PWREx_EnableFlashPowerDown                    Debug/stm32f4xx_hal_pwr_ex.o
HAL_PWREx_EnableLowRegulatorLowVoltage            Debug/stm32f4xx_hal_pwr_ex.o
HAL_PWREx_EnableMainRegulatorLowVoltage           Debug/stm32f4xx_hal_pwr_ex.o
HAL_PWREx_GetVoltageRange                         Debug/stm32f4xx_hal_pwr_ex.o
HAL_PWR_ConfigPVD                                 Debug/stm32f4xx_hal_pwr.o
HAL_PWR_DeInit                                    Debug/stm32f4xx_hal_pwr.o
HAL_PWR_DisableBkUpAccess                         Debug/stm32f4xx_hal_pwr.o
HAL_PWR_DisablePVD                                Debug/stm32f4xx_hal_pwr.o
HAL_PWR_DisableSEVOnPend                          Debug/stm32f4xx_hal_pwr.o
HAL_PWR_DisableSleepOnExit                        Debug/stm32f4xx_hal_pwr.o
HAL_PWR_DisableWakeUpPin                          Debug/stm32f4xx_hal_pwr.o
HAL_PWR_EnableBkUpAccess                          Debug/stm32f4xx_hal_pwr.o
HAL_PWR_EnablePVD                                 Debug/stm32f4xx_hal_pwr.o
HAL_PWR_EnableSEVOnPend                           Debug/stm32f4xx_hal_pwr.o
HAL_PWR_EnableSleepOnExit                         Debug/stm32f4xx_hal_pwr.o
HAL_PWR_EnableWakeUpPin                           Debug/stm32f4xx_hal_pwr.o
HAL_PWR_EnterSLEEPMode                            Debug/stm32f4xx_hal_pwr.o
HAL_PWR_EnterSTANDBYMode                          Debug/stm32f4xx_hal_pwr.o
HAL_PWR_EnterSTOPMode                             Debug/stm32f4xx_hal_pwr.o
HAL_PWR_PVDCallback                               Debug/stm32f4xx_hal_pwr.o
HAL_PWR_PVD_IRQHandler                            Debug/stm32f4xx_hal_pwr.o
HAL_RCCEx_DisablePLLI2S                           Debug/stm32f4xx_hal_rcc_ex.o
HAL_RCCEx_EnablePLLI2S                            Debug/stm32f4xx_hal_rcc_ex.o
HAL_RCCEx_GetPeriphCLKConfig                      Debug/stm32f4xx_hal_rcc_ex.o
HAL_RCCEx_GetPeriphCLKFreq                        Debug/stm32f4xx_hal_rcc_ex.o
HAL_RCCEx_PeriphCLKConfig                         Debug/stm32f4xx_hal_rcc_ex.o
HAL_RCCEx_SelectLSEMode                           Debug/stm32f4xx_hal_rcc_ex.o
HAL_RCC_CSSCallback                               Debug/stm32f4xx_hal_rcc.o
HAL_RCC_ClockConfig                               Debug/stm32f4xx_hal_rcc.o
                                                  Debug/main.o
HAL_RCC_DeInit                                    Debug/stm32f4xx_hal_rcc_ex.o
                                                  Debug/stm32f4xx_hal_rcc.o
HAL_RCC_DisableCSS                                Debug/stm32f4xx_hal_rcc.o
HAL_RCC_EnableCSS                                 Debug/stm32f4xx_hal_rcc.o
                                                  Debug/main.o
HAL_RCC_GetClockConfig                            Debug/stm32f4xx_hal_rcc.o
HAL_RCC_GetHCLKFreq                               Debug/stm32f4xx_hal_rcc.o
HAL_RCC_GetOscConfig                              Debug/stm32f4xx_hal_rcc.o
HAL_RCC_GetPCLK1Freq                              Debug/stm32f4xx_hal_rcc.o
                                                  Debug/stm32f4xx_hal_uart.o
HAL_RCC_GetPCLK2Freq                              Debug/stm32f4xx_hal_rcc.o
                                                  Debug/stm32f4xx_hal_uart.o
HAL_RCC_GetSysClockFreq                           Debug/stm32f4xx_hal_rcc.o
HAL_RCC_MCOConfig                                 Debug/stm32f4xx_hal_rcc.o
HAL_RCC_NMI_IRQHandler                            Debug/stm32f4xx_hal_rcc.o
                                                  Debug/stm32f4xx_it.o
HAL_RCC_OscConfig                                 Debug/stm32f4xx_hal_rcc.o
                                                  Debug/main.o
HAL_ResumeTick                                    Debug/stm32f4xx_hal.o
HAL_SYSTICK_CLKSourceConfig                       Debug/stm32f4xx_hal_cortex.o
HAL_SYSTICK_Callback                              Debug/stm32f4xx_hal_cortex.o
HAL_SYSTICK_Config                                Debug/stm32f4xx_hal_cortex.o
                                                  Debug/stm32f4xx_hal.o
HAL_SYSTICK_IRQHandler                            Debug/stm32f4xx_hal_cortex.o
HAL_SetTickFreq                                   Debug/stm32f4xx_hal.o
HAL_SuspendTick                                   Debug/stm32f4xx_hal.o
HAL_UARTEx_ReceiveToIdle                          Debug/stm32f4xx_hal_uart.o
HAL_UARTEx_ReceiveToIdle_DMA                      Debug/stm32f4xx_hal_uart.o
HAL_UARTEx_ReceiveToIdle_IT                       Debug/stm32f4xx_hal_uart.o
HAL_UARTEx_RxEventCallback                        Debug/stm32f4xx_hal_uart.o
HAL_UART_Abort                                    Debug/stm32f4xx_hal_uart.o
HAL_UART_AbortCpltCallback                        Debug/stm32f4xx_hal_uart.o
HAL_UART_AbortReceive                             Debug/stm32f4xx_hal_uart.o
HAL_UART_AbortReceiveCpltCallback                 Debug/stm32f4xx_hal_uart.o
HAL_UART_AbortReceive_IT                          Debug/stm32f4xx_hal_uart.o
HAL_UART_AbortTransmit                            Debug/stm32f4xx_hal_uart.o
HAL_UART_AbortTransmitCpltCallback                Debug/stm32f4xx_hal_uart.o
HAL_UART_AbortTransmit_IT                         Debug/stm32f4xx_hal_uart.o
HAL_UART_Abort_IT                                 Debug/stm32f4xx_hal_uart.o
HAL_UART_DMAPause                                 Debug/stm32f4xx_hal_uart.o
HAL_UART_DMAResume                                Debug/stm32f4xx_hal_uart.o
HAL_UART_DMAStop                                  Debug/stm32f4xx_hal_uart.o
HAL_UART_DeInit                                   Debug/stm32f4xx_hal_uart.o
HAL_UART_ErrorCallback                            Debug/stm32f4xx_hal_uart.o
HAL_UART_GetError                                 Debug/stm32f4xx_hal_uart.o
HAL_UART_GetState                                 Debug/stm32f4xx_hal_uart.o
HAL_UART_IRQHandler                               Debug/stm32f4xx_hal_uart.o
HAL_UART_Init                                     Debug/stm32f4xx_hal_uart.o
                                                  Debug/main.o
HAL_UART_MspDeInit                                Debug/stm32f4xx_hal_msp.o
HAL_UART_MspInit                                  Debug/stm32f4xx_hal_msp.o
HAL_UART_Receive                                  Debug/stm32f4xx_hal_uart.o
HAL_UART_Receive_DMA                              Debug/stm32f4xx_hal_uart.o
HAL_UART_Receive_IT                               Debug/stm32f4xx_hal_uart.o
HAL_UART_RxCpltCallback                           Debug/stm32f4xx_hal_uart.o
HAL_UART_RxHalfCpltCallback                       Debug/stm32f4xx_hal_uart.o
HAL_UART_Transmit                                 Debug/stm32f4xx_hal_uart.o
                                                  Debug/main.o
HAL_UART_Transmit_DMA                             Debug/stm32f4xx_hal_uart.o
HAL_UART_Transmit_IT                              Debug/stm32f4xx_hal_uart.o
HAL_UART_TxCpltCallback                           Debug/stm32f4xx_hal_uart.o
HAL_UART_TxHalfCpltCallback                       Debug/stm32f4xx_hal_uart.o
HardFault_Handler                                 Debug/stm32f4xx_it.o
I2C1_ER_IRQHandler                                Debug/startup_stm32f411ceux.o
I2C1_EV_IRQHandler                                Debug/startup_stm32f411ceux.o
I2C2_ER_IRQHandler                                Debug/startup_stm32f411ceux.o
I2C2_EV_IRQHandler                                Debug/startup_stm32f411ceux.o
I2C3_ER_IRQHandler                                Debug/startup_stm32f411ceux.o
I2C3_EV_IRQHandler                                Debug/startup_stm32f411ceux.o
MemManage_Handler                                 Debug/stm32f4xx_it.o
NMI_Handler                                       Debug/stm32f4xx_it.o
OTG_FS_IRQHandler                                 Debug/startup_stm32f411ceux.o
OTG_FS_WKUP_IRQHandler                            Debug/startup_stm32f411ceux.o
PVD_IRQHandler                                    Debug/startup_stm32f411ceux.o
PendSV_Handler                                    Debug/stm32f4xx_it.o
RCC_IRQHandler                                    Debug/startup_stm32f411ceux.o
RTC_Alarm_IRQHandler                              Debug/startup_stm32f411ceux.o
RTC_WKUP_IRQHandler                               Debug/startup_stm32f411ceux.o
Reset_Handler                                     Debug/startup_stm32f411ceux.o
SDIO_IRQHandler                                   Debug/startup_stm32f411ceux.o
SPI1_IRQHandler                                   Debug/startup_stm32f411ceux.o
SPI2_IRQHandler                                   Debug/startup_stm32f411ceux.o
SPI3_IRQHandler                                   Debug/startup_stm32f411ceux.o
SPI4_IRQHandler                                   Debug/startup_stm32f411ceux.o
SPI5_IRQHandler                                   Debug/startup_stm32f411ceux.o
SVC_Handler                                       Debug/stm32f4xx_it.o
SysTick_Handler                                   Debug/stm32f4xx_it.o
SystemClock_Config                                Debug/main.o
SystemCoreClock                                   Debug/system_stm32f4xx.o
                                                  Debug/stm32f4xx_hal_rcc_ex.o
                                                  Debug/stm32f4xx_hal_rcc.o
                                                  Debug/stm32f4xx_hal_dma.o
                                                  Debug/stm32f4xx_hal.o
SystemCoreClockUpdate                             Debug/system_stm32f4xx.o
SystemInit                                        Debug/system_stm32f4xx.o
                                                  Debug/startup_stm32f411ceux.o
TAMP_STAMP_IRQHandler                             Debug/startup_stm32f411ceux.o
TIM1_BRK_TIM9_IRQHandler                          Debug/startup_stm32f411ceux.o
TIM1_CC_IRQHandler                                Debug/startup_stm32f411ceux.o
TIM1_TRG_COM_TIM11_IRQHandler                     Debug/startup_stm32f411ceux.o
TIM1_UP_TIM10_IRQHandler                          Debug/startup_stm32f411ceux.o
TIM2_IRQHandler                                   Debug/startup_stm32f411ceux.o
TIM3_IRQHandler                                   Debug/startup_stm32f411ceux.o
TIM4_IRQHandler                                   Debug/startup_stm32f411ceux.o
TIM5_IRQHandler                                   Debug/startup_stm32f411ceux.o
Tx_buffer                                         Debug/main.o
UART_Start_Receive_DMA                            Debug/stm32f4xx_hal_uart.o
UART_Start_Receive_IT                             Debug/stm32f4xx_hal_uart.o
USART1_IRQHandler                                 Debug/startup_stm32f411ceux.o
USART2_IRQHandler                                 Debug/startup_stm32f411ceux.o
USART6_IRQHandler                                 Debug/startup_stm32f411ceux.o
UsageFault_Handler                                Debug/stm32f4xx_it.o
WWDG_IRQHandler                                   Debug/startup_stm32f411ceux.o
_Min_Stack_Size                                   Debug/sysmem.o
__aeabi_idiv0                                     c:/st/tools/gcc-arm-none-eabi-10.3-2021.10/bin/../lib/gcc/arm-none-eabi/10.3.1/thumb/v7e-m+fp/hard\libgcc.a(_dvmd_tls.o)
__aeabi_ldiv0                                     c:/st/tools/gcc-arm-none-eabi-10.3-2021.10/bin/../lib/gcc/arm-none-eabi/10.3.1/thumb/v7e-m+fp/hard\libgcc.a(_dvmd_tls.o)
                                                  c:/st/tools/gcc-arm-none-eabi-10.3-2021.10/bin/../lib/gcc/arm-none-eabi/10.3.1/thumb/v7e-m+fp/hard\libgcc.a(_aeabi_uldivmod.o)
__aeabi_uldivmod                                  c:/st/tools/gcc-arm-none-eabi-10.3-2021.10/bin/../lib/gcc/arm-none-eabi/10.3.1/thumb/v7e-m+fp/hard\libgcc.a(_aeabi_uldivmod.o)
                                                  Debug/stm32f4xx_hal_uart.o
                                                  Debug/stm32f4xx_hal_rcc.o
__bss_end__                                       c:/st/tools/gcc-arm-none-eabi-10.3-2021.10/bin/../lib/gcc/arm-none-eabi/10.3.1/../../../../arm-none-eabi/lib/thumb/v7e-m+fp/hard/crt0.o
__bss_start__                                     c:/st/tools/gcc-arm-none-eabi-10.3-2021.10/bin/../lib/gcc/arm-none-eabi/10.3.1/../../../../arm-none-eabi/lib/thumb/v7e-m+fp/hard/crt0.o
__call_exitprocs                                  c:/st/tools/gcc-arm-none-eabi-10.3-2021.10/bin/../lib/gcc/arm-none-eabi/10.3.1/../../../../arm-none-eabi/lib/thumb/v7e-m+fp/hard\libc_nano.a(lib_a-exit.o)
__deregister_frame_info                           c:/st/tools/gcc-arm-none-eabi-10.3-2021.10/bin/../lib/gcc/arm-none-eabi/10.3.1/thumb/v7e-m+fp/hard/crtbegin.o
__dso_handle                                      c:/st/tools/gcc-arm-none-eabi-10.3-2021.10/bin/../lib/gcc/arm-none-eabi/10.3.1/thumb/v7e-m+fp/hard/crtbegin.o
__env                                             Debug/syscalls.o
__errno                                           c:/st/tools/gcc-arm-none-eabi-10.3-2021.10/bin/../lib/gcc/arm-none-eabi/10.3.1/../../../../arm-none-eabi/lib/thumb/v7e-m+fp/hard\libc_nano.a(lib_a-errno.o)
                                                  Debug/sysmem.o
                                                  Debug/syscalls.o
__init_array_end                                  c:/st/tools/gcc-arm-none-eabi-10.3-2021.10/bin/../lib/gcc/arm-none-eabi/10.3.1/../../../../arm-none-eabi/lib/thumb/v7e-m+fp/hard\libc_nano.a(lib_a-init.o)
__init_array_start                                c:/st/tools/gcc-arm-none-eabi-10.3-2021.10/bin/../lib/gcc/arm-none-eabi/10.3.1/../../../../arm-none-eabi/lib/thumb/v7e-m+fp/hard\libc_nano.a(lib_a-init.o)
__io_getchar                                      Debug/syscalls.o
__io_putchar                                      Debug/syscalls.o
__libc_fini_array                                 c:/st/tools/gcc-arm-none-eabi-10.3-2021.10/bin/../lib/gcc/arm-none-eabi/10.3.1/../../../../arm-none-eabi/lib/thumb/v7e-m+fp/hard/crt0.o
__libc_init_array                                 c:/st/tools/gcc-arm-none-eabi-10.3-2021.10/bin/../lib/gcc/arm-none-eabi/10.3.1/../../../../arm-none-eabi/lib/thumb/v7e-m+fp/hard\libc_nano.a(lib_a-init.o)
                                                  Debug/startup_stm32f411ceux.o
                                                  c:/st/tools/gcc-arm-none-eabi-10.3-2021.10/bin/../lib/gcc/arm-none-eabi/10.3.1/../../../../arm-none-eabi/lib/thumb/v7e-m+fp/hard/crt0.o
__lock___arc4random_mutex                         c:/st/tools/gcc-arm-none-eabi-10.3-2021.10/bin/../lib/gcc/arm-none-eabi/10.3.1/../../../../arm-none-eabi/lib/thumb/v7e-m+fp/hard\libc_nano.a(lib_a-lock.o)
__lock___at_quick_exit_mutex                      c:/st/tools/gcc-arm-none-eabi-10.3-2021.10/bin/../lib/gcc/arm-none-eabi/10.3.1/../../../../arm-none-eabi/lib/thumb/v7e-m+fp/hard\libc_nano.a(lib_a-lock.o)
__lock___atexit_recursive_mutex                   c:/st/tools/gcc-arm-none-eabi-10.3-2021.10/bin/../lib/gcc/arm-none-eabi/10.3.1/../../../../arm-none-eabi/lib/thumb/v7e-m+fp/hard\libc_nano.a(lib_a-lock.o)
__lock___dd_hash_mutex                            c:/st/tools/gcc-arm-none-eabi-10.3-2021.10/bin/../lib/gcc/arm-none-eabi/10.3.1/../../../../arm-none-eabi/lib/thumb/v7e-m+fp/hard\libc_nano.a(lib_a-lock.o)
__lock___env_recursive_mutex                      c:/st/tools/gcc-arm-none-eabi-10.3-2021.10/bin/../lib/gcc/arm-none-eabi/10.3.1/../../../../arm-none-eabi/lib/thumb/v7e-m+fp/hard\libc_nano.a(lib_a-lock.o)
__lock___malloc_recursive_mutex                   c:/st/tools/gcc-arm-none-eabi-10.3-2021.10/bin/../lib/gcc/arm-none-eabi/10.3.1/../../../../arm-none-eabi/lib/thumb/v7e-m+fp/hard\libc_nano.a(lib_a-lock.o)
                                                  c:/st/tools/gcc-arm-none-eabi-10.3-2021.10/bin/../lib/gcc/arm-none-eabi/10.3.1/../../../../arm-none-eabi/lib/thumb/v7e-m+fp/hard\libc_nano.a(lib_a-mlock.o)
__lock___sfp_recursive_mutex                      c:/st/tools/gcc-arm-none-eabi-10.3-2021.10/bin/../lib/gcc/arm-none-eabi/10.3.1/../../../../arm-none-eabi/lib/thumb/v7e-m+fp/hard\libc_nano.a(lib_a-lock.o)
__lock___sinit_recursive_mutex                    c:/st/tools/gcc-arm-none-eabi-10.3-2021.10/bin/../lib/gcc/arm-none-eabi/10.3.1/../../../../arm-none-eabi/lib/thumb/v7e-m+fp/hard\libc_nano.a(lib_a-lock.o)
__lock___tz_mutex                                 c:/st/tools/gcc-arm-none-eabi-10.3-2021.10/bin/../lib/gcc/arm-none-eabi/10.3.1/../../../../arm-none-eabi/lib/thumb/v7e-m+fp/hard\libc_nano.a(lib_a-lock.o)
__malloc_free_list                                c:/st/tools/gcc-arm-none-eabi-10.3-2021.10/bin/../lib/gcc/arm-none-eabi/10.3.1/../../../../arm-none-eabi/lib/thumb/v7e-m+fp/hard\libc_nano.a(lib_a-nano-mallocr.o)
                                                  c:/st/tools/gcc-arm-none-eabi-10.3-2021.10/bin/../lib/gcc/arm-none-eabi/10.3.1/../../../../arm-none-eabi/lib/thumb/v7e-m+fp/hard\libc_nano.a(lib_a-nano-freer.o)
__malloc_lock                                     c:/st/tools/gcc-arm-none-eabi-10.3-2021.10/bin/../lib/gcc/arm-none-eabi/10.3.1/../../../../arm-none-eabi/lib/thumb/v7e-m+fp/hard\libc_nano.a(lib_a-mlock.o)
                                                  c:/st/tools/gcc-arm-none-eabi-10.3-2021.10/bin/../lib/gcc/arm-none-eabi/10.3.1/../../../../arm-none-eabi/lib/thumb/v7e-m+fp/hard\libc_nano.a(lib_a-nano-mallocr.o)
                                                  c:/st/tools/gcc-arm-none-eabi-10.3-2021.10/bin/../lib/gcc/arm-none-eabi/10.3.1/../../../../arm-none-eabi/lib/thumb/v7e-m+fp/hard\libc_nano.a(lib_a-nano-freer.o)
__malloc_sbrk_start                               c:/st/tools/gcc-arm-none-eabi-10.3-2021.10/bin/../lib/gcc/arm-none-eabi/10.3.1/../../../../arm-none-eabi/lib/thumb/v7e-m+fp/hard\libc_nano.a(lib_a-nano-mallocr.o)
__malloc_unlock                                   c:/st/tools/gcc-arm-none-eabi-10.3-2021.10/bin/../lib/gcc/arm-none-eabi/10.3.1/../../../../arm-none-eabi/lib/thumb/v7e-m+fp/hard\libc_nano.a(lib_a-mlock.o)
                                                  c:/st/tools/gcc-arm-none-eabi-10.3-2021.10/bin/../lib/gcc/arm-none-eabi/10.3.1/../../../../arm-none-eabi/lib/thumb/v7e-m+fp/hard\libc_nano.a(lib_a-nano-mallocr.o)
                                                  c:/st/tools/gcc-arm-none-eabi-10.3-2021.10/bin/../lib/gcc/arm-none-eabi/10.3.1/../../../../arm-none-eabi/lib/thumb/v7e-m+fp/hard\libc_nano.a(lib_a-nano-freer.o)
__preinit_array_end                               c:/st/tools/gcc-arm-none-eabi-10.3-2021.10/bin/../lib/gcc/arm-none-eabi/10.3.1/../../../../arm-none-eabi/lib/thumb/v7e-m+fp/hard\libc_nano.a(lib_a-init.o)
__preinit_array_start                             c:/st/tools/gcc-arm-none-eabi-10.3-2021.10/bin/../lib/gcc/arm-none-eabi/10.3.1/../../../../arm-none-eabi/lib/thumb/v7e-m+fp/hard\libc_nano.a(lib_a-init.o)
__register_frame_info                             c:/st/tools/gcc-arm-none-eabi-10.3-2021.10/bin/../lib/gcc/arm-none-eabi/10.3.1/thumb/v7e-m+fp/hard/crtbegin.o
__retarget_lock_acquire                           c:/st/tools/gcc-arm-none-eabi-10.3-2021.10/bin/../lib/gcc/arm-none-eabi/10.3.1/../../../../arm-none-eabi/lib/thumb/v7e-m+fp/hard\libc_nano.a(lib_a-lock.o)
__retarget_lock_acquire_recursive                 c:/st/tools/gcc-arm-none-eabi-10.3-2021.10/bin/../lib/gcc/arm-none-eabi/10.3.1/../../../../arm-none-eabi/lib/thumb/v7e-m+fp/hard\libc_nano.a(lib_a-lock.o)
                                                  c:/st/tools/gcc-arm-none-eabi-10.3-2021.10/bin/../lib/gcc/arm-none-eabi/10.3.1/../../../../arm-none-eabi/lib/thumb/v7e-m+fp/hard\libc_nano.a(lib_a-mlock.o)
__retarget_lock_close                             c:/st/tools/gcc-arm-none-eabi-10.3-2021.10/bin/../lib/gcc/arm-none-eabi/10.3.1/../../../../arm-none-eabi/lib/thumb/v7e-m+fp/hard\libc_nano.a(lib_a-lock.o)
__retarget_lock_close_recursive                   c:/st/tools/gcc-arm-none-eabi-10.3-2021.10/bin/../lib/gcc/arm-none-eabi/10.3.1/../../../../arm-none-eabi/lib/thumb/v7e-m+fp/hard\libc_nano.a(lib_a-lock.o)
__retarget_lock_init                              c:/st/tools/gcc-arm-none-eabi-10.3-2021.10/bin/../lib/gcc/arm-none-eabi/10.3.1/../../../../arm-none-eabi/lib/thumb/v7e-m+fp/hard\libc_nano.a(lib_a-lock.o)
__retarget_lock_init_recursive                    c:/st/tools/gcc-arm-none-eabi-10.3-2021.10/bin/../lib/gcc/arm-none-eabi/10.3.1/../../../../arm-none-eabi/lib/thumb/v7e-m+fp/hard\libc_nano.a(lib_a-lock.o)
__retarget_lock_release                           c:/st/tools/gcc-arm-none-eabi-10.3-2021.10/bin/../lib/gcc/arm-none-eabi/10.3.1/../../../../arm-none-eabi/lib/thumb/v7e-m+fp/hard\libc_nano.a(lib_a-lock.o)
__retarget_lock_release_recursive                 c:/st/tools/gcc-arm-none-eabi-10.3-2021.10/bin/../lib/gcc/arm-none-eabi/10.3.1/../../../../arm-none-eabi/lib/thumb/v7e-m+fp/hard\libc_nano.a(lib_a-lock.o)
                                                  c:/st/tools/gcc-arm-none-eabi-10.3-2021.10/bin/../lib/gcc/arm-none-eabi/10.3.1/../../../../arm-none-eabi/lib/thumb/v7e-m+fp/hard\libc_nano.a(lib_a-mlock.o)
__retarget_lock_try_acquire                       c:/st/tools/gcc-arm-none-eabi-10.3-2021.10/bin/../lib/gcc/arm-none-eabi/10.3.1/../../../../arm-none-eabi/lib/thumb/v7e-m+fp/hard\libc_nano.a(lib_a-lock.o)
__retarget_lock_try_acquire_recursive             c:/st/tools/gcc-arm-none-eabi-10.3-2021.10/bin/../lib/gcc/arm-none-eabi/10.3.1/../../../../arm-none-eabi/lib/thumb/v7e-m+fp/hard\libc_nano.a(lib_a-lock.o)
__sf_fake_stderr                                  c:/st/tools/gcc-arm-none-eabi-10.3-2021.10/bin/../lib/gcc/arm-none-eabi/10.3.1/../../../../arm-none-eabi/lib/thumb/v7e-m+fp/hard\libc_nano.a(lib_a-impure.o)
__sf_fake_stdin                                   c:/st/tools/gcc-arm-none-eabi-10.3-2021.10/bin/../lib/gcc/arm-none-eabi/10.3.1/../../../../arm-none-eabi/lib/thumb/v7e-m+fp/hard\libc_nano.a(lib_a-impure.o)
__sf_fake_stdout                                  c:/st/tools/gcc-arm-none-eabi-10.3-2021.10/bin/../lib/gcc/arm-none-eabi/10.3.1/../../../../arm-none-eabi/lib/thumb/v7e-m+fp/hard\libc_nano.a(lib_a-impure.o)
__ssprint_r                                       c:/st/tools/gcc-arm-none-eabi-10.3-2021.10/bin/../lib/gcc/arm-none-eabi/10.3.1/../../../../arm-none-eabi/lib/thumb/v7e-m+fp/hard\libc_nano.a(lib_a-nano-svfprintf.o)
__ssputs_r                                        c:/st/tools/gcc-arm-none-eabi-10.3-2021.10/bin/../lib/gcc/arm-none-eabi/10.3.1/../../../../arm-none-eabi/lib/thumb/v7e-m+fp/hard\libc_nano.a(lib_a-nano-svfprintf.o)
__stack                                           c:/st/tools/gcc-arm-none-eabi-10.3-2021.10/bin/../lib/gcc/arm-none-eabi/10.3.1/../../../../arm-none-eabi/lib/thumb/v7e-m+fp/hard/crt0.o
__udivmoddi4                                      c:/st/tools/gcc-arm-none-eabi-10.3-2021.10/bin/../lib/gcc/arm-none-eabi/10.3.1/thumb/v7e-m+fp/hard\libgcc.a(_udivmoddi4.o)
                                                  c:/st/tools/gcc-arm-none-eabi-10.3-2021.10/bin/../lib/gcc/arm-none-eabi/10.3.1/thumb/v7e-m+fp/hard\libgcc.a(_aeabi_uldivmod.o)
_close                                            Debug/syscalls.o
_ebss                                             Debug/startup_stm32f411ceux.o
_edata                                            Debug/startup_stm32f411ceux.o
_end                                              Debug/sysmem.o
_estack                                           Debug/startup_stm32f411ceux.o
                                                  Debug/sysmem.o
_execve                                           Debug/syscalls.o
_exit                                             Debug/syscalls.o
                                                  c:/st/tools/gcc-arm-none-eabi-10.3-2021.10/bin/../lib/gcc/arm-none-eabi/10.3.1/../../../../arm-none-eabi/lib/thumb/v7e-m+fp/hard\libc_nano.a(lib_a-exit.o)
_fini                                             c:/st/tools/gcc-arm-none-eabi-10.3-2021.10/bin/../lib/gcc/arm-none-eabi/10.3.1/thumb/v7e-m+fp/hard/crti.o
_fork                                             Debug/syscalls.o
_free_r                                           c:/st/tools/gcc-arm-none-eabi-10.3-2021.10/bin/../lib/gcc/arm-none-eabi/10.3.1/../../../../arm-none-eabi/lib/thumb/v7e-m+fp/hard\libc_nano.a(lib_a-nano-freer.o)
                                                  c:/st/tools/gcc-arm-none-eabi-10.3-2021.10/bin/../lib/gcc/arm-none-eabi/10.3.1/../../../../arm-none-eabi/lib/thumb/v7e-m+fp/hard\libc_nano.a(lib_a-reent.o)
                                                  c:/st/tools/gcc-arm-none-eabi-10.3-2021.10/bin/../lib/gcc/arm-none-eabi/10.3.1/../../../../arm-none-eabi/lib/thumb/v7e-m+fp/hard\libc_nano.a(lib_a-nano-reallocr.o)
                                                  c:/st/tools/gcc-arm-none-eabi-10.3-2021.10/bin/../lib/gcc/arm-none-eabi/10.3.1/../../../../arm-none-eabi/lib/thumb/v7e-m+fp/hard\libc_nano.a(lib_a-nano-svfprintf.o)
_fstat                                            Debug/syscalls.o
_getpid                                           Debug/syscalls.o
_global_impure_ptr                                c:/st/tools/gcc-arm-none-eabi-10.3-2021.10/bin/../lib/gcc/arm-none-eabi/10.3.1/../../../../arm-none-eabi/lib/thumb/v7e-m+fp/hard\libc_nano.a(lib_a-impure.o)
                                                  c:/st/tools/gcc-arm-none-eabi-10.3-2021.10/bin/../lib/gcc/arm-none-eabi/10.3.1/../../../../arm-none-eabi/lib/thumb/v7e-m+fp/hard\libc_nano.a(lib_a-exit.o)
_impure_ptr                                       c:/st/tools/gcc-arm-none-eabi-10.3-2021.10/bin/../lib/gcc/arm-none-eabi/10.3.1/../../../../arm-none-eabi/lib/thumb/v7e-m+fp/hard\libc_nano.a(lib_a-impure.o)
                                                  c:/st/tools/gcc-arm-none-eabi-10.3-2021.10/bin/../lib/gcc/arm-none-eabi/10.3.1/../../../../arm-none-eabi/lib/thumb/v7e-m+fp/hard\libc_nano.a(lib_a-reent.o)
                                                  c:/st/tools/gcc-arm-none-eabi-10.3-2021.10/bin/../lib/gcc/arm-none-eabi/10.3.1/../../../../arm-none-eabi/lib/thumb/v7e-m+fp/hard\libc_nano.a(lib_a-sprintf.o)
                                                  c:/st/tools/gcc-arm-none-eabi-10.3-2021.10/bin/../lib/gcc/arm-none-eabi/10.3.1/../../../../arm-none-eabi/lib/thumb/v7e-m+fp/hard\libc_nano.a(lib_a-errno.o)
_init                                             c:/st/tools/gcc-arm-none-eabi-10.3-2021.10/bin/../lib/gcc/arm-none-eabi/10.3.1/thumb/v7e-m+fp/hard/crti.o
                                                  c:/st/tools/gcc-arm-none-eabi-10.3-2021.10/bin/../lib/gcc/arm-none-eabi/10.3.1/../../../../arm-none-eabi/lib/thumb/v7e-m+fp/hard\libc_nano.a(lib_a-init.o)
_isatty                                           Debug/syscalls.o
_kill                                             Debug/syscalls.o
_link                                             Debug/syscalls.o
_lseek                                            Debug/syscalls.o
_mainCRTStartup                                   c:/st/tools/gcc-arm-none-eabi-10.3-2021.10/bin/../lib/gcc/arm-none-eabi/10.3.1/../../../../arm-none-eabi/lib/thumb/v7e-m+fp/hard/crt0.o
_malloc_r                                         c:/st/tools/gcc-arm-none-eabi-10.3-2021.10/bin/../lib/gcc/arm-none-eabi/10.3.1/../../../../arm-none-eabi/lib/thumb/v7e-m+fp/hard\libc_nano.a(lib_a-nano-mallocr.o)
                                                  c:/st/tools/gcc-arm-none-eabi-10.3-2021.10/bin/../lib/gcc/arm-none-eabi/10.3.1/../../../../arm-none-eabi/lib/thumb/v7e-m+fp/hard\libc_nano.a(lib_a-nano-reallocr.o)
                                                  c:/st/tools/gcc-arm-none-eabi-10.3-2021.10/bin/../lib/gcc/arm-none-eabi/10.3.1/../../../../arm-none-eabi/lib/thumb/v7e-m+fp/hard\libc_nano.a(lib_a-nano-svfprintf.o)
_malloc_usable_size_r                             c:/st/tools/gcc-arm-none-eabi-10.3-2021.10/bin/../lib/gcc/arm-none-eabi/10.3.1/../../../../arm-none-eabi/lib/thumb/v7e-m+fp/hard\libc_nano.a(lib_a-nano-msizer.o)
                                                  c:/st/tools/gcc-arm-none-eabi-10.3-2021.10/bin/../lib/gcc/arm-none-eabi/10.3.1/../../../../arm-none-eabi/lib/thumb/v7e-m+fp/hard\libc_nano.a(lib_a-nano-reallocr.o)
_open                                             Debug/syscalls.o
_printf_common                                    c:/st/tools/gcc-arm-none-eabi-10.3-2021.10/bin/../lib/gcc/arm-none-eabi/10.3.1/../../../../arm-none-eabi/lib/thumb/v7e-m+fp/hard\libc_nano.a(lib_a-nano-vfprintf_i.o)
_printf_float                                     c:/st/tools/gcc-arm-none-eabi-10.3-2021.10/bin/../lib/gcc/arm-none-eabi/10.3.1/../../../../arm-none-eabi/lib/thumb/v7e-m+fp/hard\libc_nano.a(lib_a-nano-svfprintf.o)
_printf_i                                         c:/st/tools/gcc-arm-none-eabi-10.3-2021.10/bin/../lib/gcc/arm-none-eabi/10.3.1/../../../../arm-none-eabi/lib/thumb/v7e-m+fp/hard\libc_nano.a(lib_a-nano-vfprintf_i.o)
                                                  c:/st/tools/gcc-arm-none-eabi-10.3-2021.10/bin/../lib/gcc/arm-none-eabi/10.3.1/../../../../arm-none-eabi/lib/thumb/v7e-m+fp/hard\libc_nano.a(lib_a-nano-svfprintf.o)
_read                                             Debug/syscalls.o
_realloc_r                                        c:/st/tools/gcc-arm-none-eabi-10.3-2021.10/bin/../lib/gcc/arm-none-eabi/10.3.1/../../../../arm-none-eabi/lib/thumb/v7e-m+fp/hard\libc_nano.a(lib_a-nano-reallocr.o)
                                                  c:/st/tools/gcc-arm-none-eabi-10.3-2021.10/bin/../lib/gcc/arm-none-eabi/10.3.1/../../../../arm-none-eabi/lib/thumb/v7e-m+fp/hard\libc_nano.a(lib_a-nano-svfprintf.o)
_reclaim_reent                                    c:/st/tools/gcc-arm-none-eabi-10.3-2021.10/bin/../lib/gcc/arm-none-eabi/10.3.1/../../../../arm-none-eabi/lib/thumb/v7e-m+fp/hard\libc_nano.a(lib_a-reent.o)
_sbrk                                             Debug/sysmem.o
                                                  c:/st/tools/gcc-arm-none-eabi-10.3-2021.10/bin/../lib/gcc/arm-none-eabi/10.3.1/../../../../arm-none-eabi/lib/thumb/v7e-m+fp/hard\libc_nano.a(lib_a-sbrkr.o)
_sbrk_r                                           c:/st/tools/gcc-arm-none-eabi-10.3-2021.10/bin/../lib/gcc/arm-none-eabi/10.3.1/../../../../arm-none-eabi/lib/thumb/v7e-m+fp/hard\libc_nano.a(lib_a-sbrkr.o)
                                                  c:/st/tools/gcc-arm-none-eabi-10.3-2021.10/bin/../lib/gcc/arm-none-eabi/10.3.1/../../../../arm-none-eabi/lib/thumb/v7e-m+fp/hard\libc_nano.a(lib_a-nano-mallocr.o)
_sbss                                             Debug/startup_stm32f411ceux.o
_sdata                                            Debug/startup_stm32f411ceux.o
_sidata                                           Debug/startup_stm32f411ceux.o
_siprintf_r                                       c:/st/tools/gcc-arm-none-eabi-10.3-2021.10/bin/../lib/gcc/arm-none-eabi/10.3.1/../../../../arm-none-eabi/lib/thumb/v7e-m+fp/hard\libc_nano.a(lib_a-sprintf.o)
_sprintf_r                                        c:/st/tools/gcc-arm-none-eabi-10.3-2021.10/bin/../lib/gcc/arm-none-eabi/10.3.1/../../../../arm-none-eabi/lib/thumb/v7e-m+fp/hard\libc_nano.a(lib_a-sprintf.o)
_stack_init                                       c:/st/tools/gcc-arm-none-eabi-10.3-2021.10/bin/../lib/gcc/arm-none-eabi/10.3.1/../../../../arm-none-eabi/lib/thumb/v7e-m+fp/hard/crt0.o
_start                                            c:/st/tools/gcc-arm-none-eabi-10.3-2021.10/bin/../lib/gcc/arm-none-eabi/10.3.1/../../../../arm-none-eabi/lib/thumb/v7e-m+fp/hard/crt0.o
_stat                                             Debug/syscalls.o
_svfiprintf_r                                     c:/st/tools/gcc-arm-none-eabi-10.3-2021.10/bin/../lib/gcc/arm-none-eabi/10.3.1/../../../../arm-none-eabi/lib/thumb/v7e-m+fp/hard\libc_nano.a(lib_a-nano-svfprintf.o)
_svfprintf_r                                      c:/st/tools/gcc-arm-none-eabi-10.3-2021.10/bin/../lib/gcc/arm-none-eabi/10.3.1/../../../../arm-none-eabi/lib/thumb/v7e-m+fp/hard\libc_nano.a(lib_a-nano-svfprintf.o)
                                                  c:/st/tools/gcc-arm-none-eabi-10.3-2021.10/bin/../lib/gcc/arm-none-eabi/10.3.1/../../../../arm-none-eabi/lib/thumb/v7e-m+fp/hard\libc_nano.a(lib_a-sprintf.o)
_times                                            Debug/syscalls.o
_unlink                                           Debug/syscalls.o
_wait                                             Debug/syscalls.o
_write                                            Debug/syscalls.o
atexit                                            c:/st/tools/gcc-arm-none-eabi-10.3-2021.10/bin/../lib/gcc/arm-none-eabi/10.3.1/../../../../arm-none-eabi/lib/thumb/v7e-m+fp/hard/crt0.o